short   string                                                             short      string                                                             integer      integer        short           short        
SCOPE   COLUMN_NAME                                                        DATA_TYPE  TYPE_NAME                                                          COLUMN_SIZE  BUFFER_LENGTH  DECIMAL_DIGITS  PSEUDO_COLUMN
Row Count : 0
getColumnName   getColumnType  getCatalogName  getColumnClassName  getColumnLabel  getColumnTypeName  getSchemaName  getTableName  getColumnDisplaySize  getPrecision  getScale  isAutoIncrement  isCaseSensitive  isCurrency  isDefinitelyWritable  isNullable  isReadOnly  isSearchable  isSigned  isWritable  
SCOPE           5              QT_Ora9DS       java.lang.Short     SCOPE           short              <null>         <null>        6                     5             0         false            false            false       false                 0           true        false         false     false       
COLUMN_NAME     12             QT_Ora9DS       java.lang.String    COLUMN_NAME     string             <null>         <null>        4000                  4000          0         false            false            false       false                 0           true        false         false     false       
DATA_TYPE       5              QT_Ora9DS       java.lang.Short     DATA_TYPE       short              <null>         <null>        6                     5             0         false            false            false       false                 0           true        false         false     false       
TYPE_NAME       12             QT_Ora9DS       java.lang.String    TYPE_NAME       string             <null>         <null>        4000                  4000          0         false            false            false       false                 0           true        false         false     false       
COLUMN_SIZE     4              QT_Ora9DS       java.lang.Integer   COLUMN_SIZE     integer            <null>         <null>        11                    10            0         false            false            false       false                 0           true        false         false     false       
BUFFER_LENGTH   4              QT_Ora9DS       java.lang.Integer   BUFFER_LENGTH   integer            <null>         <null>        11                    10            0         false            false            false       false                 1           true        false         false     false       
DECIMAL_DIGITS  5              QT_Ora9DS       java.lang.Short     DECIMAL_DIGITS  short              <null>         <null>        6                     5             0         false            false            false       false                 0           true        false         false     false       
PSEUDO_COLUMN   5              QT_Ora9DS       java.lang.Short     PSEUDO_COLUMN   short              <null>         <null>        6                     5             0         false            false            false       false                 0           true        false         false     false       
short   string                                                             short      string                                                             integer      integer        short           short        
SCOPE   COLUMN_NAME                                                        DATA_TYPE  TYPE_NAME                                                          COLUMN_SIZE  BUFFER_LENGTH  DECIMAL_DIGITS  PSEUDO_COLUMN
Row Count : 0
getColumnName   getColumnType  getCatalogName  getColumnClassName  getColumnLabel  getColumnTypeName  getSchemaName  getTableName  getColumnDisplaySize  getPrecision  getScale  isAutoIncrement  isCaseSensitive  isCurrency  isDefinitelyWritable  isNullable  isReadOnly  isSearchable  isSigned  isWritable  
SCOPE           5              QT_Ora9DS       java.lang.Short     SCOPE           short              <null>         <null>        6                     5             0         false            false            false       false                 0           true        false         false     false       
COLUMN_NAME     12             QT_Ora9DS       java.lang.String    COLUMN_NAME     string             <null>         <null>        4000                  4000          0         false            false            false       false                 0           true        false         false     false       
DATA_TYPE       5              QT_Ora9DS       java.lang.Short     DATA_TYPE       short              <null>         <null>        6                     5             0         false            false            false       false                 0           true        false         false     false       
TYPE_NAME       12             QT_Ora9DS       java.lang.String    TYPE_NAME       string             <null>         <null>        4000                  4000          0         false            false            false       false                 0           true        false         false     false       
COLUMN_SIZE     4              QT_Ora9DS       java.lang.Integer   COLUMN_SIZE     integer            <null>         <null>        11                    10            0         false            false            false       false                 0           true        false         false     false       
BUFFER_LENGTH   4              QT_Ora9DS       java.lang.Integer   BUFFER_LENGTH   integer            <null>         <null>        11                    10            0         false            false            false       false                 1           true        false         false     false       
DECIMAL_DIGITS  5              QT_Ora9DS       java.lang.Short     DECIMAL_DIGITS  short              <null>         <null>        6                     5             0         false            false            false       false                 0           true        false         false     false       
PSEUDO_COLUMN   5              QT_Ora9DS       java.lang.Short     PSEUDO_COLUMN   short              <null>         <null>        6                     5             0         false            false            false       false                 0           true        false         false     false       
short   string                                                             short      string                                                             integer      integer        short           short        
SCOPE   COLUMN_NAME                                                        DATA_TYPE  TYPE_NAME                                                          COLUMN_SIZE  BUFFER_LENGTH  DECIMAL_DIGITS  PSEUDO_COLUMN
Row Count : 0
getColumnName   getColumnType  getCatalogName  getColumnClassName  getColumnLabel  getColumnTypeName  getSchemaName  getTableName  getColumnDisplaySize  getPrecision  getScale  isAutoIncrement  isCaseSensitive  isCurrency  isDefinitelyWritable  isNullable  isReadOnly  isSearchable  isSigned  isWritable  
SCOPE           5              QT_Ora9DS       java.lang.Short     SCOPE           short              <null>         <null>        6                     5             0         false            false            false       false                 0           true        false         false     false       
COLUMN_NAME     12             QT_Ora9DS       java.lang.String    COLUMN_NAME     string             <null>         <null>        4000                  4000          0         false            false            false       false                 0           true        false         false     false       
DATA_TYPE       5              QT_Ora9DS       java.lang.Short     DATA_TYPE       short              <null>         <null>        6                     5             0         false            false            false       false                 0           true        false         false     false       
TYPE_NAME       12             QT_Ora9DS       java.lang.String    TYPE_NAME       string             <null>         <null>        4000                  4000          0         false            false            false       false                 0           true        false         false     false       
COLUMN_SIZE     4              QT_Ora9DS       java.lang.Integer   COLUMN_SIZE     integer            <null>         <null>        11                    10            0         false            false            false       false                 0           true        false         false     false       
BUFFER_LENGTH   4              QT_Ora9DS       java.lang.Integer   BUFFER_LENGTH   integer            <null>         <null>        11                    10            0         false            false            false       false                 1           true        false         false     false       
DECIMAL_DIGITS  5              QT_Ora9DS       java.lang.Short     DECIMAL_DIGITS  short              <null>         <null>        6                     5             0         false            false            false       false                 0           true        false         false     false       
PSEUDO_COLUMN   5              QT_Ora9DS       java.lang.Short     PSEUDO_COLUMN   short              <null>         <null>        6                     5             0         false            false            false       false                 0           true        false         false     false       
