string                                                             string                                                             string                                                             string                                                             string                                                             string    string      string     string                     string          boolean   
TABLE_CAT                                                          TABLE_SCHEM                                                        TABLE_NAME                                                         TABLE_TYPE                                                         REMARKS                                                            TYPE_CAT  TYPE_SCHEM  TYPE_NAME  SELF_REFERENCING_COL_NAME  REF_GENERATION  ISPHYSICAL
Row Count : 0
getColumnName              getColumnType  getCatalogName  getColumnClassName  getColumnLabel             getColumnTypeName  getSchemaName  getTableName  getColumnDisplaySize  getPrecision  getScale  isAutoIncrement  isCaseSensitive  isCurrency  isDefinitelyWritable  isNullable  isReadOnly  isSearchable  isSigned  isWritable  
VDBName                    12             QT_Ora9DS       java.lang.String    TABLE_CAT                  string             SYS            Tables        255                   255           0         false            true             false       false                 1           true        true          false     false       
SchemaName                 12             QT_Ora9DS       java.lang.String    TABLE_SCHEM                string             SYS            Tables        255                   255           0         false            true             false       false                 1           true        true          false     false       
Name                       12             QT_Ora9DS       java.lang.String    TABLE_NAME                 string             SYS            Tables        255                   255           0         false            true             false       false                 0           true        true          false     false       
TABLE_TYPE                 12             QT_Ora9DS       java.lang.String    TABLE_TYPE                 string             <null>         <null>        4000                  4000          0         false            true             false       true                  1           false       true          true      true        
Description                12             QT_Ora9DS       java.lang.String    REMARKS                    string             SYS            Tables        255                   255           0         false            true             false       false                 1           true        true          false     false       
TYPE_CAT                   12             QT_Ora9DS       java.lang.String    TYPE_CAT                   string             <null>         <null>        1                     1             0         false            true             false       true                  1           false       true          true      true        
TYPE_SCHEM                 12             QT_Ora9DS       java.lang.String    TYPE_SCHEM                 string             <null>         <null>        1                     1             0         false            true             false       true                  1           false       true          true      true        
TYPE_NAME                  12             QT_Ora9DS       java.lang.String    TYPE_NAME                  string             <null>         <null>        1                     1             0         false            true             false       true                  1           false       true          true      true        
SELF_REFERENCING_COL_NAME  12             QT_Ora9DS       java.lang.String    SELF_REFERENCING_COL_NAME  string             <null>         <null>        1                     1             0         false            true             false       true                  1           false       true          true      true        
REF_GENERATION             12             QT_Ora9DS       java.lang.String    REF_GENERATION             string             <null>         <null>        1                     1             0         false            true             false       true                  1           false       true          true      true        
IsPhysical                 -7             QT_Ora9DS       java.lang.Boolean   ISPHYSICAL                 boolean            SYS            Tables        5                     1             0         false            false            false       false                 0           true        true          false     false       
