string                                                             string                                                             string                                                             string                                                             short    string                                                           
TABLE_CAT                                                          TABLE_SCHEM                                                        TABLE_NAME                                                         COLUMN_NAME                                                        KEY_SEQ  PK_NAME                                                          
QT_Ora9DS                                                          BQT1                                                               SmallA                                                             IntKey                                                             1        PK_SmallA                                                        
Row Count : 1
getColumnName  getColumnType  getCatalogName  getColumnClassName  getColumnLabel  getColumnTypeName  getSchemaName  getTableName  getColumnDisplaySize  getPrecision  getScale  isAutoIncrement  isCaseSensitive  isCurrency  isDefinitelyWritable  isNullable  isReadOnly  isSearchable  isSigned  isWritable  
VDBName        12             QT_Ora9DS       java.lang.String    TABLE_CAT       string             SYS            KeyColumns    255                   255           0         false            true             false       false                 0           true        true          false     false       
SchemaName     12             QT_Ora9DS       java.lang.String    TABLE_SCHEM     string             SYS            KeyColumns    255                   255           0         false            true             false       false                 1           true        true          false     false       
TableName      12             QT_Ora9DS       java.lang.String    TABLE_NAME      string             SYS            KeyColumns    2048                  2048          0         false            true             false       false                 0           true        true          false     false       
Name           12             QT_Ora9DS       java.lang.String    COLUMN_NAME     string             SYS            KeyColumns    255                   255           0         false            true             false       false                 0           true        true          false     false       
KEY_SEQ        5              QT_Ora9DS       java.lang.Short     KEY_SEQ         short              <null>         <null>        6                     5             0         false            true             false       true                  1           false       true          true      true        
KeyName        12             QT_Ora9DS       java.lang.String    PK_NAME         string             SYS            KeyColumns    255                   255           0         false            true             false       false                 1           true        true          false     false       
string                                                             string                                                             string                                                             string                                                             short    string                                                           
TABLE_CAT                                                          TABLE_SCHEM                                                        TABLE_NAME                                                         COLUMN_NAME                                                        KEY_SEQ  PK_NAME                                                          
Row Count : 0
getColumnName  getColumnType  getCatalogName  getColumnClassName  getColumnLabel  getColumnTypeName  getSchemaName  getTableName  getColumnDisplaySize  getPrecision  getScale  isAutoIncrement  isCaseSensitive  isCurrency  isDefinitelyWritable  isNullable  isReadOnly  isSearchable  isSigned  isWritable  
VDBName        12             QT_Ora9DS       java.lang.String    TABLE_CAT       string             SYS            KeyColumns    255                   255           0         false            true             false       false                 0           true        true          false     false       
SchemaName     12             QT_Ora9DS       java.lang.String    TABLE_SCHEM     string             SYS            KeyColumns    255                   255           0         false            true             false       false                 1           true        true          false     false       
TableName      12             QT_Ora9DS       java.lang.String    TABLE_NAME      string             SYS            KeyColumns    2048                  2048          0         false            true             false       false                 0           true        true          false     false       
Name           12             QT_Ora9DS       java.lang.String    COLUMN_NAME     string             SYS            KeyColumns    255                   255           0         false            true             false       false                 0           true        true          false     false       
KEY_SEQ        5              QT_Ora9DS       java.lang.Short     KEY_SEQ         short              <null>         <null>        6                     5             0         false            true             false       true                  1           false       true          true      true        
KeyName        12             QT_Ora9DS       java.lang.String    PK_NAME         string             SYS            KeyColumns    255                   255           0         false            true             false       false                 1           true        true          false     false       
string                                                             string                                                             string                                                             string                                                             short    string                                                           
TABLE_CAT                                                          TABLE_SCHEM                                                        TABLE_NAME                                                         COLUMN_NAME                                                        KEY_SEQ  PK_NAME                                                          
Row Count : 0
getColumnName  getColumnType  getCatalogName  getColumnClassName  getColumnLabel  getColumnTypeName  getSchemaName  getTableName  getColumnDisplaySize  getPrecision  getScale  isAutoIncrement  isCaseSensitive  isCurrency  isDefinitelyWritable  isNullable  isReadOnly  isSearchable  isSigned  isWritable  
VDBName        12             QT_Ora9DS       java.lang.String    TABLE_CAT       string             SYS            KeyColumns    255                   255           0         false            true             false       false                 0           true        true          false     false       
SchemaName     12             QT_Ora9DS       java.lang.String    TABLE_SCHEM     string             SYS            KeyColumns    255                   255           0         false            true             false       false                 1           true        true          false     false       
TableName      12             QT_Ora9DS       java.lang.String    TABLE_NAME      string             SYS            KeyColumns    2048                  2048          0         false            true             false       false                 0           true        true          false     false       
Name           12             QT_Ora9DS       java.lang.String    COLUMN_NAME     string             SYS            KeyColumns    255                   255           0         false            true             false       false                 0           true        true          false     false       
KEY_SEQ        5              QT_Ora9DS       java.lang.Short     KEY_SEQ         short              <null>         <null>        6                     5             0         false            true             false       true                  1           false       true          true      true        
KeyName        12             QT_Ora9DS       java.lang.String    PK_NAME         string             SYS            KeyColumns    255                   255           0         false            true             false       false                 1           true        true          false     false       
