string                                                             string                                                             string                                                             string                                                             string                                              string                                              string                                              clob                                                               string                                            
VDBName                                                            SchemaName                                                         TableName                                                          Name                                                               TriggerType                                         TriggerEvent                                        Status                                              Body                                                               TableUID                                          
test3                                                              x                                                                  t                                                                  tr                                                                 AFTER                                               INSERT                                              ENABLED                                             Clob[79]                                                           tid:0018ab365a38-c8eb616e-00000000                
test3                                                              x                                                                  t                                                                  tr1                                                                AFTER                                               UPDATE                                              ENABLED                                             Clob[96]                                                           tid:0018ab365a38-c8eb616e-00000000                
Row Count : 2
getColumnName  getColumnType  getCatalogName  getColumnClassName  getColumnLabel  getColumnTypeName  getSchemaName  getTableName  getColumnDisplaySize  getPrecision  getScale  isAutoIncrement  isCaseSensitive  isCurrency  isDefinitelyWritable  isNullable  isReadOnly  isSearchable  isSigned  isWritable  
VDBName        12             test3           java.lang.String    VDBName         string             SYSADMIN       Triggers      255                   255           0         false            true             false       false                 0           true        true          false     false       
SchemaName     12             test3           java.lang.String    SchemaName      string             SYSADMIN       Triggers      255                   255           0         false            true             false       false                 0           true        true          false     false       
TableName      12             test3           java.lang.String    TableName       string             SYSADMIN       Triggers      255                   255           0         false            true             false       false                 0           true        true          false     false       
Name           12             test3           java.lang.String    Name            string             SYSADMIN       Triggers      255                   255           0         false            true             false       false                 0           true        true          false     false       
TriggerType    12             test3           java.lang.String    TriggerType     string             SYSADMIN       Triggers      50                    50            0         false            true             false       false                 0           true        true          false     false       
TriggerEvent   12             test3           java.lang.String    TriggerEvent    string             SYSADMIN       Triggers      50                    50            0         false            true             false       false                 0           true        true          false     false       
Status         12             test3           java.lang.String    Status          string             SYSADMIN       Triggers      50                    50            0         false            true             false       false                 0           true        true          false     false       
Body           2005           test3           java.sql.Clob       Body            clob               SYSADMIN       Triggers      2097152               2097152       0         false            true             false       false                 1           true        true          false     false       
TableUID       12             test3           java.lang.String    TableUID        string             SYSADMIN       Triggers      50                    50            0         false            true             false       false                 0           true        true          false     false       
