string                                                             long                  clob                                                               string                                                           
VDBName                                                            ExecutionId           Command                                                            TransactionId                                                    
PartsSupplier                                                      0                     Clob[74]                                                           <null>                                                           
Row Count : 1
getColumnName  getColumnType  getCatalogName  getColumnClassName  getColumnLabel  getColumnTypeName  getSchemaName  getTableName  getColumnDisplaySize  getPrecision  getScale  isAutoIncrement  isCaseSensitive  isCurrency  isDefinitelyWritable  isNullable  isReadOnly  isSearchable  isSigned  isWritable  
VDBName        12             PartsSupplier   java.lang.String    VDBName         string             SYSADMIN       REQUESTS      255                   255           0         false            true             false       false                 0           true        true          false     false       
ExecutionId    -5             PartsSupplier   java.lang.Long      ExecutionId     long               SYSADMIN       REQUESTS      20                    19            0         false            false            false       false                 0           true        true          true      false       
Command        2005           PartsSupplier   java.sql.Clob       Command         clob               SYSADMIN       REQUESTS      2147483647            2147483647    0         false            true             false       false                 0           true        true          false     false       
TransactionId  12             PartsSupplier   java.lang.String    TransactionId   string             SYSADMIN       REQUESTS      255                   255           0         false            true             false       false                 1           true        true          false     false       
