string[]                                                         
expr1                                                            
[PARTSSUPPLIER.PARTS, PARTSSUPPLIER.SHIP_VIA, PARTSSUPPLIER.STATU$ 
Row Count : 1
getColumnName  getColumnType  getCatalogName  getColumnClassName  getColumnLabel  getColumnTypeName  getSchemaName  getTableName  getColumnDisplaySize  getPrecision  getScale  isAutoIncrement  isCaseSensitive  isCurrency  isDefinitelyWritable  isNullable  isReadOnly  isSearchable  isSigned  isWritable  
expr1          2003           PartsSupplier   java.sql.Array      expr1           string[]           <null>         <null>        2147483647            0             0         false            true             false       true                  1           false       true          true      true        
