string                                                             string                                                             string                                                             string                                                             boolean         string                                              string                                                             string                                            
VDBName                                                            SchemaName                                                         Name                                                               NameInSource                                                       ReturnsResults  UID                                                 Description                                                        SchemaUID                                         
PartsSupplier                                                      SYS                                                                ARRAYITERATE                                                       <null>                                                             true            tid:2cb59cfd55db-0a30e76e-00000010                  <null>                                                             tid:2cb59cfd55db                                  
PartsSupplier                                                      SYSADMIN                                                           cancelRequest                                                      <null>                                                             false           tid:60b87e792634-706c4a71-00000044                  <null>                                                             tid:60b87e792634                                  
PartsSupplier                                                      SYSADMIN                                                           isLoggable                                                         <null>                                                             false           tid:60b87e792634-2965c483-00000009                  <null>                                                             tid:60b87e792634                                  
PartsSupplier                                                      SYSADMIN                                                           loadMatView                                                        <null>                                                             false           tid:60b87e792634-f3c7941b-00000032                  <null>                                                             tid:60b87e792634                                  
PartsSupplier                                                      SYSADMIN                                                           logMsg                                                             <null>                                                             false           tid:60b87e792634-9ed6e159-0000000d                  <null>                                                             tid:60b87e792634                                  
PartsSupplier                                                      SYSADMIN                                                           matViewStatus                                                      <null>                                                             true            tid:60b87e792634-d7c63c33-0000002e                  <null>                                                             tid:60b87e792634                                  
PartsSupplier                                                      SYSADMIN                                                           refreshMatView                                                     <null>                                                             false           tid:60b87e792634-b1d71886-00000012                  <null>                                                             tid:60b87e792634                                  
PartsSupplier                                                      SYSADMIN                                                           refreshMatViewRow                                                  <null>                                                             false           tid:60b87e792634-7061146c-00000016                  <null>                                                             tid:60b87e792634                                  
PartsSupplier                                                      SYSADMIN                                                           refreshMatViewRows                                                 <null>                                                             false           tid:60b87e792634-5456997f-0000001b                  <null>                                                             tid:60b87e792634                                  
PartsSupplier                                                      SYSADMIN                                                           schemaSources                                                      <null>                                                             true            tid:60b87e792634-44dae293-0000004a                  <null>                                                             tid:60b87e792634                                  
PartsSupplier                                                      SYSADMIN                                                           setColumnStats                                                     <null>                                                             false           tid:60b87e792634-1e10ace3-0000001f                  <null>                                                             tid:60b87e792634                                  
PartsSupplier                                                      SYSADMIN                                                           setProperty                                                        <null>                                                             false           tid:60b87e792634-1b9fc813-00000026                  <null>                                                             tid:60b87e792634                                  
PartsSupplier                                                      SYSADMIN                                                           setTableStats                                                      <null>                                                             false           tid:60b87e792634-a24f1b2f-0000002b                  <null>                                                             tid:60b87e792634                                  
PartsSupplier                                                      SYSADMIN                                                           terminateSession                                                   <null>                                                             false           tid:60b87e792634-62cde8b1-00000041                  <null>                                                             tid:60b87e792634                                  
PartsSupplier                                                      SYSADMIN                                                           terminateTransaction                                               <null>                                                             false           tid:60b87e792634-90bbf179-00000048                  <null>                                                             tid:60b87e792634                                  
PartsSupplier                                                      SYSADMIN                                                           updateMatView                                                      <null>                                                             false           tid:60b87e792634-b92d8ad8-00000038                  <null>                                                             tid:60b87e792634                                  
PartsSupplier                                                      SYSADMIN                                                           updateStaleCount                                                   <null>                                                             false           tid:60b87e792634-dd6cae5b-0000003d                  <null>                                                             tid:60b87e792634                                  
Row Count : 17
getColumnName   getColumnType  getCatalogName  getColumnClassName  getColumnLabel  getColumnTypeName  getSchemaName  getTableName  getColumnDisplaySize  getPrecision  getScale  isAutoIncrement  isCaseSensitive  isCurrency  isDefinitelyWritable  isNullable  isReadOnly  isSearchable  isSigned  isWritable  
VDBName         12             PartsSupplier   java.lang.String    VDBName         string             SYS            Procedures    255                   255           0         false            true             false       false                 0           true        true          false     false       
SchemaName      12             PartsSupplier   java.lang.String    SchemaName      string             SYS            Procedures    255                   255           0         false            true             false       false                 1           true        true          false     false       
Name            12             PartsSupplier   java.lang.String    Name            string             SYS            Procedures    255                   255           0         false            true             false       false                 0           true        true          false     false       
NameInSource    12             PartsSupplier   java.lang.String    NameInSource    string             SYS            Procedures    255                   255           0         false            true             false       false                 1           true        true          false     false       
ReturnsResults  -7             PartsSupplier   java.lang.Boolean   ReturnsResults  boolean            SYS            Procedures    5                     1             0         false            false            false       false                 0           true        true          false     false       
UID             12             PartsSupplier   java.lang.String    UID             string             SYS            Procedures    50                    50            0         false            true             false       false                 0           true        true          false     false       
Description     12             PartsSupplier   java.lang.String    Description     string             SYS            Procedures    255                   255           0         false            true             false       false                 1           true        true          false     false       
SchemaUID       12             PartsSupplier   java.lang.String    SchemaUID       string             SYS            Procedures    50                    50            0         false            true             false       false                 0           true        true          false     false       
