string                                                           
Name                                                             
PARTSSUPPLIER.PARTS                                              
PARTSSUPPLIER.SHIP_VIA                                           
PARTSSUPPLIER.STATUS                                             
PARTSSUPPLIER.SUPPLIER                                           
PARTSSUPPLIER.SUPPLIER_PARTS                                     
Row Count : 5
getColumnName  getColumnType  getCatalogName  getColumnClassName  getColumnLabel  getColumnTypeName  getSchemaName  getTableName  getColumnDisplaySize  getPrecision  getScale  isAutoIncrement  isCaseSensitive  isCurrency  isDefinitelyWritable  isNullable  isReadOnly  isSearchable  isSigned  isWritable  
Name           12             PartsSupplier   java.lang.String    Name            string             SYS            Tables        255                   255           0         false            true             false       false                 0           true        true          false     false       
