string                                                             short   string                                                             string                                                             string                                                           
attname                                                            attnum  relname                                                            nspname                                                            relname                                                          
Name                                                               1       PK                                                                 SYS                                                                DataTypes                                                        
Name                                                               1       PK                                                                 SYS                                                                VirtualDatabases                                                 
PART_ID                                                            1       PK_PARTS                                                           PartsSupplier                                                      PARTSSUPPLIER.PARTS                                              
SHIPPER_ID                                                         1       PK_SHIP_VIA                                                        PartsSupplier                                                      PARTSSUPPLIER.SHIP_VIA                                           
STATUS_ID                                                          1       PK_STATUS                                                          PartsSupplier                                                      PARTSSUPPLIER.STATUS                                             
SUPPLIER_ID                                                        1       PK_SUPPLIER                                                        PartsSupplier                                                      PARTSSUPPLIER.SUPPLIER                                           
SUPPLIER_ID                                                        1       PK_SUPPLIER_PARTS                                                  PartsSupplier                                                      PARTSSUPPLIER.SUPPLIER_PARTS                                     
UID                                                                1       PK                                                                 SYSADMIN                                                           Usage                                                            
VDBName                                                            1       PK                                                                 SYS                                                                Columns                                                          
VDBName                                                            1       PK                                                                 SYS                                                                FunctionParams                                                   
VDBName                                                            1       PK                                                                 SYS                                                                Functions                                                        
VDBName                                                            1       PK                                                                 SYS                                                                KeyColumns                                                       
VDBName                                                            1       PK                                                                 SYS                                                                Keys                                                             
VDBName                                                            1       PK                                                                 SYS                                                                ProcedureParams                                                  
VDBName                                                            1       PK                                                                 SYS                                                                Procedures                                                       
VDBName                                                            1       PK                                                                 SYS                                                                Schemas                                                          
VDBName                                                            1       PK                                                                 SYS                                                                Tables                                                           
VDBName                                                            1       PK                                                                 SYSADMIN                                                           MatViews                                                         
VDBName                                                            1       PK                                                                 SYSADMIN                                                           StoredProcedures                                                 
VDBName                                                            1       PK                                                                 SYSADMIN                                                           Triggers                                                         
VDBName                                                            1       PK                                                                 SYSADMIN                                                           Views                                                            
oid                                                                1       matpg_datatype_names                                               pg_catalog                                                         matpg_datatype                                                   
oid                                                                1       pk_pg_attr                                                         pg_catalog                                                         pg_attribute                                                     
oid                                                                1       pk_pg_class                                                        pg_catalog                                                         pg_class                                                         
oid                                                                1       pk_pg_index                                                        pg_catalog                                                         pg_index                                                         
oid                                                                1       pk_pg_proc                                                         pg_catalog                                                         pg_proc                                                          
resourcePath                                                       1       PK                                                                 SYSADMIN                                                           VDBResources                                                     
srid                                                               1       PK                                                                 SYS                                                                spatial_ref_sys                                                  
Name                                                               2       PK                                                                 SYS                                                                Schemas                                                          
PART_ID                                                            2       PK_SUPPLIER_PARTS                                                  PartsSupplier                                                      PARTSSUPPLIER.SUPPLIER_PARTS                                     
SchemaName                                                         2       PK                                                                 SYS                                                                Columns                                                          
SchemaName                                                         2       PK                                                                 SYS                                                                FunctionParams                                                   
SchemaName                                                         2       PK                                                                 SYS                                                                Functions                                                        
SchemaName                                                         2       PK                                                                 SYS                                                                KeyColumns                                                       
SchemaName                                                         2       PK                                                                 SYS                                                                Keys                                                             
SchemaName                                                         2       PK                                                                 SYS                                                                ProcedureParams                                                  
SchemaName                                                         2       PK                                                                 SYS                                                                Procedures                                                       
SchemaName                                                         2       PK                                                                 SYS                                                                Tables                                                           
SchemaName                                                         2       PK                                                                 SYSADMIN                                                           MatViews                                                         
SchemaName                                                         2       PK                                                                 SYSADMIN                                                           StoredProcedures                                                 
SchemaName                                                         2       PK                                                                 SYSADMIN                                                           Triggers                                                         
SchemaName                                                         2       PK                                                                 SYSADMIN                                                           Views                                                            
Uses_UID                                                           2       PK                                                                 SYSADMIN                                                           Usage                                                            
Version                                                            2       PK                                                                 SYS                                                                VirtualDatabases                                                 
name                                                               2       matpg_datatype_names                                               pg_catalog                                                         matpg_datatype                                                   
FunctionName                                                       3       PK                                                                 SYS                                                                FunctionParams                                                   
Name                                                               3       PK                                                                 SYS                                                                Functions                                                        
Name                                                               3       PK                                                                 SYS                                                                Procedures                                                       
Name                                                               3       PK                                                                 SYS                                                                Tables                                                           
Name                                                               3       PK                                                                 SYSADMIN                                                           MatViews                                                         
Name                                                               3       PK                                                                 SYSADMIN                                                           StoredProcedures                                                 
Name                                                               3       PK                                                                 SYSADMIN                                                           Views                                                            
ProcedureName                                                      3       PK                                                                 SYS                                                                ProcedureParams                                                  
TableName                                                          3       PK                                                                 SYS                                                                Columns                                                          
TableName                                                          3       PK                                                                 SYS                                                                KeyColumns                                                       
TableName                                                          3       PK                                                                 SYS                                                                Keys                                                             
TableName                                                          3       PK                                                                 SYSADMIN                                                           Triggers                                                         
Name                                                               4       PK                                                                 SYS                                                                Columns                                                          
Name                                                               4       PK                                                                 SYS                                                                FunctionParams                                                   
Name                                                               4       PK                                                                 SYS                                                                KeyColumns                                                       
Name                                                               4       PK                                                                 SYS                                                                Keys                                                             
Name                                                               4       PK                                                                 SYS                                                                ProcedureParams                                                  
Name                                                               4       PK                                                                 SYSADMIN                                                           Triggers                                                         
Row Count : 63
getColumnName  getColumnType  getCatalogName  getColumnClassName  getColumnLabel  getColumnTypeName  getSchemaName  getTableName  getColumnDisplaySize  getPrecision  getScale  isAutoIncrement  isCaseSensitive  isCurrency  isDefinitelyWritable  isNullable  isReadOnly  isSearchable  isSigned  isWritable  
attname        12             PartsSupplier   java.lang.String    attname         string             pg_catalog     pg_attribute  4000                  4000          0         false            true             false       false                 1           true        true          false     false       
attnum         5              PartsSupplier   java.lang.Short     attnum          short              pg_catalog     pg_attribute  6                     5             0         false            false            false       false                 1           true        true          true      false       
relname        12             PartsSupplier   java.lang.String    relname         string             pg_catalog     pg_class      4000                  4000          0         false            true             false       false                 1           true        true          false     false       
nspname        12             PartsSupplier   java.lang.String    nspname         string             pg_catalog     pg_namespace  4000                  4000          0         false            true             false       false                 1           true        true          false     false       
relname        12             PartsSupplier   java.lang.String    relname         string             pg_catalog     pg_class      4000                  4000          0         false            true             false       false                 1           true        true          false     false       
