integer      string                                                             integer       char     integer      integer      float      integer      boolean      boolean     string                                                           
oid          relname                                                            relnamespace  relkind  relowner     relam        reltuples  relpages     relhasrules  relhasoids  relnspname                                                       
22           PARTSSUPPLIER.PARTS                                                21            r        0            0            0.0        0            false        false       PartsSupplier                                                    
27           PK_PARTS                                                           27            i        0            0            0.0        0            false        false       PartsSupplier                                                    
29           PARTSSUPPLIER.SHIP_VIA                                             21            r        0            0            0.0        0            false        false       PartsSupplier                                                    
32           PK_SHIP_VIA                                                        32            i        0            0            0.0        0            false        false       PartsSupplier                                                    
34           PARTSSUPPLIER.STATUS                                               21            r        0            0            0.0        0            false        false       PartsSupplier                                                    
37           PK_STATUS                                                          37            i        0            0            0.0        0            false        false       PartsSupplier                                                    
39           PARTSSUPPLIER.SUPPLIER                                             21            r        0            0            0.0        0            false        false       PartsSupplier                                                    
45           PK_SUPPLIER                                                        45            i        0            0            0.0        0            false        false       PartsSupplier                                                    
49           PARTSSUPPLIER.SUPPLIER_PARTS                                       21            r        0            0            0.0        0            false        false       PartsSupplier                                                    
54           PK_SUPPLIER_PARTS                                                  54            i        0            0            0.0        0            false        false       PartsSupplier                                                    
62           Columns                                                            61            r        0            0            0.0        0            false        false       SYS                                                              
97           PK                                                                 97            i        0            0            0.0        0            false        false       SYS                                                              
108          UNIQUE0                                                            108           i        0            0            0.0        0            false        false       SYS                                                              
110          DataTypes                                                          61            r        0            0            0.0        0            false        false       SYS                                                              
132          PK                                                                 132           i        0            0            0.0        0            false        false       SYS                                                              
134          UNIQUE0                                                            134           i        0            0            0.0        0            false        false       SYS                                                              
136          FunctionParams                                                     61            r        0            0            0.0        0            false        false       SYS                                                              
155          PK                                                                 155           i        0            0            0.0        0            false        false       SYS                                                              
164          UNIQUE0                                                            164           i        0            0            0.0        0            false        false       SYS                                                              
166          Functions                                                          61            r        0            0            0.0        0            false        false       SYS                                                              
174          PK                                                                 174           i        0            0            0.0        0            false        false       SYS                                                              
181          UNIQUE0                                                            181           i        0            0            0.0        0            false        false       SYS                                                              
183          GEOMETRY_COLUMNS                                                   61            v        0            0            0.0        0            false        false       SYS                                                              
191          KeyColumns                                                         61            r        0            0            0.0        0            false        false       SYS                                                              
202          PK                                                                 202           i        0            0            0.0        0            false        false       SYS                                                              
213          UNIQUE0                                                            213           i        0            0            0.0        0            false        false       SYS                                                              
215          Keys                                                               61            r        0            0            0.0        0            false        false       SYS                                                              
226          PK                                                                 226           i        0            0            0.0        0            false        false       SYS                                                              
235          UNIQUE0                                                            235           i        0            0            0.0        0            false        false       SYS                                                              
237          ProcedureParams                                                    61            r        0            0            0.0        0            false        false       SYS                                                              
256          PK                                                                 256           i        0            0            0.0        0            false        false       SYS                                                              
265          UNIQUE0                                                            265           i        0            0            0.0        0            false        false       SYS                                                              
267          Procedures                                                         61            r        0            0            0.0        0            false        false       SYS                                                              
276          PK                                                                 276           i        0            0            0.0        0            false        false       SYS                                                              
285          UNIQUE0                                                            285           i        0            0            0.0        0            false        false       SYS                                                              
287          Properties                                                         61            r        0            0            0.0        0            false        false       SYS                                                              
292          UNIQUE0                                                            292           i        0            0            0.0        0            false        false       SYS                                                              
295          ReferenceKeyColumns                                                61            r        0            0            0.0        0            false        false       SYS                                                              
310          Schemas                                                            61            r        0            0            0.0        0            false        false       SYS                                                              
317          PK                                                                 317           i        0            0            0.0        0            false        false       SYS                                                              
320          UNIQUE0                                                            320           i        0            0            0.0        0            false        false       SYS                                                              
322          spatial_ref_sys                                                    61            v        0            0            0.0        0            false        false       SYS                                                              
328          PK                                                                 328           i        0            0            0.0        0            false        false       SYS                                                              
330          Tables                                                             61            r        0            0            0.0        0            false        false       SYS                                                              
344          PK                                                                 344           i        0            0            0.0        0            false        false       SYS                                                              
353          UNIQUE0                                                            353           i        0            0            0.0        0            false        false       SYS                                                              
355          VirtualDatabases                                                   61            r        0            0            0.0        0            false        false       SYS                                                              
358          PK                                                                 358           i        0            0            0.0        0            false        false       SYS                                                              
368          MatViews                                                           367           r        0            0            0.0        0            false        false       SYSADMIN                                                         
378          PK                                                                 378           i        0            0            0.0        0            false        false       SYSADMIN                                                         
382          StoredProcedures                                                   367           r        0            0            0.0        0            false        false       SYSADMIN                                                         
388          PK                                                                 388           i        0            0            0.0        0            false        false       SYSADMIN                                                         
392          UNIQUE0                                                            392           i        0            0            0.0        0            false        false       SYSADMIN                                                         
394          Triggers                                                           367           r        0            0            0.0        0            false        false       SYSADMIN                                                         
404          PK                                                                 404           i        0            0            0.0        0            false        false       SYSADMIN                                                         
409          Usage                                                              367           r        0            0            0.0        0            false        false       SYSADMIN                                                         
421          PK                                                                 421           i        0            0            0.0        0            false        false       SYSADMIN                                                         
424          VDBResources                                                       367           r        0            0            0.0        0            false        false       SYSADMIN                                                         
427          PK                                                                 427           i        0            0            0.0        0            false        false       SYSADMIN                                                         
429          Views                                                              367           r        0            0            0.0        0            false        false       SYSADMIN                                                         
435          PK                                                                 435           i        0            0            0.0        0            false        false       SYSADMIN                                                         
439          UNIQUE0                                                            439           i        0            0            0.0        0            false        false       SYSADMIN                                                         
505          geography_columns                                                  504           v        0            0            0.0        0            false        false       pg_catalog                                                       
513          matpg_datatype                                                     504           v        0            0            0.0        0            false        false       pg_catalog                                                       
521          matpg_datatype_names                                               521           i        0            0            0.0        0            false        false       pg_catalog                                                       
524          matpg_datatype_ids                                                 524           i        0            0            0.0        0            false        false       pg_catalog                                                       
527          pg_am                                                              504           v        0            0            0.0        0            false        false       pg_catalog                                                       
530          pg_attrdef                                                         504           v        0            0            0.0        0            false        false       pg_catalog                                                       
535          pg_attribute                                                       504           v        0            0            0.0        0            false        false       pg_catalog                                                       
546          pk_pg_attr                                                         546           i        0            0            0.0        0            false        false       pg_catalog                                                       
548          pg_class                                                           504           v        0            0            0.0        0            false        false       pg_catalog                                                       
560          pk_pg_class                                                        560           i        0            0            0.0        0            false        false       pg_catalog                                                       
562          pg_database                                                        504           v        0            0            0.0        0            false        false       pg_catalog                                                       
572          pg_description                                                     504           v        0            0            0.0        0            false        false       pg_catalog                                                       
577          pg_index                                                           504           v        0            0            0.0        0            false        false       pg_catalog                                                       
588          pk_pg_index                                                        588           i        0            0            0.0        0            false        false       pg_catalog                                                       
590          pg_inherits                                                        504           v        0            0            0.0        0            false        false       pg_catalog                                                       
594          pg_namespace                                                       504           v        0            0            0.0        0            false        false       pg_catalog                                                       
598          pg_prepared_xacts                                                  504           v        0            0            0.0        0            false        false       pg_catalog                                                       
603          pg_proc                                                            504           v        0            0            0.0        0            false        false       pg_catalog                                                       
614          pk_pg_proc                                                         614           i        0            0            0.0        0            false        false       pg_catalog                                                       
616          pg_stats                                                           504           v        0            0            0.0        0            false        false       pg_catalog                                                       
620          pg_trigger                                                         504           v        0            0            0.0        0            false        false       pg_catalog                                                       
630          pg_type                                                            504           v        0            0            0.0        0            false        false       pg_catalog                                                       
644          pg_user                                                            504           v        0            0            0.0        0            false        false       pg_catalog                                                       
Row Count : 85
getColumnName  getColumnType  getCatalogName  getColumnClassName  getColumnLabel  getColumnTypeName  getSchemaName  getTableName  getColumnDisplaySize  getPrecision  getScale  isAutoIncrement  isCaseSensitive  isCurrency  isDefinitelyWritable  isNullable  isReadOnly  isSearchable  isSigned  isWritable  
oid            4              PartsSupplier   java.lang.Integer   oid             integer            pg_catalog     pg_class      11                    10            0         false            false            false       false                 1           true        true          true      false       
relname        12             PartsSupplier   java.lang.String    relname         string             pg_catalog     pg_class      4000                  4000          0         false            true             false       false                 1           true        true          false     false       
relnamespace   4              PartsSupplier   java.lang.Integer   relnamespace    integer            pg_catalog     pg_class      11                    10            0         false            false            false       false                 1           true        true          true      false       
relkind        1              PartsSupplier   java.lang.String    relkind         char               pg_catalog     pg_class      1                     1             0         false            true             false       false                 1           true        true          false     false       
relowner       4              PartsSupplier   java.lang.Integer   relowner        integer            pg_catalog     pg_class      11                    10            0         false            false            false       false                 1           true        true          true      false       
relam          4              PartsSupplier   java.lang.Integer   relam           integer            pg_catalog     pg_class      11                    10            0         false            false            false       false                 1           true        true          true      false       
reltuples      7              PartsSupplier   java.lang.Float     reltuples       float              pg_catalog     pg_class      9                     7             3         false            false            false       false                 1           true        true          true      false       
relpages       4              PartsSupplier   java.lang.Integer   relpages        integer            pg_catalog     pg_class      11                    10            0         false            false            false       false                 1           true        true          true      false       
relhasrules    -7             PartsSupplier   java.lang.Boolean   relhasrules     boolean            pg_catalog     pg_class      5                     1             0         false            false            false       false                 1           true        true          false     false       
relhasoids     -7             PartsSupplier   java.lang.Boolean   relhasoids      boolean            pg_catalog     pg_class      5                     1             0         false            false            false       false                 1           true        true          false     false       
relnspname     12             PartsSupplier   java.lang.String    relnspname      string             pg_catalog     pg_class      4000                  4000          0         false            true             false       false                 1           true        true          false     false       
