string                                                             string                                                             integer      integer      integer      string                                                             integer      integer    
nspname                                                            typname                                                            oid          typrelid     typbasetype  type                                                               elemoid      ord        
SYS                                                                bool                                                               16           0            0            b                                                                  0            0          
SYS                                                                bytea                                                              17           0            0            b                                                                  0            0          
SYS                                                                varchar                                                            1043         0            0            b                                                                  0            0          
SYS                                                                text                                                               25           0            0            b                                                                  0            0          
SYS                                                                char                                                               1042         0            0            b                                                                  0            0          
SYS                                                                int2                                                               21           0            0            b                                                                  0            0          
SYS                                                                int8                                                               20           0            0            b                                                                  0            0          
SYS                                                                int4                                                               23           0            0            b                                                                  0            0          
SYS                                                                oid                                                                26           0            0            b                                                                  0            0          
SYS                                                                float4                                                             700          0            0            b                                                                  0            0          
SYS                                                                float8                                                             701          0            0            b                                                                  0            0          
SYS                                                                unknown                                                            705          0            0            b                                                                  0            0          
SYS                                                                date                                                               1082         0            0            b                                                                  0            0          
SYS                                                                time                                                               1083         0            0            b                                                                  0            0          
SYS                                                                timestamp                                                          1114         0            0            b                                                                  0            0          
SYS                                                                numeric                                                            1700         0            0            b                                                                  0            0          
SYS                                                                xml                                                                142          0            0            b                                                                  0            0          
SYS                                                                lo                                                                 14939        0            0            b                                                                  0            0          
SYS                                                                geometry                                                           32816        0            0            b                                                                  0            0          
SYS                                                                void                                                               2278         0            0            p                                                                  0            0          
SYS                                                                record                                                             2249         0            0            p                                                                  0            0          
SYS                                                                int2vector                                                         22           0            0            b                                                                  0            0          
SYS                                                                _bool                                                              1000         0            0            a                                                                  16           3          
SYS                                                                _bytea                                                             1001         0            0            a                                                                  17           3          
SYS                                                                _char                                                              1002         0            0            a                                                                  18           3          
SYS                                                                _int8                                                              1016         0            0            a                                                                  20           3          
SYS                                                                _int2                                                              1005         0            0            a                                                                  21           3          
SYS                                                                _int4                                                              1007         0            0            a                                                                  23           3          
SYS                                                                _text                                                              1009         0            0            a                                                                  25           3          
SYS                                                                oidvector                                                          30           0            0            b                                                                  0            3          
SYS                                                                _oid                                                               1028         0            0            a                                                                  26           3          
SYS                                                                _xml                                                               143          0            0            a                                                                  142          3          
SYS                                                                _float4                                                            1021         0            0            a                                                                  700          3          
SYS                                                                _float8                                                            1022         0            0            a                                                                  701          3          
SYS                                                                _bpchar                                                            1014         0            0            a                                                                  1042         3          
SYS                                                                _varchar                                                           1015         0            0            a                                                                  1043         3          
SYS                                                                _date                                                              1182         0            0            a                                                                  1082         3          
SYS                                                                _time                                                              1183         0            0            a                                                                  1083         3          
SYS                                                                _timestamp                                                         1115         0            0            a                                                                  1114         3          
SYS                                                                _numeric                                                           1031         0            0            a                                                                  1700         3          
SYS                                                                _geometry                                                          32824        0            0            a                                                                  32816        3          
Row Count : 41
getColumnName  getColumnType  getCatalogName  getColumnClassName  getColumnLabel  getColumnTypeName  getSchemaName  getTableName  getColumnDisplaySize  getPrecision  getScale  isAutoIncrement  isCaseSensitive  isCurrency  isDefinitelyWritable  isNullable  isReadOnly  isSearchable  isSigned  isWritable  
nspname        12             PartsSupplier   java.lang.String    nspname         string             pg_catalog     pg_namespace  4000                  4000          0         false            true             false       false                 1           true        true          false     false       
typname        12             PartsSupplier   java.lang.String    typname         string             pg_catalog     pg_type       4000                  4000          0         false            true             false       false                 1           true        true          false     false       
oid            4              PartsSupplier   java.lang.Integer   oid             integer            pg_catalog     pg_type       11                    10            0         false            false            false       false                 1           true        true          true      false       
typrelid       4              PartsSupplier   java.lang.Integer   typrelid        integer            pg_catalog     pg_type       11                    10            0         false            false            false       false                 1           true        true          true      false       
typbasetype    4              PartsSupplier   java.lang.Integer   typbasetype     integer            pg_catalog     pg_type       11                    10            0         false            false            false       false                 1           true        true          true      false       
type           12             PartsSupplier   java.lang.String    type            string             <null>         <null>        4000                  4000          0         false            false            false       true                  1           false       true          true      true        
elemoid        4              PartsSupplier   java.lang.Integer   elemoid         integer            <null>         <null>        11                    10            0         false            false            false       true                  1           false       true          true      true        
ord            4              PartsSupplier   java.lang.Integer   ord             integer            <null>         <null>        11                    10            0         false            false            false       true                  1           false       true          true      true        
