string                                                             string                                                             string                                                             string                                                             string                                                             string                                                             short    
TYPE_CAT                                                           TYPE_SCHEM                                                         TYPE_NAME                                                          CLASS_NAME                                                         DATA_TYPE                                                          REMARKS                                                            BASE_TYPE
Row Count : 0
getColumnName  getColumnType  getCatalogName  getColumnClassName  getColumnLabel  getColumnTypeName  getSchemaName  getTableName  getColumnDisplaySize  getPrecision  getScale  isAutoIncrement  isCaseSensitive  isCurrency  isDefinitelyWritable  isNullable  isReadOnly  isSearchable  isSigned  isWritable  
TYPE_CAT       12             PartsSupplier   java.lang.String    TYPE_CAT        string             <null>         <null>        4000                  4000          0         false            false            false       false                 2           true        false         false     false       
TYPE_SCHEM     12             PartsSupplier   java.lang.String    TYPE_SCHEM      string             <null>         <null>        4000                  4000          0         false            false            false       false                 2           true        false         false     false       
TYPE_NAME      12             PartsSupplier   java.lang.String    TYPE_NAME       string             <null>         <null>        4000                  4000          0         false            false            false       false                 2           true        false         false     false       
CLASS_NAME     12             PartsSupplier   java.lang.String    CLASS_NAME      string             <null>         <null>        4000                  4000          0         false            false            false       false                 2           true        false         false     false       
DATA_TYPE      12             PartsSupplier   java.lang.String    DATA_TYPE       string             <null>         <null>        4000                  4000          0         false            false            false       false                 2           true        false         false     false       
REMARKS        12             PartsSupplier   java.lang.String    REMARKS         string             <null>         <null>        4000                  4000          0         false            false            false       false                 2           true        false         false     false       
BASE_TYPE      5              PartsSupplier   java.lang.Short     BASE_TYPE       short              <null>         <null>        6                     5             0         false            false            false       false                 2           true        false         false     false       
