string                                                             string                                                             string                                                             string                                                             short    string                                                           
TABLE_CAT                                                          TABLE_SCHEM                                                        TABLE_NAME                                                         COLUMN_NAME                                                        KEY_SEQ  PK_NAME                                                          
PartsSupplier                                                      SYS                                                                DataTypes                                                          Name                                                               1        PK                                                               
PartsSupplier                                                      SYS                                                                VirtualDatabases                                                   Name                                                               1        PK                                                               
PartsSupplier                                                      SYS                                                                Schemas                                                            Name                                                               2        PK                                                               
PartsSupplier                                                      SYS                                                                Procedures                                                         Name                                                               3        PK                                                               
PartsSupplier                                                      SYS                                                                Tables                                                             Name                                                               3        PK                                                               
PartsSupplier                                                      SYSADMIN                                                           MatViews                                                           Name                                                               3        PK                                                               
PartsSupplier                                                      SYS                                                                Columns                                                            Name                                                               4        PK                                                               
PartsSupplier                                                      SYS                                                                KeyColumns                                                         Name                                                               4        PK                                                               
PartsSupplier                                                      SYS                                                                Keys                                                               Name                                                               4        PK                                                               
PartsSupplier                                                      SYS                                                                ProcedureParams                                                    Name                                                               4        PK                                                               
PartsSupplier                                                      PartsSupplier                                                      PARTSSUPPLIER.PARTS                                                PART_ID                                                            1        PK_PARTS                                                         
PartsSupplier                                                      PartsSupplier                                                      PARTSSUPPLIER.SUPPLIER_PARTS                                       PART_ID                                                            2        PK_SUPPLIER_PARTS                                                
PartsSupplier                                                      SYS                                                                ProcedureParams                                                    ProcedureName                                                      3        PK                                                               
PartsSupplier                                                      PartsSupplier                                                      PARTSSUPPLIER.SHIP_VIA                                             SHIPPER_ID                                                         1        PK_SHIP_VIA                                                      
PartsSupplier                                                      PartsSupplier                                                      PARTSSUPPLIER.STATUS                                               STATUS_ID                                                          1        PK_STATUS                                                        
PartsSupplier                                                      PartsSupplier                                                      PARTSSUPPLIER.SUPPLIER                                             SUPPLIER_ID                                                        1        PK_SUPPLIER                                                      
PartsSupplier                                                      PartsSupplier                                                      PARTSSUPPLIER.SUPPLIER_PARTS                                       SUPPLIER_ID                                                        1        PK_SUPPLIER_PARTS                                                
PartsSupplier                                                      SYS                                                                Columns                                                            SchemaName                                                         2        PK                                                               
PartsSupplier                                                      SYS                                                                KeyColumns                                                         SchemaName                                                         2        PK                                                               
PartsSupplier                                                      SYS                                                                Keys                                                               SchemaName                                                         2        PK                                                               
PartsSupplier                                                      SYS                                                                ProcedureParams                                                    SchemaName                                                         2        PK                                                               
PartsSupplier                                                      SYS                                                                Procedures                                                         SchemaName                                                         2        PK                                                               
PartsSupplier                                                      SYS                                                                Tables                                                             SchemaName                                                         2        PK                                                               
PartsSupplier                                                      SYSADMIN                                                           MatViews                                                           SchemaName                                                         2        PK                                                               
PartsSupplier                                                      SYS                                                                Columns                                                            TableName                                                          3        PK                                                               
PartsSupplier                                                      SYS                                                                KeyColumns                                                         TableName                                                          3        PK                                                               
PartsSupplier                                                      SYS                                                                Keys                                                               TableName                                                          3        PK                                                               
PartsSupplier                                                      SYS                                                                Columns                                                            VDBName                                                            1        PK                                                               
PartsSupplier                                                      SYS                                                                KeyColumns                                                         VDBName                                                            1        PK                                                               
PartsSupplier                                                      SYS                                                                Keys                                                               VDBName                                                            1        PK                                                               
PartsSupplier                                                      SYS                                                                ProcedureParams                                                    VDBName                                                            1        PK                                                               
PartsSupplier                                                      SYS                                                                Procedures                                                         VDBName                                                            1        PK                                                               
PartsSupplier                                                      SYS                                                                Schemas                                                            VDBName                                                            1        PK                                                               
PartsSupplier                                                      SYS                                                                Tables                                                             VDBName                                                            1        PK                                                               
PartsSupplier                                                      SYSADMIN                                                           MatViews                                                           VDBName                                                            1        PK                                                               
PartsSupplier                                                      SYS                                                                VirtualDatabases                                                   Version                                                            2        PK                                                               
PartsSupplier                                                      pg_catalog                                                         matpg_relatt                                                       attname                                                            1        pk_matpg_relatt_names                                            
PartsSupplier                                                      pg_catalog                                                         matpg_datatype                                                     name                                                               2        matpg_datatype_names                                             
PartsSupplier                                                      pg_catalog                                                         matpg_relatt                                                       nspname                                                            3        pk_matpg_relatt_names                                            
PartsSupplier                                                      pg_catalog                                                         matpg_datatype                                                     oid                                                                1        matpg_datatype_names                                             
PartsSupplier                                                      pg_catalog                                                         pg_attribute                                                       oid                                                                1        pk_pg_attr                                                       
PartsSupplier                                                      pg_catalog                                                         pg_class                                                           oid                                                                1        pk_pg_class                                                      
PartsSupplier                                                      pg_catalog                                                         pg_index                                                           oid                                                                1        pk_pg_index                                                      
PartsSupplier                                                      pg_catalog                                                         pg_proc                                                            oid                                                                1        pk_pg_proc                                                       
PartsSupplier                                                      pg_catalog                                                         matpg_relatt                                                       relname                                                            2        pk_matpg_relatt_names                                            
PartsSupplier                                                      SYSADMIN                                                           VDBResources                                                       resourcePath                                                       1        PK                                                               
Row Count : 46
getColumnName  getColumnType  getCatalogName  getColumnClassName  getColumnLabel  getColumnTypeName  getSchemaName  getTableName  getColumnDisplaySize  getPrecision  getScale  isAutoIncrement  isCaseSensitive  isCurrency  isDefinitelyWritable  isNullable  isReadOnly  isSearchable  isSigned  isWritable  
VDBName        12             PartsSupplier   java.lang.String    TABLE_CAT       string             SYS            KeyColumns    255                   255           0         false            true             false       false                 0           true        true          false     false       
SchemaName     12             PartsSupplier   java.lang.String    TABLE_SCHEM     string             SYS            KeyColumns    255                   255           0         false            true             false       false                 1           true        true          false     false       
TableName      12             PartsSupplier   java.lang.String    TABLE_NAME      string             SYS            KeyColumns    2048                  2048          0         false            true             false       false                 0           true        true          false     false       
Name           12             PartsSupplier   java.lang.String    COLUMN_NAME     string             SYS            KeyColumns    255                   255           0         false            true             false       false                 0           true        true          false     false       
KEY_SEQ        5              PartsSupplier   java.lang.Short     KEY_SEQ         short              <null>         <null>        6                     5             0         false            false            false       true                  1           false       true          true      true        
KeyName        12             PartsSupplier   java.lang.String    PK_NAME         string             SYS            KeyColumns    255                   255           0         false            true             false       false                 1           true        true          false     false       
