string                                                             string                                                             string                                                             string                                                             string                                                             string                                                             string                                                             short           string                                                           
PROCEDURE_CAT                                                      PROCEDURE_SCHEM                                                    PROCEDURE_NAME                                                     RESERVED_1                                                         RESERVED_2                                                         RESERVED_3                                                         REMARKS                                                            PROCEDURE_TYPE  SPECIFIC_NAME                                                    
PartsSupplier                                                      SYS                                                                getXMLSchemas                                                      <null>                                                             <null>                                                             <null>                                                             <null>                                                             2               getXMLSchemas                                                    
PartsSupplier                                                      SYSADMIN                                                           isLoggable                                                         <null>                                                             <null>                                                             <null>                                                             <null>                                                             1               isLoggable                                                       
PartsSupplier                                                      SYSADMIN                                                           loadMatView                                                        <null>                                                             <null>                                                             <null>                                                             <null>                                                             1               loadMatView                                                      
PartsSupplier                                                      SYSADMIN                                                           logMsg                                                             <null>                                                             <null>                                                             <null>                                                             <null>                                                             1               logMsg                                                           
PartsSupplier                                                      SYSADMIN                                                           matViewStatus                                                      <null>                                                             <null>                                                             <null>                                                             <null>                                                             2               matViewStatus                                                    
PartsSupplier                                                      SYSADMIN                                                           refreshMatView                                                     <null>                                                             <null>                                                             <null>                                                             <null>                                                             1               refreshMatView                                                   
PartsSupplier                                                      SYSADMIN                                                           refreshMatViewRow                                                  <null>                                                             <null>                                                             <null>                                                             <null>                                                             1               refreshMatViewRow                                                
PartsSupplier                                                      SYSADMIN                                                           setColumnStats                                                     <null>                                                             <null>                                                             <null>                                                             <null>                                                             1               setColumnStats                                                   
PartsSupplier                                                      SYSADMIN                                                           setProperty                                                        <null>                                                             <null>                                                             <null>                                                             <null>                                                             1               setProperty                                                      
PartsSupplier                                                      SYSADMIN                                                           setTableStats                                                      <null>                                                             <null>                                                             <null>                                                             <null>                                                             1               setTableStats                                                    
Row Count : 10
getColumnName   getColumnType  getCatalogName  getColumnClassName  getColumnLabel   getColumnTypeName  getSchemaName  getTableName  getColumnDisplaySize  getPrecision  getScale  isAutoIncrement  isCaseSensitive  isCurrency  isDefinitelyWritable  isNullable  isReadOnly  isSearchable  isSigned  isWritable  
VDBName         12             PartsSupplier   java.lang.String    PROCEDURE_CAT    string             SYS            Procedures    255                   255           0         false            true             false       false                 0           true        true          false     false       
SchemaName      12             PartsSupplier   java.lang.String    PROCEDURE_SCHEM  string             SYS            Procedures    255                   255           0         false            true             false       false                 1           true        true          false     false       
Name            12             PartsSupplier   java.lang.String    PROCEDURE_NAME   string             SYS            Procedures    255                   255           0         false            true             false       false                 0           true        true          false     false       
RESERVED_1      12             PartsSupplier   java.lang.String    RESERVED_1       string             <null>         <null>        4000                  4000          0         false            false            false       true                  1           false       true          true      true        
RESERVED_2      12             PartsSupplier   java.lang.String    RESERVED_2       string             <null>         <null>        4000                  4000          0         false            false            false       true                  1           false       true          true      true        
RESERVED_3      12             PartsSupplier   java.lang.String    RESERVED_3       string             <null>         <null>        4000                  4000          0         false            false            false       true                  1           false       true          true      true        
Description     12             PartsSupplier   java.lang.String    REMARKS          string             SYS            Procedures    255                   255           0         false            true             false       false                 1           true        true          false     false       
PROCEDURE_TYPE  5              PartsSupplier   java.lang.Short     PROCEDURE_TYPE   short              <null>         <null>        6                     5             0         false            false            false       true                  1           false       true          true      true        
Name            12             PartsSupplier   java.lang.String    SPECIFIC_NAME    string             SYS            Procedures    255                   255           0         false            true             false       false                 0           true        true          false     false       
