string                                                             string                                                             string                                                             string                                                             string                                                             string                                                             string                                                             short           string                                                           
PROCEDURE_CAT                                                      PROCEDURE_SCHEM                                                    PROCEDURE_NAME                                                     RESERVED_1                                                         RESERVED_2                                                         RESERVED_3                                                         REMARKS                                                            PROCEDURE_TYPE  SPECIFIC_NAME                                                    
QT_Ora9DS                                                          SP                                                                 sp_all_smalla_rows                                                 <null>                                                             <null>                                                             <null>                                                             <null>                                                             2               sp_all_smalla_rows                                               
QT_Ora9DS                                                          SP                                                                 sp_count_all_smalla_rows                                           <null>                                                             <null>                                                             <null>                                                             <null>                                                             1               sp_count_all_smalla_rows                                         
QT_Ora9DS                                                          SP                                                                 sp_count_rows_between                                              <null>                                                             <null>                                                             <null>                                                             <null>                                                             1               sp_count_rows_between                                            
QT_Ora9DS                                                          SP                                                                 sp_rows_between                                                    <null>                                                             <null>                                                             <null>                                                             <null>                                                             2               sp_rows_between                                                  
QT_Ora9DS                                                          SYS                                                                getXMLSchemas                                                      <null>                                                             <null>                                                             <null>                                                             <null>                                                             2               getXMLSchemas                                                    
QT_Ora9DS                                                          SYSADMIN                                                           isLoggable                                                         <null>                                                             <null>                                                             <null>                                                             <null>                                                             1               isLoggable                                                       
QT_Ora9DS                                                          SYSADMIN                                                           loadMatView                                                        <null>                                                             <null>                                                             <null>                                                             <null>                                                             1               loadMatView                                                      
QT_Ora9DS                                                          SYSADMIN                                                           logMsg                                                             <null>                                                             <null>                                                             <null>                                                             <null>                                                             1               logMsg                                                           
QT_Ora9DS                                                          SYSADMIN                                                           matViewStatus                                                      <null>                                                             <null>                                                             <null>                                                             <null>                                                             2               matViewStatus                                                    
QT_Ora9DS                                                          SYSADMIN                                                           refreshMatView                                                     <null>                                                             <null>                                                             <null>                                                             <null>                                                             1               refreshMatView                                                   
QT_Ora9DS                                                          SYSADMIN                                                           refreshMatViewRow                                                  <null>                                                             <null>                                                             <null>                                                             <null>                                                             1               refreshMatViewRow                                                
QT_Ora9DS                                                          SYSADMIN                                                           setColumnStats                                                     <null>                                                             <null>                                                             <null>                                                             <null>                                                             1               setColumnStats                                                   
QT_Ora9DS                                                          SYSADMIN                                                           setProperty                                                        <null>                                                             <null>                                                             <null>                                                             <null>                                                             1               setProperty                                                      
QT_Ora9DS                                                          SYSADMIN                                                           setTableStats                                                      <null>                                                             <null>                                                             <null>                                                             <null>                                                             1               setTableStats                                                    
Row Count : 14
getColumnName   getColumnType  getCatalogName  getColumnClassName  getColumnLabel   getColumnTypeName  getSchemaName  getTableName  getColumnDisplaySize  getPrecision  getScale  isAutoIncrement  isCaseSensitive  isCurrency  isDefinitelyWritable  isNullable  isReadOnly  isSearchable  isSigned  isWritable  
VDBName         12             QT_Ora9DS       java.lang.String    PROCEDURE_CAT    string             SYS            Procedures    255                   255           0         false            true             false       false                 0           true        true          false     false       
SchemaName      12             QT_Ora9DS       java.lang.String    PROCEDURE_SCHEM  string             SYS            Procedures    255                   255           0         false            true             false       false                 1           true        true          false     false       
Name            12             QT_Ora9DS       java.lang.String    PROCEDURE_NAME   string             SYS            Procedures    255                   255           0         false            true             false       false                 0           true        true          false     false       
RESERVED_1      12             QT_Ora9DS       java.lang.String    RESERVED_1       string             <null>         <null>        4000                  4000          0         false            false            false       true                  1           false       true          true      true        
RESERVED_2      12             QT_Ora9DS       java.lang.String    RESERVED_2       string             <null>         <null>        4000                  4000          0         false            false            false       true                  1           false       true          true      true        
RESERVED_3      12             QT_Ora9DS       java.lang.String    RESERVED_3       string             <null>         <null>        4000                  4000          0         false            false            false       true                  1           false       true          true      true        
Description     12             QT_Ora9DS       java.lang.String    REMARKS          string             SYS            Procedures    255                   255           0         false            true             false       false                 1           true        true          false     false       
PROCEDURE_TYPE  5              QT_Ora9DS       java.lang.Short     PROCEDURE_TYPE   short              <null>         <null>        6                     5             0         false            false            false       true                  1           false       true          true      true        
Name            12             QT_Ora9DS       java.lang.String    SPECIFIC_NAME    string             SYS            Procedures    255                   255           0         false            true             false       false                 0           true        true          false     false       
string                                                             string                                                             string                                                             string                                                             string                                                             string                                                             string                                                             short           string                                                           
PROCEDURE_CAT                                                      PROCEDURE_SCHEM                                                    PROCEDURE_NAME                                                     RESERVED_1                                                         RESERVED_2                                                         RESERVED_3                                                         REMARKS                                                            PROCEDURE_TYPE  SPECIFIC_NAME                                                    
Row Count : 0
getColumnName   getColumnType  getCatalogName  getColumnClassName  getColumnLabel   getColumnTypeName  getSchemaName  getTableName  getColumnDisplaySize  getPrecision  getScale  isAutoIncrement  isCaseSensitive  isCurrency  isDefinitelyWritable  isNullable  isReadOnly  isSearchable  isSigned  isWritable  
VDBName         12             QT_Ora9DS       java.lang.String    PROCEDURE_CAT    string             SYS            Procedures    255                   255           0         false            true             false       false                 0           true        true          false     false       
SchemaName      12             QT_Ora9DS       java.lang.String    PROCEDURE_SCHEM  string             SYS            Procedures    255                   255           0         false            true             false       false                 1           true        true          false     false       
Name            12             QT_Ora9DS       java.lang.String    PROCEDURE_NAME   string             SYS            Procedures    255                   255           0         false            true             false       false                 0           true        true          false     false       
RESERVED_1      12             QT_Ora9DS       java.lang.String    RESERVED_1       string             <null>         <null>        4000                  4000          0         false            false            false       true                  1           false       true          true      true        
RESERVED_2      12             QT_Ora9DS       java.lang.String    RESERVED_2       string             <null>         <null>        4000                  4000          0         false            false            false       true                  1           false       true          true      true        
RESERVED_3      12             QT_Ora9DS       java.lang.String    RESERVED_3       string             <null>         <null>        4000                  4000          0         false            false            false       true                  1           false       true          true      true        
Description     12             QT_Ora9DS       java.lang.String    REMARKS          string             SYS            Procedures    255                   255           0         false            true             false       false                 1           true        true          false     false       
PROCEDURE_TYPE  5              QT_Ora9DS       java.lang.Short     PROCEDURE_TYPE   short              <null>         <null>        6                     5             0         false            false            false       true                  1           false       true          true      true        
Name            12             QT_Ora9DS       java.lang.String    SPECIFIC_NAME    string             SYS            Procedures    255                   255           0         false            true             false       false                 0           true        true          false     false       
string                                                             string                                                             string                                                             string                                                             string                                                             string                                                             string                                                             short           string                                                           
PROCEDURE_CAT                                                      PROCEDURE_SCHEM                                                    PROCEDURE_NAME                                                     RESERVED_1                                                         RESERVED_2                                                         RESERVED_3                                                         REMARKS                                                            PROCEDURE_TYPE  SPECIFIC_NAME                                                    
Row Count : 0
getColumnName   getColumnType  getCatalogName  getColumnClassName  getColumnLabel   getColumnTypeName  getSchemaName  getTableName  getColumnDisplaySize  getPrecision  getScale  isAutoIncrement  isCaseSensitive  isCurrency  isDefinitelyWritable  isNullable  isReadOnly  isSearchable  isSigned  isWritable  
VDBName         12             QT_Ora9DS       java.lang.String    PROCEDURE_CAT    string             SYS            Procedures    255                   255           0         false            true             false       false                 0           true        true          false     false       
SchemaName      12             QT_Ora9DS       java.lang.String    PROCEDURE_SCHEM  string             SYS            Procedures    255                   255           0         false            true             false       false                 1           true        true          false     false       
Name            12             QT_Ora9DS       java.lang.String    PROCEDURE_NAME   string             SYS            Procedures    255                   255           0         false            true             false       false                 0           true        true          false     false       
RESERVED_1      12             QT_Ora9DS       java.lang.String    RESERVED_1       string             <null>         <null>        4000                  4000          0         false            false            false       true                  1           false       true          true      true        
RESERVED_2      12             QT_Ora9DS       java.lang.String    RESERVED_2       string             <null>         <null>        4000                  4000          0         false            false            false       true                  1           false       true          true      true        
RESERVED_3      12             QT_Ora9DS       java.lang.String    RESERVED_3       string             <null>         <null>        4000                  4000          0         false            false            false       true                  1           false       true          true      true        
Description     12             QT_Ora9DS       java.lang.String    REMARKS          string             SYS            Procedures    255                   255           0         false            true             false       false                 1           true        true          false     false       
PROCEDURE_TYPE  5              QT_Ora9DS       java.lang.Short     PROCEDURE_TYPE   short              <null>         <null>        6                     5             0         false            false            false       true                  1           false       true          true      true        
Name            12             QT_Ora9DS       java.lang.String    SPECIFIC_NAME    string             SYS            Procedures    255                   255           0         false            true             false       false                 0           true        true          false     false       
