string                                                             string                                                             string                                                             string                                                           
table_catalog                                                      table_schema                                                       table_name                                                         table_type                                                       
PartsSupplier                                                      PartsSupplier                                                      PARTSSUPPLIER.PARTS                                                BASE TABLE                                                       
PartsSupplier                                                      PartsSupplier                                                      PARTSSUPPLIER.SHIP_VIA                                             BASE TABLE                                                       
PartsSupplier                                                      PartsSupplier                                                      PARTSSUPPLIER.STATUS                                               BASE TABLE                                                       
PartsSupplier                                                      PartsSupplier                                                      PARTSSUPPLIER.SUPPLIER                                             BASE TABLE                                                       
PartsSupplier                                                      PartsSupplier                                                      PARTSSUPPLIER.SUPPLIER_PARTS                                       BASE TABLE                                                       
PartsSupplier                                                      pg_catalog                                                         information_schema.columns                                         SYSTEM VIEW                                                      
PartsSupplier                                                      pg_catalog                                                         information_schema.key_column_usage                                SYSTEM VIEW                                                      
PartsSupplier                                                      pg_catalog                                                         information_schema.referential_constraints                         SYSTEM VIEW                                                      
PartsSupplier                                                      pg_catalog                                                         information_schema.table_constraints                               SYSTEM VIEW                                                      
PartsSupplier                                                      pg_catalog                                                         information_schema.tables                                          SYSTEM VIEW                                                      
PartsSupplier                                                      pg_catalog                                                         information_schema.views                                           SYSTEM VIEW                                                      
PartsSupplier                                                      pg_catalog                                                         matpg_datatype                                                     SYSTEM VIEW                                                      
PartsSupplier                                                      pg_catalog                                                         pg_am                                                              SYSTEM VIEW                                                      
PartsSupplier                                                      pg_catalog                                                         pg_attrdef                                                         SYSTEM VIEW                                                      
PartsSupplier                                                      pg_catalog                                                         pg_attribute                                                       SYSTEM VIEW                                                      
PartsSupplier                                                      pg_catalog                                                         pg_class                                                           SYSTEM VIEW                                                      
PartsSupplier                                                      pg_catalog                                                         pg_constraint                                                      SYSTEM VIEW                                                      
PartsSupplier                                                      pg_catalog                                                         pg_database                                                        SYSTEM VIEW                                                      
PartsSupplier                                                      pg_catalog                                                         pg_description                                                     SYSTEM VIEW                                                      
PartsSupplier                                                      pg_catalog                                                         pg_index                                                           SYSTEM VIEW                                                      
PartsSupplier                                                      pg_catalog                                                         pg_inherits                                                        SYSTEM VIEW                                                      
PartsSupplier                                                      pg_catalog                                                         pg_namespace                                                       SYSTEM VIEW                                                      
PartsSupplier                                                      pg_catalog                                                         pg_prepared_xacts                                                  SYSTEM VIEW                                                      
PartsSupplier                                                      pg_catalog                                                         pg_proc                                                            SYSTEM VIEW                                                      
PartsSupplier                                                      pg_catalog                                                         pg_rewrite                                                         SYSTEM VIEW                                                      
PartsSupplier                                                      pg_catalog                                                         pg_roles                                                           SYSTEM VIEW                                                      
PartsSupplier                                                      pg_catalog                                                         pg_stats                                                           SYSTEM VIEW                                                      
PartsSupplier                                                      pg_catalog                                                         pg_tables                                                          SYSTEM VIEW                                                      
PartsSupplier                                                      pg_catalog                                                         pg_tablespace                                                      SYSTEM VIEW                                                      
PartsSupplier                                                      pg_catalog                                                         pg_trigger                                                         SYSTEM VIEW                                                      
PartsSupplier                                                      pg_catalog                                                         pg_type                                                            SYSTEM VIEW                                                      
PartsSupplier                                                      pg_catalog                                                         pg_user                                                            SYSTEM VIEW                                                      
PartsSupplier                                                      SYS                                                                Columns                                                            SYSTEM BASE TABLE                                                
PartsSupplier                                                      SYS                                                                DataTypes                                                          SYSTEM BASE TABLE                                                
PartsSupplier                                                      SYS                                                                FunctionParams                                                     SYSTEM BASE TABLE                                                
PartsSupplier                                                      SYS                                                                Functions                                                          SYSTEM BASE TABLE                                                
PartsSupplier                                                      SYS                                                                GEOGRAPHY_COLUMNS                                                  SYSTEM VIEW                                                      
PartsSupplier                                                      SYS                                                                GEOMETRY_COLUMNS                                                   SYSTEM VIEW                                                      
PartsSupplier                                                      SYS                                                                KeyColumns                                                         SYSTEM BASE TABLE                                                
PartsSupplier                                                      SYS                                                                Keys                                                               SYSTEM BASE TABLE                                                
PartsSupplier                                                      SYS                                                                ProcedureParams                                                    SYSTEM BASE TABLE                                                
PartsSupplier                                                      SYS                                                                Procedures                                                         SYSTEM BASE TABLE                                                
PartsSupplier                                                      SYS                                                                Properties                                                         SYSTEM BASE TABLE                                                
PartsSupplier                                                      SYS                                                                ReferenceKeyColumns                                                SYSTEM BASE TABLE                                                
PartsSupplier                                                      SYS                                                                Schemas                                                            SYSTEM BASE TABLE                                                
PartsSupplier                                                      SYS                                                                spatial_ref_sys                                                    SYSTEM VIEW                                                      
PartsSupplier                                                      SYS                                                                Tables                                                             SYSTEM BASE TABLE                                                
PartsSupplier                                                      SYS                                                                VirtualDatabases                                                   SYSTEM BASE TABLE                                                
PartsSupplier                                                      SYSADMIN                                                           MatViews                                                           SYSTEM BASE TABLE                                                
PartsSupplier                                                      SYSADMIN                                                           REQUESTS                                                           SYSTEM BASE TABLE                                                
PartsSupplier                                                      SYSADMIN                                                           SESSIONS                                                           SYSTEM BASE TABLE                                                
PartsSupplier                                                      SYSADMIN                                                           StoredProcedures                                                   SYSTEM BASE TABLE                                                
PartsSupplier                                                      SYSADMIN                                                           TRANSACTIONS                                                       SYSTEM BASE TABLE                                                
PartsSupplier                                                      SYSADMIN                                                           Triggers                                                           SYSTEM BASE TABLE                                                
PartsSupplier                                                      SYSADMIN                                                           Usage                                                              SYSTEM BASE TABLE                                                
PartsSupplier                                                      SYSADMIN                                                           VDBResources                                                       SYSTEM BASE TABLE                                                
PartsSupplier                                                      SYSADMIN                                                           Views                                                              SYSTEM BASE TABLE                                                
Row Count : 57
getColumnName  getColumnType  getCatalogName  getColumnClassName  getColumnLabel  getColumnTypeName  getSchemaName  getTableName               getColumnDisplaySize  getPrecision  getScale  isAutoIncrement  isCaseSensitive  isCurrency  isDefinitelyWritable  isNullable  isReadOnly  isSearchable  isSigned  isWritable  
table_catalog  12             PartsSupplier   java.lang.String    table_catalog   string             pg_catalog     information_schema.tables  4000                  4000          0         false            true             false       false                 1           true        true          false     false       
table_schema   12             PartsSupplier   java.lang.String    table_schema    string             pg_catalog     information_schema.tables  4000                  4000          0         false            true             false       false                 1           true        true          false     false       
table_name     12             PartsSupplier   java.lang.String    table_name      string             pg_catalog     information_schema.tables  4000                  4000          0         false            true             false       false                 1           true        true          false     false       
table_type     12             PartsSupplier   java.lang.String    table_type      string             pg_catalog     information_schema.tables  4000                  4000          0         false            true             false       false                 1           true        true          false     false       
