string                                                             string                                                             string                                                             string                                                             string                                                           
table_catalog                                                      table_schema                                                       table_name                                                         check_option                                                       is_updatable                                                     
PartsSupplier                                                      pg_catalog                                                         information_schema.columns                                         NONE                                                               NO                                                               
PartsSupplier                                                      pg_catalog                                                         information_schema.key_column_usage                                NONE                                                               NO                                                               
PartsSupplier                                                      pg_catalog                                                         information_schema.referential_constraints                         NONE                                                               NO                                                               
PartsSupplier                                                      pg_catalog                                                         information_schema.table_constraints                               NONE                                                               NO                                                               
PartsSupplier                                                      pg_catalog                                                         information_schema.tables                                          NONE                                                               NO                                                               
PartsSupplier                                                      pg_catalog                                                         information_schema.views                                           NONE                                                               NO                                                               
PartsSupplier                                                      pg_catalog                                                         matpg_datatype                                                     NONE                                                               NO                                                               
PartsSupplier                                                      pg_catalog                                                         pg_am                                                              NONE                                                               NO                                                               
PartsSupplier                                                      pg_catalog                                                         pg_attrdef                                                         NONE                                                               NO                                                               
PartsSupplier                                                      pg_catalog                                                         pg_attribute                                                       NONE                                                               NO                                                               
PartsSupplier                                                      pg_catalog                                                         pg_class                                                           NONE                                                               NO                                                               
PartsSupplier                                                      pg_catalog                                                         pg_constraint                                                      NONE                                                               NO                                                               
PartsSupplier                                                      pg_catalog                                                         pg_database                                                        NONE                                                               NO                                                               
PartsSupplier                                                      pg_catalog                                                         pg_description                                                     NONE                                                               NO                                                               
PartsSupplier                                                      pg_catalog                                                         pg_index                                                           NONE                                                               NO                                                               
PartsSupplier                                                      pg_catalog                                                         pg_inherits                                                        NONE                                                               NO                                                               
PartsSupplier                                                      pg_catalog                                                         pg_namespace                                                       NONE                                                               NO                                                               
PartsSupplier                                                      pg_catalog                                                         pg_prepared_xacts                                                  NONE                                                               NO                                                               
PartsSupplier                                                      pg_catalog                                                         pg_proc                                                            NONE                                                               NO                                                               
PartsSupplier                                                      pg_catalog                                                         pg_rewrite                                                         NONE                                                               NO                                                               
PartsSupplier                                                      pg_catalog                                                         pg_roles                                                           NONE                                                               NO                                                               
PartsSupplier                                                      pg_catalog                                                         pg_stats                                                           NONE                                                               NO                                                               
PartsSupplier                                                      pg_catalog                                                         pg_tables                                                          NONE                                                               NO                                                               
PartsSupplier                                                      pg_catalog                                                         pg_tablespace                                                      NONE                                                               NO                                                               
PartsSupplier                                                      pg_catalog                                                         pg_trigger                                                         NONE                                                               NO                                                               
PartsSupplier                                                      pg_catalog                                                         pg_type                                                            NONE                                                               NO                                                               
PartsSupplier                                                      pg_catalog                                                         pg_user                                                            NONE                                                               NO                                                               
PartsSupplier                                                      SYS                                                                GEOGRAPHY_COLUMNS                                                  NONE                                                               NO                                                               
PartsSupplier                                                      SYS                                                                GEOMETRY_COLUMNS                                                   NONE                                                               NO                                                               
PartsSupplier                                                      SYS                                                                spatial_ref_sys                                                    NONE                                                               NO                                                               
Row Count : 30
getColumnName  getColumnType  getCatalogName  getColumnClassName  getColumnLabel  getColumnTypeName  getSchemaName  getTableName              getColumnDisplaySize  getPrecision  getScale  isAutoIncrement  isCaseSensitive  isCurrency  isDefinitelyWritable  isNullable  isReadOnly  isSearchable  isSigned  isWritable  
table_catalog  12             PartsSupplier   java.lang.String    table_catalog   string             pg_catalog     information_schema.views  4000                  4000          0         false            true             false       false                 1           true        true          false     false       
table_schema   12             PartsSupplier   java.lang.String    table_schema    string             pg_catalog     information_schema.views  4000                  4000          0         false            true             false       false                 1           true        true          false     false       
table_name     12             PartsSupplier   java.lang.String    table_name      string             pg_catalog     information_schema.views  4000                  4000          0         false            true             false       false                 1           true        true          false     false       
check_option   12             PartsSupplier   java.lang.String    check_option    string             pg_catalog     information_schema.views  4000                  4000          0         false            true             false       false                 1           true        true          false     false       
is_updatable   12             PartsSupplier   java.lang.String    is_updatable    string             pg_catalog     information_schema.views  4000                  4000          0         false            true             false       false                 1           true        true          false     false       
