integer      integer      integer      short     boolean         boolean      boolean       short[]                                                            string                                                             string                                                             string[]                                                         
oid          indexrelid   indrelid     indnatts  indisclustered  indisunique  indisprimary  indkey                                                             indexprs                                                           indpred                                                            indkey_names                                                     
29           29           24           1         false           true         true          [1]                                                                <null>                                                             <null>                                                             [PART_ID]                                                        
34           34           31           1         false           true         true          [1]                                                                <null>                                                             <null>                                                             [SHIPPER_ID]                                                     
39           39           36           1         false           true         true          [1]                                                                <null>                                                             <null>                                                             [STATUS_ID]                                                      
47           47           41           1         false           true         true          [1]                                                                <null>                                                             <null>                                                             [SUPPLIER_ID]                                                    
49           49           41           1         false           false        false         [3]                                                                <null>                                                             <null>                                                             [SUPPLIER_STATUS]                                                
56           56           51           2         false           true         true          [1, 2]                                                             <null>                                                             <null>                                                             [SUPPLIER_ID, PART_ID]                                           
59           59           51           1         false           false        false         [2]                                                                <null>                                                             <null>                                                             [PART_ID]                                                        
61           61           51           1         false           false        false         [1]                                                                <null>                                                             <null>                                                             [SUPPLIER_ID]                                                    
99           99           64           4         false           true         true          [1, 2, 3, 4]                                                       <null>                                                             <null>                                                             [VDBName, SchemaName, TableName, Name]                           
104          104          64           3         false           false        false         [1, 2, 3]                                                          <null>                                                             <null>                                                             [VDBName, SchemaName, TableName]                                 
108          108          64           1         false           false        false         [31]                                                               <null>                                                             <null>                                                             [TableUID]                                                       
110          110          64           1         false           true         false         [29]                                                               <null>                                                             <null>                                                             [UID]                                                            
134          134          112          1         false           true         true          [1]                                                                <null>                                                             <null>                                                             [Name]                                                           
136          136          112          1         false           true         false         [15]                                                               <null>                                                             <null>                                                             [UID]                                                            
157          157          138          4         false           true         true          [1, 2, 3, 5]                                                       <null>                                                             <null>                                                             [VDBName, SchemaName, FunctionName, Name]                        
162          162          138          4         false           false        false         [1, 2, 3, 4]                                                       <null>                                                             <null>                                                             [VDBName, SchemaName, FunctionName, FunctionUID]                 
167          167          138          1         false           true         false         [14]                                                               <null>                                                             <null>                                                             [UID]                                                            
178          178          169          4         false           true         true          [1, 2, 3, 5]                                                       <null>                                                             <null>                                                             [VDBName, SchemaName, Name, UID]                                 
183          183          169          2         false           false        false         [1, 2]                                                             <null>                                                             <null>                                                             [VDBName, SchemaName]                                            
186          186          169          1         false           true         false         [5]                                                                <null>                                                             <null>                                                             [UID]                                                            
215          215          204          4         false           true         true          [1, 2, 3, 4]                                                       <null>                                                             <null>                                                             [VDBName, SchemaName, TableName, Name]                           
220          220          204          3         false           false        false         [1, 2, 3]                                                          <null>                                                             <null>                                                             [VDBName, SchemaName, TableName]                                 
224          224          204          1         false           false        false         [10]                                                               <null>                                                             <null>                                                             [TableUID]                                                       
226          226          204          1         false           true         false         [8]                                                                <null>                                                             <null>                                                             [UID]                                                            
245          245          228          4         false           true         true          [1, 2, 3, 4]                                                       <null>                                                             <null>                                                             [VDBName, SchemaName, TableName, Name]                           
250          250          228          3         false           false        false         [1, 2, 3]                                                          <null>                                                             <null>                                                             [VDBName, SchemaName, TableName]                                 
254          254          228          1         false           true         false         [10]                                                               <null>                                                             <null>                                                             [UID]                                                            
277          277          256          4         false           true         true          [1, 2, 3, 5]                                                       <null>                                                             <null>                                                             [VDBName, SchemaName, ProcedureName, Name]                       
282          282          256          3         false           false        false         [1, 2, 3]                                                          <null>                                                             <null>                                                             [VDBName, SchemaName, ProcedureName]                             
286          286          256          1         false           true         false         [15]                                                               <null>                                                             <null>                                                             [UID]                                                            
297          297          288          3         false           true         true          [1, 2, 3]                                                          <null>                                                             <null>                                                             [VDBName, SchemaName, Name]                                      
301          301          288          2         false           false        false         [1, 2]                                                             <null>                                                             <null>                                                             [VDBName, SchemaName]                                            
304          304          288          1         false           false        false         [8]                                                                <null>                                                             <null>                                                             [SchemaUID]                                                      
306          306          288          1         false           true         false         [6]                                                                <null>                                                             <null>                                                             [UID]                                                            
313          313          308          2         false           true         false         [3, 1]                                                             <null>                                                             <null>                                                             [UID, Name]                                                      
339          339          332          2         false           true         true          [1, 2]                                                             <null>                                                             <null>                                                             [VDBName, Name]                                                  
342          342          332          1         false           true         false         [4]                                                                <null>                                                             <null>                                                             [UID]                                                            
350          350          344          1         false           true         true          [1]                                                                <null>                                                             <null>                                                             [srid]                                                           
366          366          352          3         false           true         true          [1, 2, 3]                                                          <null>                                                             <null>                                                             [VDBName, SchemaName, Name]                                      
370          370          352          2         false           false        false         [1, 2]                                                             <null>                                                             <null>                                                             [VDBName, SchemaName]                                            
373          373          352          1         false           false        false         [13]                                                               <null>                                                             <null>                                                             [SchemaUID]                                                      
375          375          352          1         false           true         false         [8]                                                                <null>                                                             <null>                                                             [UID]                                                            
383          383          377          2         false           true         true          [1, 2]                                                             <null>                                                             <null>                                                             [Name, Version]                                                  
400          400          390          3         false           true         true          [1, 2, 3]                                                          <null>                                                             <null>                                                             [VDBName, SchemaName, Name]                                      
414          414          404          1         false           false        false         [2]                                                                <null>                                                             <null>                                                             [SessionId]                                                      
423          423          416          1         false           true         true          [2]                                                                <null>                                                             <null>                                                             [SessionId]                                                      
431          431          425          3         false           true         true          [1, 2, 3]                                                          <null>                                                             <null>                                                             [VDBName, SchemaName, Name]                                      
435          435          425          1         false           true         false         [5]                                                                <null>                                                             <null>                                                             [UID]                                                            
442          442          437          1         false           false        false         [2]                                                                <null>                                                             <null>                                                             [SessionId]                                                      
454          454          444          4         false           true         true          [1, 2, 3, 4]                                                       <null>                                                             <null>                                                             [VDBName, SchemaName, TableName, Name]                           
471          471          459          2         false           true         true          [2, 7]                                                             <null>                                                             <null>                                                             [UID, Uses_UID]                                                  
477          477          474          1         false           true         true          [1]                                                                <null>                                                             <null>                                                             [resourcePath]                                                   
485          485          479          3         false           true         true          [1, 2, 3]                                                          <null>                                                             <null>                                                             [VDBName, SchemaName, Name]                                      
489          489          479          1         false           true         false         [5]                                                                <null>                                                             <null>                                                             [UID]                                                            
639          639          631          2         false           true         true          [1, 3]                                                             <null>                                                             <null>                                                             [oid, name]                                                      
642          642          631          2         false           false        false         [2, 1]                                                             <null>                                                             <null>                                                             [typname, oid]                                                   
664          664          653          1         false           true         true          [1]                                                                <null>                                                             <null>                                                             [oid]                                                            
681          681          666          1         false           true         true          [1]                                                                <null>                                                             <null>                                                             [oid]                                                            
721          721          709          1         false           true         true          [2]                                                                <null>                                                             <null>                                                             [indexrelid]                                                     
747          747          736          1         false           true         true          [1]                                                                <null>                                                             <null>                                                             [oid]                                                            
Row Count : 60
getColumnName   getColumnType  getCatalogName  getColumnClassName  getColumnLabel  getColumnTypeName  getSchemaName  getTableName  getColumnDisplaySize  getPrecision  getScale  isAutoIncrement  isCaseSensitive  isCurrency  isDefinitelyWritable  isNullable  isReadOnly  isSearchable  isSigned  isWritable  
oid             4              PartsSupplier   java.lang.Integer   oid             integer            pg_catalog     pg_index      11                    10            0         false            false            false       false                 1           true        true          true      false       
indexrelid      4              PartsSupplier   java.lang.Integer   indexrelid      integer            pg_catalog     pg_index      11                    10            0         false            false            false       false                 1           true        true          true      false       
indrelid        4              PartsSupplier   java.lang.Integer   indrelid        integer            pg_catalog     pg_index      11                    10            0         false            false            false       false                 1           true        true          true      false       
indnatts        5              PartsSupplier   java.lang.Short     indnatts        short              pg_catalog     pg_index      6                     5             0         false            false            false       false                 1           true        true          true      false       
indisclustered  -7             PartsSupplier   java.lang.Boolean   indisclustered  boolean            pg_catalog     pg_index      5                     1             0         false            false            false       false                 1           true        true          false     false       
indisunique     -7             PartsSupplier   java.lang.Boolean   indisunique     boolean            pg_catalog     pg_index      5                     1             0         false            false            false       false                 1           true        true          false     false       
indisprimary    -7             PartsSupplier   java.lang.Boolean   indisprimary    boolean            pg_catalog     pg_index      5                     1             0         false            false            false       false                 1           true        true          false     false       
indkey          2003           PartsSupplier   java.sql.Array      indkey          short[]            pg_catalog     pg_index      2147483647            2             0         false            false            false       false                 1           true        true          true      false       
indexprs        12             PartsSupplier   java.lang.String    indexprs        string             pg_catalog     pg_index      4000                  4000          0         false            true             false       false                 1           true        true          false     false       
indpred         12             PartsSupplier   java.lang.String    indpred         string             pg_catalog     pg_index      4000                  4000          0         false            true             false       false                 1           true        true          false     false       
indkey_names    2003           PartsSupplier   java.sql.Array      indkey_names    string[]           pg_catalog     pg_index      2147483647            4000          0         false            true             false       false                 1           true        true          false     false       
