string                                                             string                                            
KeyName                                                            RefKeyUID                                         
PK                                                                 <null>                                            
PK                                                                 <null>                                            
PK                                                                 <null>                                            
PK                                                                 <null>                                            
PK                                                                 <null>                                            
PK                                                                 <null>                                            
PK                                                                 <null>                                            
PK                                                                 <null>                                            
PK                                                                 <null>                                            
PK                                                                 <null>                                            
PK                                                                 <null>                                            
PK                                                                 <null>                                            
PK                                                                 <null>                                            
PK                                                                 <null>                                            
PK                                                                 <null>                                            
PK                                                                 <null>                                            
PK                                                                 <null>                                            
PK                                                                 <null>                                            
PK                                                                 <null>                                            
PK                                                                 <null>                                            
PK                                                                 <null>                                            
PK                                                                 <null>                                            
PK                                                                 <null>                                            
PK                                                                 <null>                                            
PK                                                                 <null>                                            
PK                                                                 <null>                                            
PK                                                                 <null>                                            
PK                                                                 <null>                                            
PK                                                                 <null>                                            
PK                                                                 <null>                                            
PK                                                                 <null>                                            
PK                                                                 <null>                                            
PK                                                                 <null>                                            
PK                                                                 <null>                                            
PK                                                                 <null>                                            
PK_PARTS                                                           <null>                                            
PK_SHIP_VIA                                                        <null>                                            
PK_STATUS                                                          <null>                                            
PK_SUPPLIER                                                        <null>                                            
PK_SUPPLIER_PARTS                                                  <null>                                            
PK_SUPPLIER_PARTS                                                  <null>                                            
UNIQUE0                                                            <null>                                            
UNIQUE0                                                            <null>                                            
UNIQUE0                                                            <null>                                            
UNIQUE0                                                            <null>                                            
UNIQUE0                                                            <null>                                            
UNIQUE0                                                            <null>                                            
UNIQUE0                                                            <null>                                            
UNIQUE0                                                            <null>                                            
UNIQUE0                                                            <null>                                            
UNIQUE0                                                            <null>                                            
idx_matpg_relatt_ids                                               <null>                                            
idx_matpg_relatt_ids                                               <null>                                            
matpg_datatype_ids                                                 <null>                                            
matpg_datatype_ids                                                 <null>                                            
matpg_datatype_names                                               <null>                                            
matpg_datatype_names                                               <null>                                            
pk_matpg_relatt_names                                              <null>                                            
pk_matpg_relatt_names                                              <null>                                            
pk_matpg_relatt_names                                              <null>                                            
pk_pg_attr                                                         <null>                                            
pk_pg_class                                                        <null>                                            
pk_pg_index                                                        <null>                                            
pk_pg_proc                                                         <null>                                            
Row Count : 64
getColumnName  getColumnType  getCatalogName  getColumnClassName  getColumnLabel  getColumnTypeName  getSchemaName  getTableName  getColumnDisplaySize  getPrecision  getScale  isAutoIncrement  isCaseSensitive  isCurrency  isDefinitelyWritable  isNullable  isReadOnly  isSearchable  isSigned  isWritable  
KeyName        12             PartsSupplier   java.lang.String    KeyName         string             SYS            KeyColumns    255                   255           0         false            true             false       false                 1           true        true          false     false       
RefKeyUID      12             PartsSupplier   java.lang.String    RefKeyUID       string             SYS            KeyColumns    50                    50            0         false            true             false       false                 1           true        true          false     false       
