string                                                             string                                                             string                                                             string                                                             string                                                             string                                                             string                                                             string                                                             short    integer      integer      string                                                             string                                                             integer        string                                            
PKTABLE_CAT                                                        PKTABLE_SCHEM                                                      PKTABLE_NAME                                                       PKCOLUMN_NAME                                                      FKTABLE_CAT                                                        FKTABLE_SCHEM                                                      FKTABLE_NAME                                                       FKCOLUMN_NAME                                                      KEY_SEQ  UPDATE_RULE  DELETE_RULE  FK_NAME                                                            PK_NAME                                                            DEFERRABILITY  FK_UID                                            
PartsSupplier                                                      SYS                                                                Functions                                                          VDBName                                                            PartsSupplier                                                      SYS                                                                FunctionParams                                                     VDBName                                                            1        3            3            FK0                                                                PK                                                                 5              tid:2cb59cfd55db-a45943ae-00000091                
PartsSupplier                                                      SYS                                                                Functions                                                          SchemaName                                                         PartsSupplier                                                      SYS                                                                FunctionParams                                                     SchemaName                                                         2        3            3            FK0                                                                PK                                                                 5              tid:2cb59cfd55db-a45943ae-00000091                
PartsSupplier                                                      SYS                                                                Functions                                                          Name                                                               PartsSupplier                                                      SYS                                                                FunctionParams                                                     FunctionName                                                       3        3            3            FK0                                                                PK                                                                 5              tid:2cb59cfd55db-a45943ae-00000091                
PartsSupplier                                                      PartsSupplier                                                      PARTSSUPPLIER.PARTS                                                PART_ID                                                            PartsSupplier                                                      PartsSupplier                                                      PARTSSUPPLIER.SUPPLIER_PARTS                                       PART_ID                                                            1        3            3            FK_SPLIER_PRTS_PRTS                                                PK_PARTS                                                           5              mmuuid:66ddc4c0-73ff-1edc-a81c-ecf397b10590       
PartsSupplier                                                      PartsSupplier                                                      PARTSSUPPLIER.STATUS                                               STATUS_ID                                                          PartsSupplier                                                      PartsSupplier                                                      PARTSSUPPLIER.SUPPLIER                                             SUPPLIER_STATUS                                                    1        3            3            FK_SPLIER_STATS                                                    PK_STATUS                                                          5              mmuuid:5ac43c00-73ff-1edc-a81c-ecf397b10590       
PartsSupplier                                                      PartsSupplier                                                      PARTSSUPPLIER.SUPPLIER                                             SUPPLIER_ID                                                        PartsSupplier                                                      PartsSupplier                                                      PARTSSUPPLIER.SUPPLIER_PARTS                                       SUPPLIER_ID                                                        1        3            3            FK_SPLY_PRTS_SPLY                                                  PK_SUPPLIER                                                        5              mmuuid:66ddc4c1-73ff-1edc-a81c-ecf397b10590       
PartsSupplier                                                      SYS                                                                Procedures                                                         VDBName                                                            PartsSupplier                                                      SYS                                                                ProcedureParams                                                    VDBName                                                            1        3            3            FK0                                                                PK                                                                 5              tid:2cb59cfd55db-b90423b0-0000006f                
PartsSupplier                                                      SYS                                                                Procedures                                                         SchemaName                                                         PartsSupplier                                                      SYS                                                                ProcedureParams                                                    SchemaName                                                         2        3            3            FK0                                                                PK                                                                 5              tid:2cb59cfd55db-b90423b0-0000006f                
PartsSupplier                                                      SYS                                                                Procedures                                                         Name                                                               PartsSupplier                                                      SYS                                                                ProcedureParams                                                    ProcedureName                                                      3        3            3            FK0                                                                PK                                                                 5              tid:2cb59cfd55db-b90423b0-0000006f                
PartsSupplier                                                      SYS                                                                Schemas                                                            VDBName                                                            PartsSupplier                                                      SYS                                                                Functions                                                          VDBName                                                            1        3            3            FK0                                                                PK                                                                 5              tid:2cb59cfd55db-b26d467d-0000009b                
PartsSupplier                                                      SYS                                                                Schemas                                                            Name                                                               PartsSupplier                                                      SYS                                                                Functions                                                          SchemaName                                                         2        3            3            FK0                                                                PK                                                                 5              tid:2cb59cfd55db-b26d467d-0000009b                
PartsSupplier                                                      SYS                                                                Schemas                                                            VDBName                                                            PartsSupplier                                                      SYS                                                                Procedures                                                         VDBName                                                            1        3            3            FK0                                                                PK                                                                 5              tid:2cb59cfd55db-3ee7c8c1-0000007c                
PartsSupplier                                                      SYS                                                                Schemas                                                            Name                                                               PartsSupplier                                                      SYS                                                                Procedures                                                         SchemaName                                                         2        3            3            FK0                                                                PK                                                                 5              tid:2cb59cfd55db-3ee7c8c1-0000007c                
PartsSupplier                                                      SYS                                                                Schemas                                                            UID                                                                PartsSupplier                                                      SYS                                                                Procedures                                                         SchemaUID                                                          1        3            3            FK1                                                                UNIQUE0                                                            5              tid:2cb59cfd55db-3ee7c8c2-0000007d                
PartsSupplier                                                      SYS                                                                Schemas                                                            VDBName                                                            PartsSupplier                                                      SYS                                                                Tables                                                             VDBName                                                            1        3            3            FK0                                                                PK                                                                 5              tid:2cb59cfd55db-b8dd6f79-000000ce                
PartsSupplier                                                      SYS                                                                Schemas                                                            Name                                                               PartsSupplier                                                      SYS                                                                Tables                                                             SchemaName                                                         2        3            3            FK0                                                                PK                                                                 5              tid:2cb59cfd55db-b8dd6f79-000000ce                
PartsSupplier                                                      SYS                                                                Schemas                                                            UID                                                                PartsSupplier                                                      SYS                                                                Tables                                                             SchemaUID                                                          1        3            3            FK1                                                                UNIQUE0                                                            5              tid:2cb59cfd55db-b8dd6f7a-000000cf                
PartsSupplier                                                      SYS                                                                Tables                                                             VDBName                                                            PartsSupplier                                                      SYS                                                                Columns                                                            VDBName                                                            1        3            3            FK0                                                                PK                                                                 5              tid:2cb59cfd55db-f9cb2344-00000023                
PartsSupplier                                                      SYS                                                                Tables                                                             SchemaName                                                         PartsSupplier                                                      SYS                                                                Columns                                                            SchemaName                                                         2        3            3            FK0                                                                PK                                                                 5              tid:2cb59cfd55db-f9cb2344-00000023                
PartsSupplier                                                      SYS                                                                Tables                                                             Name                                                               PartsSupplier                                                      SYS                                                                Columns                                                            TableName                                                          3        3            3            FK0                                                                PK                                                                 5              tid:2cb59cfd55db-f9cb2344-00000023                
PartsSupplier                                                      SYS                                                                Tables                                                             UID                                                                PartsSupplier                                                      SYS                                                                Columns                                                            TableUID                                                           1        3            3            FK1                                                                UNIQUE0                                                            5              tid:2cb59cfd55db-f9cb2345-00000024                
PartsSupplier                                                      SYS                                                                Tables                                                             VDBName                                                            PartsSupplier                                                      SYS                                                                KeyColumns                                                         VDBName                                                            1        3            3            FK0                                                                PK                                                                 5              tid:2cb59cfd55db-47768c56-00000049                
PartsSupplier                                                      SYS                                                                Tables                                                             SchemaName                                                         PartsSupplier                                                      SYS                                                                KeyColumns                                                         SchemaName                                                         2        3            3            FK0                                                                PK                                                                 5              tid:2cb59cfd55db-47768c56-00000049                
PartsSupplier                                                      SYS                                                                Tables                                                             Name                                                               PartsSupplier                                                      SYS                                                                KeyColumns                                                         TableName                                                          3        3            3            FK0                                                                PK                                                                 5              tid:2cb59cfd55db-47768c56-00000049                
PartsSupplier                                                      SYS                                                                Tables                                                             UID                                                                PartsSupplier                                                      SYS                                                                KeyColumns                                                         TableUID                                                           1        3            3            FK1                                                                UNIQUE0                                                            5              tid:2cb59cfd55db-47768c57-0000004a                
PartsSupplier                                                      SYS                                                                Tables                                                             VDBName                                                            PartsSupplier                                                      SYS                                                                Keys                                                               VDBName                                                            1        3            3            FK0                                                                PK                                                                 5              tid:2cb59cfd55db-885cafdc-0000005b                
PartsSupplier                                                      SYS                                                                Tables                                                             SchemaName                                                         PartsSupplier                                                      SYS                                                                Keys                                                               SchemaName                                                         2        3            3            FK0                                                                PK                                                                 5              tid:2cb59cfd55db-885cafdc-0000005b                
PartsSupplier                                                      SYS                                                                Tables                                                             Name                                                               PartsSupplier                                                      SYS                                                                Keys                                                               TableName                                                          3        3            3            FK0                                                                PK                                                                 5              tid:2cb59cfd55db-885cafdc-0000005b                
Row Count : 28
getColumnName  getColumnType  getCatalogName  getColumnClassName  getColumnLabel  getColumnTypeName  getSchemaName  getTableName         getColumnDisplaySize  getPrecision  getScale  isAutoIncrement  isCaseSensitive  isCurrency  isDefinitelyWritable  isNullable  isReadOnly  isSearchable  isSigned  isWritable  
PKTABLE_CAT    12             PartsSupplier   java.lang.String    PKTABLE_CAT     string             SYS            ReferenceKeyColumns  255                   255           0         false            true             false       false                 1           true        true          false     false       
PKTABLE_SCHEM  12             PartsSupplier   java.lang.String    PKTABLE_SCHEM   string             SYS            ReferenceKeyColumns  255                   255           0         false            true             false       false                 1           true        true          false     false       
PKTABLE_NAME   12             PartsSupplier   java.lang.String    PKTABLE_NAME    string             SYS            ReferenceKeyColumns  255                   255           0         false            true             false       false                 1           true        true          false     false       
PKCOLUMN_NAME  12             PartsSupplier   java.lang.String    PKCOLUMN_NAME   string             SYS            ReferenceKeyColumns  255                   255           0         false            true             false       false                 1           true        true          false     false       
FKTABLE_CAT    12             PartsSupplier   java.lang.String    FKTABLE_CAT     string             SYS            ReferenceKeyColumns  255                   255           0         false            true             false       false                 1           true        true          false     false       
FKTABLE_SCHEM  12             PartsSupplier   java.lang.String    FKTABLE_SCHEM   string             SYS            ReferenceKeyColumns  255                   255           0         false            true             false       false                 1           true        true          false     false       
FKTABLE_NAME   12             PartsSupplier   java.lang.String    FKTABLE_NAME    string             SYS            ReferenceKeyColumns  255                   255           0         false            true             false       false                 1           true        true          false     false       
FKCOLUMN_NAME  12             PartsSupplier   java.lang.String    FKCOLUMN_NAME   string             SYS            ReferenceKeyColumns  255                   255           0         false            true             false       false                 1           true        true          false     false       
KEY_SEQ        5              PartsSupplier   java.lang.Short     KEY_SEQ         short              SYS            ReferenceKeyColumns  6                     5             0         false            false            false       false                 1           true        true          true      false       
UPDATE_RULE    4              PartsSupplier   java.lang.Integer   UPDATE_RULE     integer            SYS            ReferenceKeyColumns  11                    10            0         false            false            false       false                 1           true        true          true      false       
DELETE_RULE    4              PartsSupplier   java.lang.Integer   DELETE_RULE     integer            SYS            ReferenceKeyColumns  11                    10            0         false            false            false       false                 1           true        true          true      false       
FK_NAME        12             PartsSupplier   java.lang.String    FK_NAME         string             SYS            ReferenceKeyColumns  255                   255           0         false            true             false       false                 1           true        true          false     false       
PK_NAME        12             PartsSupplier   java.lang.String    PK_NAME         string             SYS            ReferenceKeyColumns  255                   255           0         false            true             false       false                 1           true        true          false     false       
DEFERRABILITY  4              PartsSupplier   java.lang.Integer   DEFERRABILITY   integer            SYS            ReferenceKeyColumns  11                    10            0         false            false            false       false                 1           true        true          true      false       
FK_UID         12             PartsSupplier   java.lang.String    FK_UID          string             SYS            ReferenceKeyColumns  50                    50            0         false            true             false       false                 1           true        true          false     false       
