string                                                             string                                                             string                                                             string                                                             boolean         string                                              string                                                             integer    
VDBName                                                            SchemaName                                                         Name                                                               NameInSource                                                       ReturnsResults  UID                                                 Description                                                        OID        
PartsSupplier                                                      SYS                                                                getXMLSchemas                                                      <null>                                                             true            tid:2cb59cfd55db-b59a8ad1-000000ae                  <null>                                                             <null>     
PartsSupplier                                                      SYSADMIN                                                           isLoggable                                                         <null>                                                             false           tid:60b87e792634-492678c7-00000010                  <null>                                                             <null>     
PartsSupplier                                                      SYSADMIN                                                           loadMatView                                                        <null>                                                             false           tid:60b87e792634-1388485f-0000003a                  <null>                                                             <null>     
PartsSupplier                                                      SYSADMIN                                                           logMsg                                                             <null>                                                             false           tid:60b87e792634-be97959d-00000014                  <null>                                                             <null>     
PartsSupplier                                                      SYSADMIN                                                           matViewStatus                                                      <null>                                                             true            tid:60b87e792634-f786f077-00000030                  <null>                                                             <null>     
PartsSupplier                                                      SYSADMIN                                                           refreshMatView                                                     <null>                                                             false           tid:60b87e792634-d197ccca-00000019                  <null>                                                             <null>     
PartsSupplier                                                      SYSADMIN                                                           refreshMatViewRow                                                  <null>                                                             false           tid:60b87e792634-9021c8b0-0000001d                  <null>                                                             <null>     
PartsSupplier                                                      SYSADMIN                                                           setColumnStats                                                     <null>                                                             false           tid:60b87e792634-3dd16127-00000021                  <null>                                                             <null>     
PartsSupplier                                                      SYSADMIN                                                           setProperty                                                        <null>                                                             false           tid:60b87e792634-3b607c57-00000028                  <null>                                                             <null>     
PartsSupplier                                                      SYSADMIN                                                           setTableStats                                                      <null>                                                             false           tid:60b87e792634-c20fcf73-0000002d                  <null>                                                             <null>     
Row Count : 10
getColumnName   getColumnType  getCatalogName  getColumnClassName  getColumnLabel  getColumnTypeName  getSchemaName  getTableName  getColumnDisplaySize  getPrecision  getScale  isAutoIncrement  isCaseSensitive  isCurrency  isDefinitelyWritable  isNullable  isReadOnly  isSearchable  isSigned  isWritable  
VDBName         12             PartsSupplier   java.lang.String    VDBName         string             SYS            Procedures    255                   255           0         false            true             false       false                 0           true        true          false     false       
SchemaName      12             PartsSupplier   java.lang.String    SchemaName      string             SYS            Procedures    255                   255           0         false            true             false       false                 1           true        true          false     false       
Name            12             PartsSupplier   java.lang.String    Name            string             SYS            Procedures    255                   255           0         false            true             false       false                 0           true        true          false     false       
NameInSource    12             PartsSupplier   java.lang.String    NameInSource    string             SYS            Procedures    255                   255           0         false            true             false       false                 1           true        true          false     false       
ReturnsResults  -7             PartsSupplier   java.lang.Boolean   ReturnsResults  boolean            SYS            Procedures    5                     1             0         false            false            false       false                 0           true        true          false     false       
UID             12             PartsSupplier   java.lang.String    UID             string             SYS            Procedures    50                    50            0         false            true             false       false                 0           true        true          false     false       
Description     12             PartsSupplier   java.lang.String    Description     string             SYS            Procedures    255                   255           0         false            true             false       false                 1           true        true          false     false       
OID             4              PartsSupplier   java.lang.Integer   OID             integer            SYS            Procedures    11                    10            0         false            false            false       false                 1           true        true          true      false       
