string                                                             string                                                             string                                                             string                string                                                             boolean     boolean          string                                              integer      string                                                             boolean   boolean         integer    
VDBName                                                            SchemaName                                                         Name                                                               Type                  NameInSource                                                       IsPhysical  SupportsUpdates  UID                                                 Cardinality  Description                                                        IsSystem  IsMaterialized  OID        
PartsSupplier                                                      SYS                                                                Columns                                                            Table                 <null>                                                             true        false            tid:2cb59cfd55db-9bd42fbd-00000001                  -1           <null>                                                             true      false           <null>     
PartsSupplier                                                      SYS                                                                DataTypes                                                          Table                 <null>                                                             true        false            tid:2cb59cfd55db-6130d2cf-00000025                  -1           <null>                                                             true      false           <null>     
PartsSupplier                                                      SYS                                                                KeyColumns                                                         Table                 <null>                                                             true        false            tid:2cb59cfd55db-c5c6549e-0000003b                  -1           <null>                                                             true      false           <null>     
PartsSupplier                                                      SYS                                                                Keys                                                               Table                 <null>                                                             true        false            tid:2cb59cfd55db-0023a214-00000049                  -1           <null>                                                             true      false           <null>     
PartsSupplier                                                      SYSADMIN                                                           MatViews                                                           Table                 <null>                                                             true        false            tid:60b87e792634-14d6450e-00000001                  -1           <null>                                                             true      false           <null>     
PartsSupplier                                                      PartsSupplier                                                      PARTSSUPPLIER.PARTS                                                Table                 PARTS                                                              true        true             mmuuid:f6276601-73fe-1edc-a81c-ecf397b10590         16           <null>                                                             false     false           <null>     
PartsSupplier                                                      PartsSupplier                                                      PARTSSUPPLIER.SHIP_VIA                                             Table                 SHIP_VIA                                                           true        true             mmuuid:0f4e9b80-73ff-1edc-a81c-ecf397b10590         4            <null>                                                             false     false           <null>     
PartsSupplier                                                      PartsSupplier                                                      PARTSSUPPLIER.STATUS                                               Table                 STATUS                                                             true        true             mmuuid:1f297200-73ff-1edc-a81c-ecf397b10590         3            <null>                                                             false     false           <null>     
PartsSupplier                                                      PartsSupplier                                                      PARTSSUPPLIER.SUPPLIER                                             Table                 SUPPLIER                                                           true        true             mmuuid:2c371ec0-73ff-1edc-a81c-ecf397b10590         16           <null>                                                             false     false           <null>     
PartsSupplier                                                      PartsSupplier                                                      PARTSSUPPLIER.SUPPLIER_PARTS                                       Table                 SUPPLIER_PARTS                                                     true        true             mmuuid:3deafb00-73ff-1edc-a81c-ecf397b10590         227          <null>                                                             false     false           <null>     
PartsSupplier                                                      SYS                                                                ProcedureParams                                                    Table                 <null>                                                             true        false            tid:2cb59cfd55db-ab347619-00000058                  -1           <null>                                                             true      false           <null>     
PartsSupplier                                                      SYS                                                                Procedures                                                         Table                 <null>                                                             true        false            tid:2cb59cfd55db-8f29b420-0000006d                  -1           <null>                                                             true      false           <null>     
PartsSupplier                                                      SYS                                                                Properties                                                         Table                 <null>                                                             true        false            tid:2cb59cfd55db-3f9f6953-00000079                  -1           <null>                                                             true      false           <null>     
PartsSupplier                                                      SYS                                                                ReferenceKeyColumns                                                Table                 <null>                                                             true        false            tid:2cb59cfd55db-aa92fa09-00000080                  -1           <null>                                                             true      false           <null>     
PartsSupplier                                                      SYS                                                                Schemas                                                            Table                 <null>                                                             true        false            tid:2cb59cfd55db-d57e16d2-0000008f                  -1           <null>                                                             true      false           <null>     
PartsSupplier                                                      SYS                                                                Tables                                                             Table                 <null>                                                             true        false            tid:2cb59cfd55db-94dc2a85-00000099                  -1           <null>                                                             true      false           <null>     
PartsSupplier                                                      SYSADMIN                                                           Triggers                                                           Table                 <null>                                                             true        false            tid:60b87e792634-5d71c5db-00000010                  -1           <null>                                                             true      false           <null>     
PartsSupplier                                                      SYSADMIN                                                           VDBResources                                                       Table                 <null>                                                             true        false            tid:60b87e792634-1e9b1131-0000000c                  -1           <null>                                                             true      false           <null>     
PartsSupplier                                                      SYS                                                                VirtualDatabases                                                   Table                 <null>                                                             true        false            tid:2cb59cfd55db-a9e11fad-000000aa                  -1           <null>                                                             true      false           <null>     
PartsSupplier                                                      pg_catalog                                                         matpg_datatype                                                     Table                 <null>                                                             false       false            tid:7ff2755e9621-e544c1cc-0000006a                  -1           <null>                                                             true      true            <null>     
PartsSupplier                                                      pg_catalog                                                         matpg_relatt                                                       Table                 <null>                                                             false       false            tid:7ff2755e9621-75d65150-00000060                  -1           <null>                                                             true      true            <null>     
PartsSupplier                                                      pg_catalog                                                         pg_am                                                              Table                 <null>                                                             false       false            tid:7ff2755e9621-065a8b74-00000033                  -1           <null>                                                             true      false           <null>     
PartsSupplier                                                      pg_catalog                                                         pg_attrdef                                                         Table                 <null>                                                             false       false            tid:7ff2755e9621-ec00662c-0000004c                  -1           <null>                                                             true      false           <null>     
PartsSupplier                                                      pg_catalog                                                         pg_attribute                                                       Table                 <null>                                                             false       false            tid:7ff2755e9621-edc4ea54-0000000f                  -1           <null>                                                             true      true            <null>     
PartsSupplier                                                      pg_catalog                                                         pg_class                                                           Table                 <null>                                                             false       false            tid:7ff2755e9621-62e78530-00000004                  -1           <null>                                                             true      true            <null>     
PartsSupplier                                                      pg_catalog                                                         pg_database                                                        Table                 <null>                                                             false       false            tid:7ff2755e9621-dda8fac3-00000051                  -1           <null>                                                             true      false           <null>     
PartsSupplier                                                      pg_catalog                                                         pg_description                                                     Table                 <null>                                                             false       false            tid:7ff2755e9621-3be1b5b4-00000072                  -1           <null>                                                             true      false           <null>     
PartsSupplier                                                      pg_catalog                                                         pg_index                                                           Table                 <null>                                                             false       false            tid:7ff2755e9621-633d048a-00000027                  -1           <null>                                                             true      true            <null>     
PartsSupplier                                                      pg_catalog                                                         pg_namespace                                                       Table                 <null>                                                             false       false            tid:7ff2755e9621-37a09513-00000001                  -1           <null>                                                             true      false           <null>     
PartsSupplier                                                      pg_catalog                                                         pg_proc                                                            Table                 <null>                                                             false       false            tid:7ff2755e9621-d9ec709e-00000036                  -1           <null>                                                             true      true            <null>     
PartsSupplier                                                      pg_catalog                                                         pg_trigger                                                         Table                 <null>                                                             false       false            tid:7ff2755e9621-d50d2370-00000042                  -1           <null>                                                             true      false           <null>     
PartsSupplier                                                      pg_catalog                                                         pg_type                                                            Table                 <null>                                                             false       false            tid:7ff2755e9621-d9ee5c82-0000001b                  -1           <null>                                                             true      true            <null>     
PartsSupplier                                                      pg_catalog                                                         pg_user                                                            Table                 <null>                                                             false       false            tid:7ff2755e9621-d9eeb913-0000005b                  -1           <null>                                                             true      false           <null>     
Row Count : 33
getColumnName    getColumnType  getCatalogName  getColumnClassName  getColumnLabel   getColumnTypeName  getSchemaName  getTableName  getColumnDisplaySize  getPrecision  getScale  isAutoIncrement  isCaseSensitive  isCurrency  isDefinitelyWritable  isNullable  isReadOnly  isSearchable  isSigned  isWritable  
VDBName          12             PartsSupplier   java.lang.String    VDBName          string             SYS            Tables        255                   255           0         false            true             false       false                 1           true        true          false     false       
SchemaName       12             PartsSupplier   java.lang.String    SchemaName       string             SYS            Tables        255                   255           0         false            true             false       false                 1           true        true          false     false       
Name             12             PartsSupplier   java.lang.String    Name             string             SYS            Tables        255                   255           0         false            true             false       false                 0           true        true          false     false       
Type             12             PartsSupplier   java.lang.String    Type             string             SYS            Tables        20                    20            0         false            true             false       false                 0           true        true          false     false       
NameInSource     12             PartsSupplier   java.lang.String    NameInSource     string             SYS            Tables        255                   255           0         false            true             false       false                 1           true        true          false     false       
IsPhysical       -7             PartsSupplier   java.lang.Boolean   IsPhysical       boolean            SYS            Tables        5                     1             0         false            false            false       false                 0           true        true          false     false       
SupportsUpdates  -7             PartsSupplier   java.lang.Boolean   SupportsUpdates  boolean            SYS            Tables        5                     1             0         false            false            false       false                 0           true        true          false     false       
UID              12             PartsSupplier   java.lang.String    UID              string             SYS            Tables        50                    50            0         false            true             false       false                 0           true        true          false     false       
Cardinality      4              PartsSupplier   java.lang.Integer   Cardinality      integer            SYS            Tables        11                    10            0         false            false            false       false                 0           true        true          true      false       
Description      12             PartsSupplier   java.lang.String    Description      string             SYS            Tables        255                   255           0         false            true             false       false                 1           true        true          false     false       
IsSystem         -7             PartsSupplier   java.lang.Boolean   IsSystem         boolean            SYS            Tables        5                     1             0         false            false            false       false                 1           true        true          false     false       
IsMaterialized   -7             PartsSupplier   java.lang.Boolean   IsMaterialized   boolean            SYS            Tables        5                     1             0         false            false            false       false                 0           true        true          false     false       
OID              4              PartsSupplier   java.lang.Integer   OID              integer            SYS            Tables        11                    10            0         false            false            false       false                 1           true        true          true      false       
