string                                                             string                                                             string                                                             string                                                             string                     integer      string                                                             boolean   integer      integer      integer      integer      string      string                                              string                                                           
VDBName                                                            SchemaName                                                         ProcedureName                                                      Name                                                               DataType                   Position     Type                                                               Optional  Precision    TypeLength   Scale        Radix        NullType    UID                                                 Description                                                      
PartsSupplier                                                      SYSADMIN                                                           matViewStatus                                                      Cardinality                                                        long                       6            ResultSet                                                          false     19           8            0            10           Nullable    tid:60b87e792634-edfb2f6a-0000000a                  <null>                                                           
PartsSupplier                                                      SYSADMIN                                                           refreshMatView                                                     Invalidate                                                         boolean                    3            In                                                                 false     1            1            0            10           No Nulls    tid:60b87e792634-f566be1c-00000012                  <null>                                                           
PartsSupplier                                                      SYSADMIN                                                           refreshMatViewRow                                                  Key                                                                object                     3            In                                                                 false     0            2147483647   0            0            No Nulls    tid:60b87e792634-5604a6f1-00000016                  <null>                                                           
PartsSupplier                                                      SYSADMIN                                                           refreshMatViewRows                                                 Key                                                                object[]                   3            In                                                                 false     0            2147483647   0            0            No Nulls    tid:60b87e792634-6d1cbbd7-0000001b                  <null>                                                           
PartsSupplier                                                      SYSADMIN                                                           refreshMatViewRow                                                  KeyOther                                                           object                     4            In                                                                 false     0            2147483647   0            0            Nullable    tid:60b87e792634-76daf8c3-00000017                  <null>                                                           
PartsSupplier                                                      SYSADMIN                                                           matViewStatus                                                      LoadNumber                                                         long                       7            ResultSet                                                          false     19           8            0            10           Nullable    tid:60b87e792634-b9a93deb-0000000b                  <null>                                                           
PartsSupplier                                                      SYSADMIN                                                           matViewStatus                                                      LoadState                                                          string                     4            ResultSet                                                          false     0            25           0            0            Nullable    tid:60b87e792634-21cce927-00000008                  <null>                                                           
PartsSupplier                                                      SYSADMIN                                                           setProperty                                                        Name                                                               string                     3            In                                                                 false     0            4000         0            0            No Nulls    tid:60b87e792634-8110d7af-00000026                  <null>                                                           
PartsSupplier                                                      SYSADMIN                                                           matViewStatus                                                      NodeName                                                           string                     9            ResultSet                                                          false     0            25           0            0            Nullable    tid:60b87e792634-9ef8c9c9-0000000d                  <null>                                                           
PartsSupplier                                                      SYSADMIN                                                           setProperty                                                        OldValue                                                           clob                       1            ReturnValue                                                        false     0            2097152      0            0            No Nulls    tid:60b87e792634-901800ae-00000024                  <null>                                                           
PartsSupplier                                                      SYSADMIN                                                           matViewStatus                                                      OnErrorAction                                                      string                     8            ResultSet                                                          false     0            25           0            0            Nullable    tid:60b87e792634-3f83e8db-0000000c                  <null>                                                           
PartsSupplier                                                      SYSADMIN                                                           refreshMatView                                                     RowsUpdated                                                        integer                    1            ReturnValue                                                        false     10           4            0            10           No Nulls    tid:60b87e792634-74143943-00000010                  <null>                                                           
PartsSupplier                                                      SYSADMIN                                                           refreshMatViewRow                                                  RowsUpdated                                                        integer                    1            ReturnValue                                                        false     10           4            0            10           No Nulls    tid:60b87e792634-de530934-00000014                  <null>                                                           
PartsSupplier                                                      SYSADMIN                                                           refreshMatViewRows                                                 RowsUpdated                                                        integer                    1            ReturnValue                                                        false     10           4            0            10           No Nulls    tid:60b87e792634-f56b1e1a-00000019                  <null>                                                           
PartsSupplier                                                      SYSADMIN                                                           matViewStatus                                                      TargetName                                                         string                     2            ResultSet                                                          false     0            50           0            0            Nullable    tid:60b87e792634-ec00a5d8-00000006                  <null>                                                           
PartsSupplier                                                      SYSADMIN                                                           matViewStatus                                                      TargetSchemaName                                                   string                     1            ResultSet                                                          false     0            50           0            0            Nullable    tid:60b87e792634-d0759659-00000005                  <null>                                                           
PartsSupplier                                                      SYSADMIN                                                           setProperty                                                        UID                                                                string                     2            In                                                                 false     0            50           0            0            No Nulls    tid:60b87e792634-80ed3134-00000025                  <null>                                                           
PartsSupplier                                                      SYSADMIN                                                           matViewStatus                                                      Updated                                                            timestamp                  5            ResultSet                                                          false     0            12           0            0            Nullable    tid:60b87e792634-ad701297-00000009                  <null>                                                           
PartsSupplier                                                      SYSADMIN                                                           matViewStatus                                                      Valid                                                              boolean                    3            ResultSet                                                          false     1            1            0            10           Nullable    tid:60b87e792634-5d1a39d8-00000007                  <null>                                                           
PartsSupplier                                                      SYSADMIN                                                           setProperty                                                        Value                                                              clob                       4            In                                                                 false     0            2097152      0            0            Nullable    tid:60b87e792634-85d58a55-00000027                  <null>                                                           
PartsSupplier                                                      SYSADMIN                                                           refreshMatView                                                     ViewName                                                           string                     2            In                                                                 false     0            4000         0            0            No Nulls    tid:60b87e792634-36e363b1-00000011                  <null>                                                           
PartsSupplier                                                      SYSADMIN                                                           refreshMatViewRow                                                  ViewName                                                           string                     2            In                                                                 false     0            4000         0            0            No Nulls    tid:60b87e792634-a12233a2-00000015                  <null>                                                           
PartsSupplier                                                      SYSADMIN                                                           refreshMatViewRows                                                 ViewName                                                           string                     2            In                                                                 false     0            4000         0            0            No Nulls    tid:60b87e792634-b83a4888-0000001a                  <null>                                                           
PartsSupplier                                                      SYSADMIN                                                           setTableStats                                                      cardinality                                                        long                       2            In                                                                 false     19           8            0            10           No Nulls    tid:60b87e792634-bc633960-0000002a                  <null>                                                           
PartsSupplier                                                      SYS                                                                ARRAYITERATE                                                       col                                                                object                     1            ResultSet                                                          false     0            2147483647   0            0            Nullable    tid:2cb59cfd55db-bc0f31dd-00000004                  <null>                                                           
PartsSupplier                                                      SYSADMIN                                                           setColumnStats                                                     columnName                                                         string                     2            In                                                                 false     0            4000         0            0            No Nulls    tid:60b87e792634-d0ec6f22-0000001e                  <null>                                                           
PartsSupplier                                                      SYSADMIN                                                           isLoggable                                                         context                                                            string                     3            In                                                                 false     0            4000         0            0            No Nulls    tid:60b87e792634-371ae70b-00000009                  <null>                                                           
PartsSupplier                                                      SYSADMIN                                                           logMsg                                                             context                                                            string                     3            In                                                                 false     0            4000         0            0            No Nulls    tid:60b87e792634-b4d54bbc-0000000d                  <null>                                                           
PartsSupplier                                                      SYSADMIN                                                           setColumnStats                                                     distinctCount                                                      long                       3            In                                                                 false     19           8            0            10           Nullable    tid:60b87e792634-e72f7794-0000001f                  <null>                                                           
PartsSupplier                                                      SYS                                                                getXMLSchemas                                                      document                                                           string                     1            In                                                                 false     0            4000         0            0            No Nulls    tid:2cb59cfd55db-13629c2e-0000000e                  <null>                                                           
PartsSupplier                                                      SYSADMIN                                                           loadMatView                                                        invalidate                                                         boolean                    4            In                                                                 false     1            1            0            10           No Nulls    tid:60b87e792634-06f3b6a4-00000033                  <null>                                                           
PartsSupplier                                                      SYSADMIN                                                           isLoggable                                                         level                                                              string                     2            In                                                                 false     0            4000         0            0            No Nulls    tid:60b87e792634-04854ce0-00000008                  <null>                                                           
PartsSupplier                                                      SYSADMIN                                                           logMsg                                                             level                                                              string                     2            In                                                                 false     0            4000         0            0            No Nulls    tid:60b87e792634-823fb191-0000000c                  <null>                                                           
PartsSupplier                                                      SYSADMIN                                                           isLoggable                                                         loggable                                                           boolean                    1            ReturnValue                                                        false     1            1            0            10           No Nulls    tid:60b87e792634-76d282d9-00000007                  <null>                                                           
PartsSupplier                                                      SYSADMIN                                                           logMsg                                                             logged                                                             boolean                    1            ReturnValue                                                        false     1            1            0            10           No Nulls    tid:60b87e792634-3ab60b8f-0000000b                  <null>                                                           
PartsSupplier                                                      SYSADMIN                                                           setColumnStats                                                     max                                                                string                     5            In                                                                 false     0            4000         0            0            Nullable    tid:60b87e792634-4e6fed85-00000021                  <null>                                                           
PartsSupplier                                                      SYSADMIN                                                           setColumnStats                                                     min                                                                string                     6            In                                                                 false     0            4000         0            0            Nullable    tid:60b87e792634-4e6fee73-00000022                  <null>                                                           
PartsSupplier                                                      SYSADMIN                                                           logMsg                                                             msg                                                                object                     4            In                                                                 false     0            2147483647   0            0            No Nulls    tid:60b87e792634-7c1fbd8e-0000000e                  <null>                                                           
PartsSupplier                                                      SYSADMIN                                                           setColumnStats                                                     nullCount                                                          long                       4            In                                                                 false     19           8            0            10           Nullable    tid:60b87e792634-8b103fe9-00000020                  <null>                                                           
PartsSupplier                                                      SYSADMIN                                                           updateMatView                                                      refreshCriteria                                                    string                     4            In                                                                 false     0            4000         0            0            No Nulls    tid:60b87e792634-cf46290f-00000038                  <null>                                                           
PartsSupplier                                                      SYSADMIN                                                           loadMatView                                                        return                                                             integer                    1            ReturnValue                                                        false     10           4            0            10           Nullable    tid:60b87e792634-3c71c299-00000030                  <null>                                                           
PartsSupplier                                                      SYSADMIN                                                           updateMatView                                                      return                                                             integer                    1            ReturnValue                                                        false     10           4            0            10           Nullable    tid:60b87e792634-d2d49ae5-00000035                  <null>                                                           
PartsSupplier                                                      SYS                                                                getXMLSchemas                                                      schema                                                             xml                        1            ResultSet                                                          false     0            2147483647   0            0            Nullable    tid:2cb59cfd55db-bc683dc8-00000004                  <null>                                                           
PartsSupplier                                                      SYSADMIN                                                           loadMatView                                                        schemaName                                                         string                     2            In                                                                 false     0            4000         0            0            No Nulls    tid:60b87e792634-5963f135-00000031                  <null>                                                           
PartsSupplier                                                      SYSADMIN                                                           matViewStatus                                                      schemaName                                                         string                     1            In                                                                 false     0            4000         0            0            No Nulls    tid:60b87e792634-f14e2b82-0000002c                  <null>                                                           
PartsSupplier                                                      SYSADMIN                                                           updateMatView                                                      schemaName                                                         string                     2            In                                                                 false     0            4000         0            0            No Nulls    tid:60b87e792634-efc6c981-00000036                  <null>                                                           
PartsSupplier                                                      SYSADMIN                                                           setColumnStats                                                     tableName                                                          string                     1            In                                                                 false     0            4000         0            0            No Nulls    tid:60b87e792634-d7e4db9a-0000001d                  <null>                                                           
PartsSupplier                                                      SYSADMIN                                                           setTableStats                                                      tableName                                                          string                     1            In                                                                 false     0            4000         0            0            No Nulls    tid:60b87e792634-1378df4b-00000029                  <null>                                                           
PartsSupplier                                                      SYS                                                                ARRAYITERATE                                                       val                                                                object[]                   1            In                                                                 false     0            2147483647   0            0            Nullable    tid:2cb59cfd55db-a3252bda-00000013                  <null>                                                           
PartsSupplier                                                      SYSADMIN                                                           loadMatView                                                        viewName                                                           string                     3            In                                                                 false     0            4000         0            0            No Nulls    tid:60b87e792634-bb67d439-00000032                  <null>                                                           
PartsSupplier                                                      SYSADMIN                                                           matViewStatus                                                      viewName                                                           string                     2            In                                                                 false     0            4000         0            0            No Nulls    tid:60b87e792634-53520e86-0000002d                  <null>                                                           
PartsSupplier                                                      SYSADMIN                                                           updateMatView                                                      viewName                                                           string                     3            In                                                                 false     0            4000         0            0            No Nulls    tid:60b87e792634-51caac85-00000037                  <null>                                                           
Row Count : 52
getColumnName  getColumnType  getCatalogName  getColumnClassName  getColumnLabel  getColumnTypeName  getSchemaName  getTableName     getColumnDisplaySize  getPrecision  getScale  isAutoIncrement  isCaseSensitive  isCurrency  isDefinitelyWritable  isNullable  isReadOnly  isSearchable  isSigned  isWritable  
VDBName        12             PartsSupplier   java.lang.String    VDBName         string             SYS            ProcedureParams  255                   255           0         false            true             false       false                 0           true        true          false     false       
SchemaName     12             PartsSupplier   java.lang.String    SchemaName      string             SYS            ProcedureParams  255                   255           0         false            true             false       false                 1           true        true          false     false       
ProcedureName  12             PartsSupplier   java.lang.String    ProcedureName   string             SYS            ProcedureParams  255                   255           0         false            true             false       false                 0           true        true          false     false       
Name           12             PartsSupplier   java.lang.String    Name            string             SYS            ProcedureParams  255                   255           0         false            true             false       false                 0           true        true          false     false       
DataType       12             PartsSupplier   java.lang.String    DataType        string             SYS            ProcedureParams  25                    25            0         false            true             false       false                 0           true        true          false     false       
Position       4              PartsSupplier   java.lang.Integer   Position        integer            SYS            ProcedureParams  11                    10            0         false            false            false       false                 0           true        true          true      false       
Type           12             PartsSupplier   java.lang.String    Type            string             SYS            ProcedureParams  100                   100           0         false            true             false       false                 0           true        true          false     false       
Optional       -7             PartsSupplier   java.lang.Boolean   Optional        boolean            SYS            ProcedureParams  5                     1             0         false            false            false       false                 0           true        true          false     false       
Precision      4              PartsSupplier   java.lang.Integer   Precision       integer            SYS            ProcedureParams  11                    10            0         false            false            false       false                 0           true        true          true      false       
TypeLength     4              PartsSupplier   java.lang.Integer   TypeLength      integer            SYS            ProcedureParams  11                    10            0         false            false            false       false                 0           true        true          true      false       
Scale          4              PartsSupplier   java.lang.Integer   Scale           integer            SYS            ProcedureParams  11                    10            0         false            false            false       false                 0           true        true          true      false       
Radix          4              PartsSupplier   java.lang.Integer   Radix           integer            SYS            ProcedureParams  11                    10            0         false            false            false       false                 0           true        true          true      false       
NullType       12             PartsSupplier   java.lang.String    NullType        string             SYS            ProcedureParams  10                    10            0         false            true             false       false                 0           true        true          false     false       
UID            12             PartsSupplier   java.lang.String    UID             string             SYS            ProcedureParams  50                    50            0         false            true             false       false                 1           true        true          false     false       
Description    12             PartsSupplier   java.lang.String    Description     string             SYS            ProcedureParams  255                   255           0         false            true             false       false                 1           true        true          false     false       
