string                                                             string                                                             string                                              integer      clob                                                             
Name                                                               Value                                                              UID                                                 OID          ClobValue                                                        
pg_type:oid                                                        1002                                                               tid:7ff2755e9621-c6363cab-0000003f                  <null>       Clob[4]                                                          
pg_type:oid                                                        1009                                                               tid:7ff2755e9621-c63e18c3-0000003e                  <null>       Clob[4]                                                          
pg_type:oid                                                        30                                                                 tid:7ff2755e9621-c69d99f4-0000003d                  <null>       Clob[2]                                                          
teiid:pass-through-type                                            true                                                               tid:7ff2755e9621-e548fc4c-0000007d                  <null>       Clob[4]                                                          
pg_type:oid                                                        22                                                                 tid:7ff2755e9621-ef456845-00000030                  <null>       Clob[2]                                                          
pg_type:oid                                                        1028                                                               tid:7ff2755e9621-f418fc1b-00000040                  <null>       Clob[4]                                                          
Row Count : 6
getColumnName  getColumnType  getCatalogName  getColumnClassName  getColumnLabel  getColumnTypeName  getSchemaName  getTableName  getColumnDisplaySize  getPrecision  getScale  isAutoIncrement  isCaseSensitive  isCurrency  isDefinitelyWritable  isNullable  isReadOnly  isSearchable  isSigned  isWritable  
Name           12             PartsSupplier   java.lang.String    Name            string             SYS            Properties    4000                  4000          0         false            true             false       false                 0           true        true          false     false       
Value          12             PartsSupplier   java.lang.String    Value           string             SYS            Properties    4000                  4000          0         false            true             false       false                 0           true        true          false     false       
UID            12             PartsSupplier   java.lang.String    UID             string             SYS            Properties    50                    50            0         false            true             false       false                 0           true        true          false     false       
OID            4              PartsSupplier   java.lang.Integer   OID             integer            SYS            Properties    11                    10            0         false            false            false       false                 1           true        true          true      false       
ClobValue      2005           PartsSupplier   java.sql.Clob       ClobValue       clob               SYS            Properties    2097152               2097152       0         false            true             false       false                 1           true        true          false     false       
