string                                                             string                                                             string                                                             string                                                             string                                                             string                                                             string                boolean    string                                              string                                            
VDBName                                                            SchemaName                                                         TableName                                                          Name                                                               Description                                                        NameInSource                                                       Type                  IsIndexed  RefKeyUID                                           UID                                               
PartsSupplier                                                      SYS                                                                Columns                                                            FK0                                                                <null>                                                             <null>                                                             Foreign               false      tid:2cb59cfd55db-b8dc635b-000000c1                  tid:2cb59cfd55db-f9cb2344-00000022                
PartsSupplier                                                      SYS                                                                FunctionParams                                                     FK0                                                                <null>                                                             <null>                                                             Foreign               false      tid:2cb59cfd55db-b26c425d-00000092                  tid:2cb59cfd55db-a4593dfd-00000089                
PartsSupplier                                                      SYS                                                                Functions                                                          FK0                                                                <null>                                                             <null>                                                             Foreign               false      tid:2cb59cfd55db-bd148578-000000b1                  tid:2cb59cfd55db-b26d486d-00000093                
PartsSupplier                                                      SYS                                                                KeyColumns                                                         FK0                                                                <null>                                                             <null>                                                             Foreign               false      tid:2cb59cfd55db-b8dc635b-000000c1                  tid:2cb59cfd55db-47768c18-00000046                
PartsSupplier                                                      SYS                                                                Keys                                                               FK0                                                                <null>                                                             <null>                                                             Foreign               false      tid:2cb59cfd55db-b8dc635b-000000c1                  tid:2cb59cfd55db-885caac6-00000055                
PartsSupplier                                                      SYS                                                                ProcedureParams                                                    FK0                                                                <null>                                                             <null>                                                             Foreign               false      tid:2cb59cfd55db-3ee6c4c0-00000073                  tid:2cb59cfd55db-b9041e3d-00000068                
PartsSupplier                                                      SYS                                                                Procedures                                                         FK0                                                                <null>                                                             <null>                                                             Foreign               false      tid:2cb59cfd55db-bd148578-000000b1                  tid:2cb59cfd55db-3ee7cad0-00000074                
PartsSupplier                                                      SYS                                                                Tables                                                             FK0                                                                <null>                                                             <null>                                                             Foreign               false      tid:2cb59cfd55db-bd148578-000000b1                  tid:2cb59cfd55db-b8dd696b-000000c2                
PartsSupplier                                                      SYS                                                                Columns                                                            FK1                                                                <null>                                                             <null>                                                             Foreign               false      tid:2cb59cfd55db-d292d3df-000000c4                  tid:2cb59cfd55db-f9cb2345-00000023                
PartsSupplier                                                      SYS                                                                KeyColumns                                                         FK1                                                                <null>                                                             <null>                                                             Foreign               false      tid:2cb59cfd55db-d292d3df-000000c4                  tid:2cb59cfd55db-47768c19-00000047                
PartsSupplier                                                      SYS                                                                Procedures                                                         FK1                                                                <null>                                                             <null>                                                             Foreign               false      tid:2cb59cfd55db-d6caf5fc-000000b2                  tid:2cb59cfd55db-3ee7cad1-00000075                
PartsSupplier                                                      SYS                                                                Tables                                                             FK1                                                                <null>                                                             <null>                                                             Foreign               false      tid:2cb59cfd55db-d6caf5fc-000000b2                  tid:2cb59cfd55db-b8dd696c-000000c3                
PartsSupplier                                                      PartsSupplier                                                      PARTSSUPPLIER.SUPPLIER_PARTS                                       FK_SPLIER_PRTS_PRTS                                                <null>                                                             FK_SPLIER_PRTS_PRTS                                                Foreign               false      mmuuid:07db4240-73ff-1edc-a81c-ecf397b10590         mmuuid:66ddc4c0-73ff-1edc-a81c-ecf397b10590       
PartsSupplier                                                      PartsSupplier                                                      PARTSSUPPLIER.SUPPLIER                                             FK_SPLIER_STATS                                                    <null>                                                             FK_SPLIER_STATS                                                    Foreign               false      mmuuid:25a8a740-73ff-1edc-a81c-ecf397b10590         mmuuid:5ac43c00-73ff-1edc-a81c-ecf397b10590       
PartsSupplier                                                      PartsSupplier                                                      PARTSSUPPLIER.SUPPLIER_PARTS                                       FK_SPLY_PRTS_SPLY                                                  <null>                                                             FK_SPLY_PRTS_SPLY                                                  Foreign               false      mmuuid:375c8380-73ff-1edc-a81c-ecf397b10590         mmuuid:66ddc4c1-73ff-1edc-a81c-ecf397b10590       
PartsSupplier                                                      SYS                                                                Columns                                                            PK                                                                 <null>                                                             <null>                                                             Primary               false      <null>                                              tid:2cb59cfd55db-f9ca1d34-00000021                
PartsSupplier                                                      SYS                                                                DataTypes                                                          PK                                                                 <null>                                                             <null>                                                             Primary               false      <null>                                              tid:2cb59cfd55db-8366f9ac-00000038                
PartsSupplier                                                      SYS                                                                FunctionParams                                                     PK                                                                 <null>                                                             <null>                                                             Primary               false      <null>                                              tid:2cb59cfd55db-a45837ed-00000088                
PartsSupplier                                                      SYS                                                                Functions                                                          PK                                                                 <null>                                                             <null>                                                             Primary               false      <null>                                              tid:2cb59cfd55db-b26c425d-00000092                
PartsSupplier                                                      SYS                                                                KeyColumns                                                         PK                                                                 <null>                                                             <null>                                                             Primary               false      <null>                                              tid:2cb59cfd55db-47758608-00000045                
PartsSupplier                                                      SYS                                                                Keys                                                               PK                                                                 <null>                                                             <null>                                                             Primary               false      <null>                                              tid:2cb59cfd55db-885ba4b6-00000054                
PartsSupplier                                                      SYS                                                                ProcedureParams                                                    PK                                                                 <null>                                                             <null>                                                             Primary               false      <null>                                              tid:2cb59cfd55db-b903182d-00000067                
PartsSupplier                                                      SYS                                                                Procedures                                                         PK                                                                 <null>                                                             <null>                                                             Primary               false      <null>                                              tid:2cb59cfd55db-3ee6c4c0-00000073                
PartsSupplier                                                      SYS                                                                Schemas                                                            PK                                                                 <null>                                                             <null>                                                             Primary               false      <null>                                              tid:2cb59cfd55db-bd148578-000000b1                
PartsSupplier                                                      SYS                                                                spatial_ref_sys                                                    PK                                                                 <null>                                                             <null>                                                             Primary               false      <null>                                              tid:2cb59cfd55db-5acb925e-000000cf                
PartsSupplier                                                      SYS                                                                Tables                                                             PK                                                                 <null>                                                             <null>                                                             Primary               false      <null>                                              tid:2cb59cfd55db-b8dc635b-000000c1                
PartsSupplier                                                      SYS                                                                VirtualDatabases                                                   PK                                                                 <null>                                                             <null>                                                             Primary               false      <null>                                              tid:2cb59cfd55db-afd1d3f0-000000c8                
PartsSupplier                                                      SYSADMIN                                                           MatViews                                                           PK                                                                 <null>                                                             <null>                                                             Primary               false      <null>                                              tid:60b87e792634-d67a9241-00000018                
PartsSupplier                                                      SYSADMIN                                                           StoredProcedures                                                   PK                                                                 <null>                                                             <null>                                                             Primary               false      <null>                                              tid:60b87e792634-efb4c499-00000036                
PartsSupplier                                                      SYSADMIN                                                           Triggers                                                           PK                                                                 <null>                                                             <null>                                                             Primary               false      <null>                                              tid:60b87e792634-e9ce2e51-00000027                
PartsSupplier                                                      SYSADMIN                                                           Usage                                                              PK                                                                 <null>                                                             <null>                                                             Primary               false      <null>                                              tid:60b87e792634-36867ce1-0000000d                
PartsSupplier                                                      SYSADMIN                                                           VDBResources                                                       PK                                                                 <null>                                                             <null>                                                             Primary               false      <null>                                              tid:60b87e792634-4e2f379e-0000001c                
PartsSupplier                                                      SYSADMIN                                                           Views                                                              PK                                                                 <null>                                                             <null>                                                             Primary               false      <null>                                              tid:60b87e792634-7277c828-0000002e                
PartsSupplier                                                      PartsSupplier                                                      PARTSSUPPLIER.PARTS                                                PK_PARTS                                                           <null>                                                             <null>                                                             Primary               false      <null>                                              mmuuid:07db4240-73ff-1edc-a81c-ecf397b10590       
PartsSupplier                                                      PartsSupplier                                                      PARTSSUPPLIER.SHIP_VIA                                             PK_SHIP_VIA                                                        <null>                                                             <null>                                                             Primary               false      <null>                                              mmuuid:18aa3cc0-73ff-1edc-a81c-ecf397b10590       
PartsSupplier                                                      PartsSupplier                                                      PARTSSUPPLIER.STATUS                                               PK_STATUS                                                          <null>                                                             <null>                                                             Primary               false      <null>                                              mmuuid:25a8a740-73ff-1edc-a81c-ecf397b10590       
PartsSupplier                                                      PartsSupplier                                                      PARTSSUPPLIER.SUPPLIER                                             PK_SUPPLIER                                                        <null>                                                             <null>                                                             Primary               false      <null>                                              mmuuid:375c8380-73ff-1edc-a81c-ecf397b10590       
PartsSupplier                                                      PartsSupplier                                                      PARTSSUPPLIER.SUPPLIER_PARTS                                       PK_SUPPLIER_PARTS                                                  <null>                                                             <null>                                                             Primary               false      <null>                                              mmuuid:455e5440-73ff-1edc-a81c-ecf397b10590       
PartsSupplier                                                      SYS                                                                Columns                                                            UNIQUE0                                                            <null>                                                             <null>                                                             Unique                false      <null>                                              tid:2cb59cfd55db-13808db8-00000024                
PartsSupplier                                                      SYS                                                                DataTypes                                                          UNIQUE0                                                            <null>                                                             <null>                                                             Unique                false      <null>                                              tid:2cb59cfd55db-9d1d6a30-00000039                
PartsSupplier                                                      SYS                                                                FunctionParams                                                     UNIQUE0                                                            <null>                                                             <null>                                                             Unique                false      <null>                                              tid:2cb59cfd55db-be0ea871-00000087                
PartsSupplier                                                      SYS                                                                Functions                                                          UNIQUE0                                                            <null>                                                             <null>                                                             Unique                false      <null>                                              tid:2cb59cfd55db-cc22b2e1-00000094                
PartsSupplier                                                      SYS                                                                KeyColumns                                                         UNIQUE0                                                            <null>                                                             <null>                                                             Unique                false      <null>                                              tid:2cb59cfd55db-612bf68c-00000048                
PartsSupplier                                                      SYS                                                                Keys                                                               UNIQUE0                                                            <null>                                                             <null>                                                             Unique                false      <null>                                              tid:2cb59cfd55db-a212153a-00000056                
PartsSupplier                                                      SYS                                                                ProcedureParams                                                    UNIQUE0                                                            <null>                                                             <null>                                                             Unique                false      <null>                                              tid:2cb59cfd55db-d2b988b1-00000069                
PartsSupplier                                                      SYS                                                                Procedures                                                         UNIQUE0                                                            <null>                                                             <null>                                                             Unique                false      <null>                                              tid:2cb59cfd55db-589d3544-00000076                
PartsSupplier                                                      SYS                                                                Properties                                                         UNIQUE0                                                            <null>                                                             <null>                                                             Unique                false      <null>                                              tid:2cb59cfd55db-248610af-0000009a                
PartsSupplier                                                      SYS                                                                Schemas                                                            UNIQUE0                                                            <null>                                                             <null>                                                             Unique                false      <null>                                              tid:2cb59cfd55db-d6caf5fc-000000b2                
PartsSupplier                                                      SYS                                                                Tables                                                             UNIQUE0                                                            <null>                                                             <null>                                                             Unique                false      <null>                                              tid:2cb59cfd55db-d292d3df-000000c4                
PartsSupplier                                                      SYSADMIN                                                           StoredProcedures                                                   UNIQUE0                                                            <null>                                                             <null>                                                             Unique                false      <null>                                              tid:60b87e792634-096b351d-00000037                
PartsSupplier                                                      SYSADMIN                                                           Views                                                              UNIQUE0                                                            <null>                                                             <null>                                                             Unique                false      <null>                                              tid:60b87e792634-8c2e38ac-0000002f                
PartsSupplier                                                      pg_catalog                                                         matpg_datatype                                                     matpg_datatype_ids                                                 <null>                                                             <null>                                                             Index                 false      <null>                                              tid:7ff2755e9621-ed0fa794-0000006e                
PartsSupplier                                                      pg_catalog                                                         matpg_datatype                                                     matpg_datatype_names                                               <null>                                                             <null>                                                             Primary               false      <null>                                              tid:7ff2755e9621-e36b58e4-0000006d                
PartsSupplier                                                      pg_catalog                                                         pg_attribute                                                       pk_pg_attr                                                         <null>                                                             <null>                                                             Primary               false      <null>                                              tid:7ff2755e9621-db38c4af-0000001d                
PartsSupplier                                                      pg_catalog                                                         pg_class                                                           pk_pg_class                                                        <null>                                                             <null>                                                             Primary               false      <null>                                              tid:7ff2755e9621-265d3907-00000011                
PartsSupplier                                                      pg_catalog                                                         pg_index                                                           pk_pg_index                                                        <null>                                                             <null>                                                             Primary               false      <null>                                              tid:7ff2755e9621-dd3e19a8-00000037                
PartsSupplier                                                      pg_catalog                                                         pg_proc                                                            pk_pg_proc                                                         <null>                                                             <null>                                                             Primary               false      <null>                                              tid:7ff2755e9621-2e2ffff3-00000046                
Row Count : 57
getColumnName  getColumnType  getCatalogName  getColumnClassName  getColumnLabel  getColumnTypeName  getSchemaName  getTableName  getColumnDisplaySize  getPrecision  getScale  isAutoIncrement  isCaseSensitive  isCurrency  isDefinitelyWritable  isNullable  isReadOnly  isSearchable  isSigned  isWritable  
VDBName        12             PartsSupplier   java.lang.String    VDBName         string             SYS            Keys          255                   255           0         false            true             false       false                 0           true        true          false     false       
SchemaName     12             PartsSupplier   java.lang.String    SchemaName      string             SYS            Keys          255                   255           0         false            true             false       false                 1           true        true          false     false       
TableName      12             PartsSupplier   java.lang.String    TableName       string             SYS            Keys          2048                  2048          0         false            true             false       false                 0           true        true          false     false       
Name           12             PartsSupplier   java.lang.String    Name            string             SYS            Keys          255                   255           0         false            true             false       false                 0           true        true          false     false       
Description    12             PartsSupplier   java.lang.String    Description     string             SYS            Keys          255                   255           0         false            true             false       false                 1           true        true          false     false       
NameInSource   12             PartsSupplier   java.lang.String    NameInSource    string             SYS            Keys          255                   255           0         false            true             false       false                 1           true        true          false     false       
Type           12             PartsSupplier   java.lang.String    Type            string             SYS            Keys          20                    20            0         false            true             false       false                 0           true        true          false     false       
IsIndexed      -7             PartsSupplier   java.lang.Boolean   IsIndexed       boolean            SYS            Keys          5                     1             0         false            false            false       false                 0           true        true          false     false       
RefKeyUID      12             PartsSupplier   java.lang.String    RefKeyUID       string             SYS            Keys          50                    50            0         false            true             false       false                 1           true        true          false     false       
UID            12             PartsSupplier   java.lang.String    UID             string             SYS            Keys          50                    50            0         false            true             false       false                 0           true        true          false     false       
