string                                                             boolean     string                                                            string                                                             string                                                             integer      integer      string                boolean   boolean            boolean          integer      integer      string                string                                              string                                                            string                                                            string                                                             integer      string                                                            string                                                          
Name                                                               IsStandard  Type                                                              TypeName                                                           JavaClass                                                          Scale        TypeLength   NullType              IsSigned  IsAutoIncremented  IsCaseSensitive  Precision    Radix        SearchType            UID                                                 RuntimeType                                                       BaseType                                                          Description                                                        TypeCode     Literal_Prefix                                                    Literal_Suffix                                                  
bigdecimal                                                         true        Basic                                                             bigdecimal                                                         java.math.BigDecimal                                               32767        2147483647   Nullable              true      false              false            32767        10           Searchable            mmuuid:f2249740-a078-1e26-9b08-d6079ebe1f0d         bigdecimal                                                        decimal                                                           <null>                                                             2            <null>                                                            <null>                                                          
biginteger                                                         true        Basic                                                             biginteger                                                         java.math.BigInteger                                               0            2147483647   Nullable              true      false              false            32767        10           Searchable            mmuuid:822b9a40-a066-1e26-9b08-d6079ebe1f0d         biginteger                                                        decimal                                                           <null>                                                             2            <null>                                                            <null>                                                          
blob                                                               true        Basic                                                             blob                                                               org.teiid.core.types.BlobType                                      0            2147483647   Nullable              false     false              false            2147483647   0            Unsearchable          mmuuid:5a793100-1836-1ed0-ba0f-f2334f5fbf95         blob                                                              base64Binary                                                      <null>                                                             2004         <null>                                                            <null>                                                          
boolean                                                            true        Basic                                                             boolean                                                            java.lang.Boolean                                                  0            1            Nullable              false     false              false            1            10           Searchable            mmuuid:dc476100-c483-1e24-9b01-c8207cd53eb7         boolean                                                           anySimpleType                                                     <null>                                                             -7           {'b                                                               '}                                                              
byte                                                               true        Basic                                                             byte                                                               java.lang.Byte                                                     0            1            Nullable              true      false              false            3            10           Searchable            mmuuid:26dc1cc0-b9c8-1e21-b812-969c8fc8b016         byte                                                              short                                                             <null>                                                             -6           <null>                                                            <null>                                                          
char                                                               true        Basic                                                             char                                                               java.lang.Character                                                0            1            Nullable              false     false              true             1            0            Searchable            mmuuid:62472700-a064-1e26-9b08-d6079ebe1f0d         char                                                              string                                                            <null>                                                             1            '                                                                 '                                                               
clob                                                               true        Basic                                                             clob                                                               org.teiid.core.types.ClobType                                      0            2147483647   Nullable              false     false              true             2147483647   0            Like Only             mmuuid:559646c0-4941-1ece-b22b-f49159d22ad3         clob                                                              string                                                            <null>                                                             2005         <null>                                                            <null>                                                          
date                                                               true        Basic                                                             date                                                               java.sql.Date                                                      0            4            Nullable              false     false              false            10           0            Searchable            mmuuid:65dcde00-c4ab-1e24-9b01-c8207cd53eb7         date                                                              anySimpleType                                                     <null>                                                             91           {'d                                                               '}                                                              
double                                                             true        Basic                                                             double                                                             java.lang.Double                                                   4            8            Nullable              true      false              false            17           10           Searchable            mmuuid:1f18b140-c4a3-1e24-9b01-c8207cd53eb7         double                                                            anySimpleType                                                     <null>                                                             8            <null>                                                            <null>                                                          
float                                                              true        Basic                                                             float                                                              java.lang.Float                                                    3            4            Nullable              true      false              false            7            10           Searchable            mmuuid:d86b0d00-c48a-1e24-9b01-c8207cd53eb7         float                                                             anySimpleType                                                     <null>                                                             7            <null>                                                            <null>                                                          
geometry                                                           true        Basic                                                             geometry                                                           org.teiid.core.types.GeometryType                                  0            2147483647   Nullable              false     false              false            2147483647   0            Unsearchable          mmuuid:5a793100-1836-1ed0-ba0f-f2334f5fbf96         geometry                                                          base64Binary                                                      <null>                                                             2004         <null>                                                            <null>                                                          
integer                                                            true        Basic                                                             integer                                                            java.lang.Integer                                                  0            4            Nullable              true      false              false            10           10           Searchable            mmuuid:33add3c0-b98d-1e21-b812-969c8fc8b016         integer                                                           long                                                              <null>                                                             4            <null>                                                            <null>                                                          
long                                                               true        Basic                                                             long                                                               java.lang.Long                                                     0            8            Nullable              true      false              false            19           10           Searchable            mmuuid:8cdee840-b900-1e21-b812-969c8fc8b016         long                                                              integer                                                           <null>                                                             -5           <null>                                                            <null>                                                          
object                                                             true        Basic                                                             object                                                             java.lang.Object                                                   0            2147483647   Nullable              false     false              false            2147483647   0            Unsearchable          mmuuid:051a0640-b4e8-1e26-9f33-b76fd9d5fa79         object                                                            base64Binary                                                      <null>                                                             2000         <null>                                                            <null>                                                          
short                                                              true        Basic                                                             short                                                              java.lang.Short                                                    0            2            Nullable              true      false              false            5            10           Searchable            mmuuid:5bbcf140-b9ae-1e21-b812-969c8fc8b016         short                                                             int                                                               <null>                                                             5            <null>                                                            <null>                                                          
string                                                             true        Basic                                                             string                                                             java.lang.String                                                   0            4000         Nullable              false     false              true             4000         0            Searchable            mmuuid:bf6c34c0-c442-1e24-9b01-c8207cd53eb7         string                                                            anySimpleType                                                     <null>                                                             12           '                                                                 '                                                               
time                                                               true        Basic                                                             time                                                               java.sql.Time                                                      0            4            Nullable              false     false              false            8            0            Searchable            mmuuid:3b892180-c4a7-1e24-9b01-c8207cd53eb7         time                                                              anySimpleType                                                     <null>                                                             92           {'t                                                               '}                                                              
timestamp                                                          true        Basic                                                             timestamp                                                          java.sql.Timestamp                                                 0            12           Nullable              false     false              false            29           0            Searchable            mmuuid:5c69dec0-b3ea-1e2a-9a03-beb8638ffd21         timestamp                                                         anySimpleType                                                     <null>                                                             93           {'ts                                                              '}                                                              
varbinary                                                          true        Basic                                                             varbinary                                                          org.teiid.core.types.BinaryType                                    0            8192         Nullable              false     false              false            8192         0            Searchable            mmuuid:606b7f4f-08a2-4072-86e2-9915f3952c7d         varbinary                                                         base64Binary                                                      <null>                                                             -3           'X                                                                '                                                               
xml                                                                true        Basic                                                             xml                                                                org.teiid.core.types.XMLType                                       0            2147483647   Nullable              false     false              true             2147483647   0            Searchable            mmuuid:43f5274e-55e1-1f87-ba1c-eea49143eb32         xml                                                               string                                                            <null>                                                             2009         <null>                                                            <null>                                                          
Row Count : 20
getColumnName      getColumnType  getCatalogName  getColumnClassName  getColumnLabel     getColumnTypeName  getSchemaName  getTableName  getColumnDisplaySize  getPrecision  getScale  isAutoIncrement  isCaseSensitive  isCurrency  isDefinitelyWritable  isNullable  isReadOnly  isSearchable  isSigned  isWritable  
Name               12             PartsSupplier   java.lang.String    Name               string             SYS            DataTypes     100                   100           0         false            true             false       false                 0           true        true          false     false       
IsStandard         -7             PartsSupplier   java.lang.Boolean   IsStandard         boolean            SYS            DataTypes     5                     1             0         false            false            false       false                 1           true        true          false     false       
Type               12             PartsSupplier   java.lang.String    Type               string             SYS            DataTypes     64                    64            0         false            true             false       false                 1           true        true          false     false       
TypeName           12             PartsSupplier   java.lang.String    TypeName           string             SYS            DataTypes     100                   100           0         false            true             false       false                 0           true        true          false     false       
JavaClass          12             PartsSupplier   java.lang.String    JavaClass          string             SYS            DataTypes     500                   500           0         false            true             false       false                 0           true        true          false     false       
Scale              4              PartsSupplier   java.lang.Integer   Scale              integer            SYS            DataTypes     11                    10            0         false            false            false       false                 1           true        true          true      false       
TypeLength         4              PartsSupplier   java.lang.Integer   TypeLength         integer            SYS            DataTypes     11                    10            0         false            false            false       false                 0           true        true          true      false       
NullType           12             PartsSupplier   java.lang.String    NullType           string             SYS            DataTypes     20                    20            0         false            true             false       false                 0           true        true          false     false       
IsSigned           -7             PartsSupplier   java.lang.Boolean   IsSigned           boolean            SYS            DataTypes     5                     1             0         false            false            false       false                 0           true        true          false     false       
IsAutoIncremented  -7             PartsSupplier   java.lang.Boolean   IsAutoIncremented  boolean            SYS            DataTypes     5                     1             0         false            false            false       false                 0           true        true          false     false       
IsCaseSensitive    -7             PartsSupplier   java.lang.Boolean   IsCaseSensitive    boolean            SYS            DataTypes     5                     1             0         false            false            false       false                 0           true        true          false     false       
Precision          4              PartsSupplier   java.lang.Integer   Precision          integer            SYS            DataTypes     11                    10            0         false            false            false       false                 0           true        true          true      false       
Radix              4              PartsSupplier   java.lang.Integer   Radix              integer            SYS            DataTypes     11                    10            0         false            false            false       false                 1           true        true          true      false       
SearchType         12             PartsSupplier   java.lang.String    SearchType         string             SYS            DataTypes     20                    20            0         false            true             false       false                 0           true        true          false     false       
UID                12             PartsSupplier   java.lang.String    UID                string             SYS            DataTypes     50                    50            0         false            true             false       false                 0           true        true          false     false       
RuntimeType        12             PartsSupplier   java.lang.String    RuntimeType        string             SYS            DataTypes     64                    64            0         false            true             false       false                 1           true        true          false     false       
BaseType           12             PartsSupplier   java.lang.String    BaseType           string             SYS            DataTypes     64                    64            0         false            true             false       false                 1           true        true          false     false       
Description        12             PartsSupplier   java.lang.String    Description        string             SYS            DataTypes     255                   255           0         false            true             false       false                 1           true        true          false     false       
TypeCode           4              PartsSupplier   java.lang.Integer   TypeCode           integer            SYS            DataTypes     11                    10            0         false            false            false       false                 1           true        true          true      false       
Literal_Prefix     12             PartsSupplier   java.lang.String    Literal_Prefix     string             SYS            DataTypes     64                    64            0         false            true             false       false                 1           true        true          false     false       
Literal_Suffix     12             PartsSupplier   java.lang.String    Literal_Suffix     string             SYS            DataTypes     64                    64            0         false            true             false       false                 1           true        true          false     false       
