string                                                             string                                              string                                              string                                                             string                                                             string                                                             string                                              string                                              string                                                             string                                                             string                                                           
VDBName                                                            UID                                                 object_type                                         SchemaName                                                         Name                                                               ElementName                                                        Uses_UID                                            Uses_object_type                                    Uses_SchemaName                                                    Uses_Name                                                          Uses_ElementName                                                 
u1                                                                 tid:2decb0dda093-7ddfda4d-00000003                  Column                                              insideVirtualModel                                                 p2                                                                 p2col                                                              tid:2decb0dda093-9bddfb15-00000003                  Column                                              insideVirtualModel                                                 p1                                                                 p1col                                                            
Row Count : 1
getColumnName     getColumnType  getCatalogName  getColumnClassName  getColumnLabel    getColumnTypeName  getSchemaName  getTableName  getColumnDisplaySize  getPrecision  getScale  isAutoIncrement  isCaseSensitive  isCurrency  isDefinitelyWritable  isNullable  isReadOnly  isSearchable  isSigned  isWritable  
VDBName           12             u1              java.lang.String    VDBName           string             SYSADMIN       Usage         255                   255           0         false            true             false       false                 0           true        true          false     false       
UID               12             u1              java.lang.String    UID               string             SYSADMIN       Usage         50                    50            0         false            true             false       false                 0           true        true          false     false       
object_type       12             u1              java.lang.String    object_type       string             SYSADMIN       Usage         50                    50            0         false            true             false       false                 0           true        true          false     false       
SchemaName        12             u1              java.lang.String    SchemaName        string             SYSADMIN       Usage         255                   255           0         false            true             false       false                 0           true        true          false     false       
Name              12             u1              java.lang.String    Name              string             SYSADMIN       Usage         255                   255           0         false            true             false       false                 0           true        true          false     false       
ElementName       12             u1              java.lang.String    ElementName       string             SYSADMIN       Usage         255                   255           0         false            true             false       false                 1           true        true          false     false       
Uses_UID          12             u1              java.lang.String    Uses_UID          string             SYSADMIN       Usage         50                    50            0         false            true             false       false                 0           true        true          false     false       
Uses_object_type  12             u1              java.lang.String    Uses_object_type  string             SYSADMIN       Usage         50                    50            0         false            true             false       false                 0           true        true          false     false       
Uses_SchemaName   12             u1              java.lang.String    Uses_SchemaName   string             SYSADMIN       Usage         255                   255           0         false            true             false       false                 0           true        true          false     false       
Uses_Name         12             u1              java.lang.String    Uses_Name         string             SYSADMIN       Usage         255                   255           0         false            true             false       false                 0           true        true          false     false       
Uses_ElementName  12             u1              java.lang.String    Uses_ElementName  string             SYSADMIN       Usage         255                   255           0         false            true             false       false                 1           true        true          false     false       
