string                                                             string                                                             string                                                             string                string                                                             boolean     boolean          string                                              integer      string                                                             boolean   boolean         integer      string                                            
VDBName                                                            SchemaName                                                         Name                                                               Type                  NameInSource                                                       IsPhysical  SupportsUpdates  UID                                                 Cardinality  Description                                                        IsSystem  IsMaterialized  OID          SchemaUID                                         
PartsSupplier                                                      PartsSupplier                                                      PARTSSUPPLIER.PARTS                                                Table                 PARTS                                                              true        true             mmuuid:f6276601-73fe-1edc-a81c-ecf397b10590         16           <null>                                                             false     false           <null>       mmuuid:19c7f380-73d8-1edc-a81c-ecf397b10590       
PartsSupplier                                                      PartsSupplier                                                      PARTSSUPPLIER.SHIP_VIA                                             Table                 SHIP_VIA                                                           true        true             mmuuid:0f4e9b80-73ff-1edc-a81c-ecf397b10590         4            <null>                                                             false     false           <null>       mmuuid:19c7f380-73d8-1edc-a81c-ecf397b10590       
PartsSupplier                                                      PartsSupplier                                                      PARTSSUPPLIER.STATUS                                               Table                 STATUS                                                             true        true             mmuuid:1f297200-73ff-1edc-a81c-ecf397b10590         3            <null>                                                             false     false           <null>       mmuuid:19c7f380-73d8-1edc-a81c-ecf397b10590       
PartsSupplier                                                      PartsSupplier                                                      PARTSSUPPLIER.SUPPLIER                                             Table                 SUPPLIER                                                           true        true             mmuuid:2c371ec0-73ff-1edc-a81c-ecf397b10590         16           <null>                                                             false     false           <null>       mmuuid:19c7f380-73d8-1edc-a81c-ecf397b10590       
PartsSupplier                                                      PartsSupplier                                                      PARTSSUPPLIER.SUPPLIER_PARTS                                       Table                 SUPPLIER_PARTS                                                     true        true             mmuuid:3deafb00-73ff-1edc-a81c-ecf397b10590         227          <null>                                                             false     false           <null>       mmuuid:19c7f380-73d8-1edc-a81c-ecf397b10590       
Row Count : 5
getColumnName    getColumnType  getCatalogName  getColumnClassName  getColumnLabel   getColumnTypeName  getSchemaName  getTableName  getColumnDisplaySize  getPrecision  getScale  isAutoIncrement  isCaseSensitive  isCurrency  isDefinitelyWritable  isNullable  isReadOnly  isSearchable  isSigned  isWritable  
VDBName          12             PartsSupplier   java.lang.String    VDBName          string             SYS            Tables        255                   255           0         false            true             false       false                 1           true        true          false     false       
SchemaName       12             PartsSupplier   java.lang.String    SchemaName       string             SYS            Tables        255                   255           0         false            true             false       false                 1           true        true          false     false       
Name             12             PartsSupplier   java.lang.String    Name             string             SYS            Tables        255                   255           0         false            true             false       false                 0           true        true          false     false       
Type             12             PartsSupplier   java.lang.String    Type             string             SYS            Tables        20                    20            0         false            true             false       false                 0           true        true          false     false       
NameInSource     12             PartsSupplier   java.lang.String    NameInSource     string             SYS            Tables        255                   255           0         false            true             false       false                 1           true        true          false     false       
IsPhysical       -7             PartsSupplier   java.lang.Boolean   IsPhysical       boolean            SYS            Tables        5                     1             0         false            false            false       false                 0           true        true          false     false       
SupportsUpdates  -7             PartsSupplier   java.lang.Boolean   SupportsUpdates  boolean            SYS            Tables        5                     1             0         false            false            false       false                 0           true        true          false     false       
UID              12             PartsSupplier   java.lang.String    UID              string             SYS            Tables        50                    50            0         false            true             false       false                 0           true        true          false     false       
Cardinality      4              PartsSupplier   java.lang.Integer   Cardinality      integer            SYS            Tables        11                    10            0         false            false            false       false                 0           true        true          true      false       
Description      12             PartsSupplier   java.lang.String    Description      string             SYS            Tables        255                   255           0         false            true             false       false                 1           true        true          false     false       
IsSystem         -7             PartsSupplier   java.lang.Boolean   IsSystem         boolean            SYS            Tables        5                     1             0         false            false            false       false                 1           true        true          false     false       
IsMaterialized   -7             PartsSupplier   java.lang.Boolean   IsMaterialized   boolean            SYS            Tables        5                     1             0         false            false            false       false                 0           true        true          false     false       
OID              4              PartsSupplier   java.lang.Integer   OID              integer            SYS            Tables        11                    10            0         false            false            false       false                 1           true        true          true      false       
SchemaUID        12             PartsSupplier   java.lang.String    SchemaUID        string             SYS            Tables        50                    50            0         false            true             false       false                 0           true        true          false     false       
