string                                                             string                                                             string                                                             string                string                                                             boolean     boolean          string                                              integer      string                                                             boolean   boolean         integer      string                                            
VDBName                                                            SchemaName                                                         Name                                                               Type                  NameInSource                                                       IsPhysical  SupportsUpdates  UID                                                 Cardinality  Description                                                        IsSystem  IsMaterialized  OID          SchemaUID                                         
Row Count : 0
getColumnName    getColumnType  getCatalogName  getColumnClassName  getColumnLabel   getColumnTypeName  getSchemaName  getTableName  getColumnDisplaySize  getPrecision  getScale  isAutoIncrement  isCaseSensitive  isCurrency  isDefinitelyWritable  isNullable  isReadOnly  isSearchable  isSigned  isWritable  
VDBName          12             PartsSupplier   java.lang.String    VDBName          string             SYS            Tables        255                   255           0         false            true             false       false                 1           true        true          false     false       
SchemaName       12             PartsSupplier   java.lang.String    SchemaName       string             SYS            Tables        255                   255           0         false            true             false       false                 1           true        true          false     false       
Name             12             PartsSupplier   java.lang.String    Name             string             SYS            Tables        255                   255           0         false            true             false       false                 0           true        true          false     false       
Type             12             PartsSupplier   java.lang.String    Type             string             SYS            Tables        20                    20            0         false            true             false       false                 0           true        true          false     false       
NameInSource     12             PartsSupplier   java.lang.String    NameInSource     string             SYS            Tables        255                   255           0         false            true             false       false                 1           true        true          false     false       
IsPhysical       -7             PartsSupplier   java.lang.Boolean   IsPhysical       boolean            SYS            Tables        5                     1             0         false            false            false       false                 0           true        true          false     false       
SupportsUpdates  -7             PartsSupplier   java.lang.Boolean   SupportsUpdates  boolean            SYS            Tables        5                     1             0         false            false            false       false                 0           true        true          false     false       
UID              12             PartsSupplier   java.lang.String    UID              string             SYS            Tables        50                    50            0         false            true             false       false                 0           true        true          false     false       
Cardinality      4              PartsSupplier   java.lang.Integer   Cardinality      integer            SYS            Tables        11                    10            0         false            false            false       false                 0           true        true          true      false       
Description      12             PartsSupplier   java.lang.String    Description      string             SYS            Tables        255                   255           0         false            true             false       false                 1           true        true          false     false       
IsSystem         -7             PartsSupplier   java.lang.Boolean   IsSystem         boolean            SYS            Tables        5                     1             0         false            false            false       false                 1           true        true          false     false       
IsMaterialized   -7             PartsSupplier   java.lang.Boolean   IsMaterialized   boolean            SYS            Tables        5                     1             0         false            false            false       false                 0           true        true          false     false       
OID              4              PartsSupplier   java.lang.Integer   OID              integer            SYS            Tables        11                    10            0         false            false            false       false                 1           true        true          true      false       
SchemaUID        12             PartsSupplier   java.lang.String    SchemaUID        string             SYS            Tables        50                    50            0         false            true             false       false                 0           true        true          false     false       
