string                                                             string                                                             string                                                             string                string                                                             boolean     boolean          string                                              integer      string                                                             boolean   boolean         integer      string                                            
VDBName                                                            SchemaName                                                         Name                                                               Type                  NameInSource                                                       IsPhysical  SupportsUpdates  UID                                                 Cardinality  Description                                                        IsSystem  IsMaterialized  OID          SchemaUID                                         
empty                                                              BQT1                                                               HugeA                                                              Table                 <null>                                                             true        false            mmuuid:7c66fc80-33d2-1dfa-9931-e83d04ce10a0         500000       <null>                                                             false     false           <null>       mmuuid:4bfaea40-8716-1e33-973a-94882775c267       
empty                                                              BQT1                                                               HugeB                                                              Table                 <null>                                                             true        false            mmuuid:b0369400-33f8-1dfa-9931-e83d04ce10a0         500000       <null>                                                             false     false           <null>       mmuuid:4bfaea40-8716-1e33-973a-94882775c267       
empty                                                              BQT1                                                               LargeA                                                             Table                 <null>                                                             true        false            mmuuid:3976a800-33b2-1dfa-9931-e83d04ce10a0         10000        <null>                                                             false     false           <null>       mmuuid:4bfaea40-8716-1e33-973a-94882775c267       
empty                                                              BQT1                                                               LargeB                                                             Table                 <null>                                                             true        false            mmuuid:5fb40600-33c3-1dfa-9931-e83d04ce10a0         10000        <null>                                                             false     false           <null>       mmuuid:4bfaea40-8716-1e33-973a-94882775c267       
empty                                                              BQT1                                                               MediumA                                                            Table                 <null>                                                             true        false            mmuuid:61074980-338d-1dfa-9931-e83d04ce10a0         1000         <null>                                                             false     false           <null>       mmuuid:4bfaea40-8716-1e33-973a-94882775c267       
empty                                                              BQT1                                                               MediumB                                                            Table                 <null>                                                             true        false            mmuuid:e24bd1c0-33a4-1dfa-9931-e83d04ce10a0         1000         <null>                                                             false     false           <null>       mmuuid:4bfaea40-8716-1e33-973a-94882775c267       
empty                                                              BQT1                                                               SmallA                                                             Table                 <null>                                                             true        false            mmuuid:0968424f-e6a0-1df9-ac06-b890ff96f710         50           <null>                                                             false     false           <null>       mmuuid:4bfaea40-8716-1e33-973a-94882775c267       
empty                                                              BQT1                                                               SmallB                                                             Table                 <null>                                                             true        false            mmuuid:06fb8980-3377-1dfa-9931-e83d04ce10a0         50           <null>                                                             false     false           <null>       mmuuid:4bfaea40-8716-1e33-973a-94882775c267       
Row Count : 8
getColumnName    getColumnType  getCatalogName  getColumnClassName  getColumnLabel   getColumnTypeName  getSchemaName  getTableName  getColumnDisplaySize  getPrecision  getScale  isAutoIncrement  isCaseSensitive  isCurrency  isDefinitelyWritable  isNullable  isReadOnly  isSearchable  isSigned  isWritable  
VDBName          12             empty           java.lang.String    VDBName          string             SYS            Tables        255                   255           0         false            true             false       false                 1           true        true          false     false       
SchemaName       12             empty           java.lang.String    SchemaName       string             SYS            Tables        255                   255           0         false            true             false       false                 1           true        true          false     false       
Name             12             empty           java.lang.String    Name             string             SYS            Tables        255                   255           0         false            true             false       false                 0           true        true          false     false       
Type             12             empty           java.lang.String    Type             string             SYS            Tables        20                    20            0         false            true             false       false                 0           true        true          false     false       
NameInSource     12             empty           java.lang.String    NameInSource     string             SYS            Tables        255                   255           0         false            true             false       false                 1           true        true          false     false       
IsPhysical       -7             empty           java.lang.Boolean   IsPhysical       boolean            SYS            Tables        5                     1             0         false            false            false       false                 0           true        true          false     false       
SupportsUpdates  -7             empty           java.lang.Boolean   SupportsUpdates  boolean            SYS            Tables        5                     1             0         false            false            false       false                 0           true        true          false     false       
UID              12             empty           java.lang.String    UID              string             SYS            Tables        50                    50            0         false            true             false       false                 0           true        true          false     false       
Cardinality      4              empty           java.lang.Integer   Cardinality      integer            SYS            Tables        11                    10            0         false            false            false       false                 0           true        true          true      false       
Description      12             empty           java.lang.String    Description      string             SYS            Tables        255                   255           0         false            true             false       false                 1           true        true          false     false       
IsSystem         -7             empty           java.lang.Boolean   IsSystem         boolean            SYS            Tables        5                     1             0         false            false            false       false                 1           true        true          false     false       
IsMaterialized   -7             empty           java.lang.Boolean   IsMaterialized   boolean            SYS            Tables        5                     1             0         false            false            false       false                 0           true        true          false     false       
OID              4              empty           java.lang.Integer   OID              integer            SYS            Tables        11                    10            0         false            false            false       false                 1           true        true          true      false       
SchemaUID        12             empty           java.lang.String    SchemaUID        string             SYS            Tables        50                    50            0         false            true             false       false                 0           true        true          false     false       
