varchar                                                            varchar                                                            varchar                                                            varchar                                                            varchar                                                            varchar                                                            varchar                                                            varchar                                                            varchar                                                            varchar                                                          
expr1                                                              expr2                                                              expr3                                                              expr4                                                              expr5                                                              expr6                                                              expr7                                                              expr8                                                              expr9                                                              expr10                                                           
2000-02-02 03:04:05.000006+00                                      01:02:03+00                                                        2000-02-02 +00                                                     abc                                                                3                                                                  4                                                                  5                                                                  10000000000                                                        5.1                                                                5.2                                                              
Row Count : 1
getColumnName  getColumnType  getCatalogName  getColumnClassName  getColumnLabel  getColumnTypeName  getSchemaName  getTableName  getColumnDisplaySize  getPrecision  getScale  isAutoIncrement  isCaseSensitive  isCurrency  isDefinitelyWritable  isNullable  isReadOnly  isSearchable  isSigned  isWritable  
expr1          12                             java.lang.String    expr1           varchar                                         4000                  4000          0         false            true             false       false                 2           false       true          false     true        
expr2          12                             java.lang.String    expr2           varchar                                         4000                  4000          0         false            true             false       false                 2           false       true          false     true        
expr3          12                             java.lang.String    expr3           varchar                                         4000                  4000          0         false            true             false       false                 2           false       true          false     true        
expr4          12                             java.lang.String    expr4           varchar                                         4000                  4000          0         false            true             false       false                 2           false       true          false     true        
expr5          12                             java.lang.String    expr5           varchar                                         4000                  4000          0         false            true             false       false                 2           false       true          false     true        
expr6          12                             java.lang.String    expr6           varchar                                         4000                  4000          0         false            true             false       false                 2           false       true          false     true        
expr7          12                             java.lang.String    expr7           varchar                                         4000                  4000          0         false            true             false       false                 2           false       true          false     true        
expr8          12                             java.lang.String    expr8           varchar                                         4000                  4000          0         false            true             false       false                 2           false       true          false     true        
expr9          12                             java.lang.String    expr9           varchar                                         4000                  4000          0         false            true             false       false                 2           false       true          false     true        
expr10         12                             java.lang.String    expr10          varchar                                         4000                  4000          0         false            true             false       false                 2           false       true          false     true        
