SET NAMESPACE 'http://www.teiid.org/translator/couchbase/2017' AS teiid_couchbase;

CREATE FOREIGN TABLE test (
	documentID string OPTIONS (UPDATABLE FALSE),
	ID string OPTIONS (NAMEINSOURCE '`test`.`ID`'),
	Name string OPTIONS (NAMEINSOURCE '`test`.`Name`'),
	type string OPTIONS (NAMEINSOURCE '`test`.`type`'),
	CreditCard_CVN integer OPTIONS (NAMEINSOURCE '`test`.`CreditCard`.`CVN`'),
	CreditCard_CardNumber string OPTIONS (NAMEINSOURCE '`test`.`CreditCard`.`CardNumber`'),
	CreditCard_Expiry string OPTIONS (NAMEINSOURCE '`test`.`CreditCard`.`Expiry`'),
	CreditCard_Type string OPTIONS (NAMEINSOURCE '`test`.`CreditCard`.`Type`'),
	CustomerID string OPTIONS (NAMEINSOURCE '`test`.`CustomerID`'),
	CONSTRAINT PK0 PRIMARY KEY(documentID)
) OPTIONS (NAMEINSOURCE '`test`', UPDATABLE TRUE, "teiid_couchbase:ISARRAYTABLE" 'false');

CREATE FOREIGN TABLE test_SavedAddresses (
	documentID string,
	test_SavedAddresses_idx integer,
	test_SavedAddresses string OPTIONS (NAMEINSOURCE '`test`.`SavedAddresses`[]'),
	FOREIGN KEY(documentID) REFERENCES test 
) OPTIONS (NAMEINSOURCE '`test`.`SavedAddresses`[]', UPDATABLE TRUE, "teiid_couchbase:ISARRAYTABLE" 'true');

CREATE FOREIGN TABLE test_Items (
	documentID string,
	test_Items_idx integer,
	test_Items_ItemID integer OPTIONS (NAMEINSOURCE '`test`.`Items`[].`ItemID`'),
	test_Items_Quantity integer OPTIONS (NAMEINSOURCE '`test`.`Items`[].`Quantity`'),
	FOREIGN KEY(documentID) REFERENCES test 
) OPTIONS (NAMEINSOURCE '`test`.`Items`[]', UPDATABLE TRUE, "teiid_couchbase:ISARRAYTABLE" 'true');