string                                                             string                                                             string                                                             string                                                             string                                                             string                                                             string                                                             string                                                             string                                                             string                                                             boolean   
TABLE_CAT                                                          TABLE_SCHEM                                                        TABLE_NAME                                                         TABLE_TYPE                                                         REMARKS                                                            TYPE_CAT                                                           TYPE_SCHEM                                                         TYPE_NAME                                                          SELF_REFERENCING_COL_NAME                                          REF_GENERATION                                                     ISPHYSICAL
test                                                               SYS                                                                Columns                                                            SYSTEM TABLE                                                       <null>                                                             <null>                                                             <null>                                                             <null>                                                             <null>                                                             <null>                                                             true      
test                                                               SYS                                                                DataTypes                                                          SYSTEM TABLE                                                       <null>                                                             <null>                                                             <null>                                                             <null>                                                             <null>                                                             <null>                                                             true      
test                                                               SYS                                                                KeyColumns                                                         SYSTEM TABLE                                                       <null>                                                             <null>                                                             <null>                                                             <null>                                                             <null>                                                             <null>                                                             true      
test                                                               SYS                                                                Keys                                                               SYSTEM TABLE                                                       <null>                                                             <null>                                                             <null>                                                             <null>                                                             <null>                                                             <null>                                                             true      
test                                                               SYS                                                                ProcedureParams                                                    SYSTEM TABLE                                                       <null>                                                             <null>                                                             <null>                                                             <null>                                                             <null>                                                             <null>                                                             true      
test                                                               SYS                                                                Procedures                                                         SYSTEM TABLE                                                       <null>                                                             <null>                                                             <null>                                                             <null>                                                             <null>                                                             <null>                                                             true      
test                                                               SYS                                                                Properties                                                         SYSTEM TABLE                                                       <null>                                                             <null>                                                             <null>                                                             <null>                                                             <null>                                                             <null>                                                             true      
test                                                               SYS                                                                ReferenceKeyColumns                                                SYSTEM TABLE                                                       <null>                                                             <null>                                                             <null>                                                             <null>                                                             <null>                                                             <null>                                                             true      
test                                                               SYS                                                                Schemas                                                            SYSTEM TABLE                                                       <null>                                                             <null>                                                             <null>                                                             <null>                                                             <null>                                                             <null>                                                             true      
test                                                               SYS                                                                Tables                                                             SYSTEM TABLE                                                       <null>                                                             <null>                                                             <null>                                                             <null>                                                             <null>                                                             <null>                                                             true      
test                                                               SYS                                                                VirtualDatabases                                                   SYSTEM TABLE                                                       <null>                                                             <null>                                                             <null>                                                             <null>                                                             <null>                                                             <null>                                                             true      
test                                                               SYSADMIN                                                           MatViews                                                           SYSTEM TABLE                                                       <null>                                                             <null>                                                             <null>                                                             <null>                                                             <null>                                                             <null>                                                             true      
test                                                               SYSADMIN                                                           Transformations                                                    SYSTEM TABLE                                                       <null>                                                             <null>                                                             <null>                                                             <null>                                                             <null>                                                             <null>                                                             true      
test                                                               SYSADMIN                                                           VDBResources                                                       SYSTEM TABLE                                                       <null>                                                             <null>                                                             <null>                                                             <null>                                                             <null>                                                             <null>                                                             true      
test                                                               pg_catalog                                                         matpg_datatype                                                     SYSTEM TABLE                                                       <null>                                                             <null>                                                             <null>                                                             <null>                                                             <null>                                                             <null>                                                             false     
test                                                               pg_catalog                                                         matpg_relatt                                                       SYSTEM TABLE                                                       <null>                                                             <null>                                                             <null>                                                             <null>                                                             <null>                                                             <null>                                                             false     
test                                                               pg_catalog                                                         pg_am                                                              SYSTEM TABLE                                                       <null>                                                             <null>                                                             <null>                                                             <null>                                                             <null>                                                             <null>                                                             false     
test                                                               pg_catalog                                                         pg_attrdef                                                         SYSTEM TABLE                                                       <null>                                                             <null>                                                             <null>                                                             <null>                                                             <null>                                                             <null>                                                             false     
test                                                               pg_catalog                                                         pg_attribute                                                       SYSTEM TABLE                                                       <null>                                                             <null>                                                             <null>                                                             <null>                                                             <null>                                                             <null>                                                             false     
test                                                               pg_catalog                                                         pg_class                                                           SYSTEM TABLE                                                       <null>                                                             <null>                                                             <null>                                                             <null>                                                             <null>                                                             <null>                                                             false     
test                                                               pg_catalog                                                         pg_database                                                        SYSTEM TABLE                                                       <null>                                                             <null>                                                             <null>                                                             <null>                                                             <null>                                                             <null>                                                             false     
test                                                               pg_catalog                                                         pg_description                                                     SYSTEM TABLE                                                       <null>                                                             <null>                                                             <null>                                                             <null>                                                             <null>                                                             <null>                                                             false     
test                                                               pg_catalog                                                         pg_index                                                           SYSTEM TABLE                                                       <null>                                                             <null>                                                             <null>                                                             <null>                                                             <null>                                                             <null>                                                             false     
test                                                               pg_catalog                                                         pg_namespace                                                       SYSTEM TABLE                                                       <null>                                                             <null>                                                             <null>                                                             <null>                                                             <null>                                                             <null>                                                             false     
test                                                               pg_catalog                                                         pg_proc                                                            SYSTEM TABLE                                                       <null>                                                             <null>                                                             <null>                                                             <null>                                                             <null>                                                             <null>                                                             false     
test                                                               pg_catalog                                                         pg_trigger                                                         SYSTEM TABLE                                                       <null>                                                             <null>                                                             <null>                                                             <null>                                                             <null>                                                             <null>                                                             false     
test                                                               pg_catalog                                                         pg_type                                                            SYSTEM TABLE                                                       <null>                                                             <null>                                                             <null>                                                             <null>                                                             <null>                                                             <null>                                                             false     
test                                                               pg_catalog                                                         pg_user                                                            SYSTEM TABLE                                                       <null>                                                             <null>                                                             <null>                                                             <null>                                                             <null>                                                             <null>                                                             false     
test                                                               test                                                               all_databases                                                      TABLE                                                              <null>                                                             <null>                                                             <null>                                                             <null>                                                             <null>                                                             <null>                                                             false     
test                                                               test                                                               all_models                                                         TABLE                                                              <null>                                                             <null>                                                             <null>                                                             <null>                                                             <null>                                                             <null>                                                             false     
test                                                               test                                                               all_tables                                                         TABLE                                                              <null>                                                             <null>                                                             <null>                                                             <null>                                                             <null>                                                             <null>                                                             false     
Row Count : 31
getColumnName              getColumnType  getCatalogName  getColumnClassName  getColumnLabel             getColumnTypeName  getSchemaName  getTableName  getColumnDisplaySize  getPrecision  getScale  isAutoIncrement  isCaseSensitive  isCurrency  isDefinitelyWritable  isNullable  isReadOnly  isSearchable  isSigned  isWritable  
VDBName                    12             test            java.lang.String    TABLE_CAT                  string             SYS            Tables        255                   255           0         false            true             false       false                 1           true        true          false     false       
SchemaName                 12             test            java.lang.String    TABLE_SCHEM                string             SYS            Tables        255                   255           0         false            true             false       false                 1           true        true          false     false       
Name                       12             test            java.lang.String    TABLE_NAME                 string             SYS            Tables        255                   255           0         false            true             false       false                 0           true        true          false     false       
TABLE_TYPE                 12             test            java.lang.String    TABLE_TYPE                 string             <null>         <null>        4000                  4000          0         false            false            false       true                  1           false       true          true      true        
Description                12             test            java.lang.String    REMARKS                    string             SYS            Tables        255                   255           0         false            true             false       false                 1           true        true          false     false       
TYPE_CAT                   12             test            java.lang.String    TYPE_CAT                   string             <null>         <null>        4000                  4000          0         false            false            false       true                  1           false       true          true      true        
TYPE_SCHEM                 12             test            java.lang.String    TYPE_SCHEM                 string             <null>         <null>        4000                  4000          0         false            false            false       true                  1           false       true          true      true        
TYPE_NAME                  12             test            java.lang.String    TYPE_NAME                  string             <null>         <null>        4000                  4000          0         false            false            false       true                  1           false       true          true      true        
SELF_REFERENCING_COL_NAME  12             test            java.lang.String    SELF_REFERENCING_COL_NAME  string             <null>         <null>        4000                  4000          0         false            false            false       true                  1           false       true          true      true        
REF_GENERATION             12             test            java.lang.String    REF_GENERATION             string             <null>         <null>        4000                  4000          0         false            false            false       true                  1           false       true          true      true        
IsPhysical                 -7             test            java.lang.Boolean   ISPHYSICAL                 boolean            SYS            Tables        5                     1             0         false            false            false       false                 0           true        true          false     false       
string                                                             string                                                             string                                                             string                                                             string                                                             string                                                             string                                                             string                                                             string                                                             string                                                             boolean   
TABLE_CAT                                                          TABLE_SCHEM                                                        TABLE_NAME                                                         TABLE_TYPE                                                         REMARKS                                                            TYPE_CAT                                                           TYPE_SCHEM                                                         TYPE_NAME                                                          SELF_REFERENCING_COL_NAME                                          REF_GENERATION                                                     ISPHYSICAL
Row Count : 0
getColumnName              getColumnType  getCatalogName  getColumnClassName  getColumnLabel             getColumnTypeName  getSchemaName  getTableName  getColumnDisplaySize  getPrecision  getScale  isAutoIncrement  isCaseSensitive  isCurrency  isDefinitelyWritable  isNullable  isReadOnly  isSearchable  isSigned  isWritable  
VDBName                    12             test            java.lang.String    TABLE_CAT                  string             SYS            Tables        255                   255           0         false            true             false       false                 1           true        true          false     false       
SchemaName                 12             test            java.lang.String    TABLE_SCHEM                string             SYS            Tables        255                   255           0         false            true             false       false                 1           true        true          false     false       
Name                       12             test            java.lang.String    TABLE_NAME                 string             SYS            Tables        255                   255           0         false            true             false       false                 0           true        true          false     false       
TABLE_TYPE                 12             test            java.lang.String    TABLE_TYPE                 string             <null>         <null>        4000                  4000          0         false            false            false       true                  1           false       true          true      true        
Description                12             test            java.lang.String    REMARKS                    string             SYS            Tables        255                   255           0         false            true             false       false                 1           true        true          false     false       
TYPE_CAT                   12             test            java.lang.String    TYPE_CAT                   string             <null>         <null>        4000                  4000          0         false            false            false       true                  1           false       true          true      true        
TYPE_SCHEM                 12             test            java.lang.String    TYPE_SCHEM                 string             <null>         <null>        4000                  4000          0         false            false            false       true                  1           false       true          true      true        
TYPE_NAME                  12             test            java.lang.String    TYPE_NAME                  string             <null>         <null>        4000                  4000          0         false            false            false       true                  1           false       true          true      true        
SELF_REFERENCING_COL_NAME  12             test            java.lang.String    SELF_REFERENCING_COL_NAME  string             <null>         <null>        4000                  4000          0         false            false            false       true                  1           false       true          true      true        
REF_GENERATION             12             test            java.lang.String    REF_GENERATION             string             <null>         <null>        4000                  4000          0         false            false            false       true                  1           false       true          true      true        
IsPhysical                 -7             test            java.lang.Boolean   ISPHYSICAL                 boolean            SYS            Tables        5                     1             0         false            false            false       false                 0           true        true          false     false       
string                                                             string                                                             string                                                             string                                                             string                                                             string                                                             string                                                             string                                                             string                                                             string                                                             boolean   
TABLE_CAT                                                          TABLE_SCHEM                                                        TABLE_NAME                                                         TABLE_TYPE                                                         REMARKS                                                            TYPE_CAT                                                           TYPE_SCHEM                                                         TYPE_NAME                                                          SELF_REFERENCING_COL_NAME                                          REF_GENERATION                                                     ISPHYSICAL
Row Count : 0
getColumnName              getColumnType  getCatalogName  getColumnClassName  getColumnLabel             getColumnTypeName  getSchemaName  getTableName  getColumnDisplaySize  getPrecision  getScale  isAutoIncrement  isCaseSensitive  isCurrency  isDefinitelyWritable  isNullable  isReadOnly  isSearchable  isSigned  isWritable  
VDBName                    12             test            java.lang.String    TABLE_CAT                  string             SYS            Tables        255                   255           0         false            true             false       false                 1           true        true          false     false       
SchemaName                 12             test            java.lang.String    TABLE_SCHEM                string             SYS            Tables        255                   255           0         false            true             false       false                 1           true        true          false     false       
Name                       12             test            java.lang.String    TABLE_NAME                 string             SYS            Tables        255                   255           0         false            true             false       false                 0           true        true          false     false       
TABLE_TYPE                 12             test            java.lang.String    TABLE_TYPE                 string             <null>         <null>        4000                  4000          0         false            false            false       true                  1           false       true          true      true        
Description                12             test            java.lang.String    REMARKS                    string             SYS            Tables        255                   255           0         false            true             false       false                 1           true        true          false     false       
TYPE_CAT                   12             test            java.lang.String    TYPE_CAT                   string             <null>         <null>        4000                  4000          0         false            false            false       true                  1           false       true          true      true        
TYPE_SCHEM                 12             test            java.lang.String    TYPE_SCHEM                 string             <null>         <null>        4000                  4000          0         false            false            false       true                  1           false       true          true      true        
TYPE_NAME                  12             test            java.lang.String    TYPE_NAME                  string             <null>         <null>        4000                  4000          0         false            false            false       true                  1           false       true          true      true        
SELF_REFERENCING_COL_NAME  12             test            java.lang.String    SELF_REFERENCING_COL_NAME  string             <null>         <null>        4000                  4000          0         false            false            false       true                  1           false       true          true      true        
REF_GENERATION             12             test            java.lang.String    REF_GENERATION             string             <null>         <null>        4000                  4000          0         false            false            false       true                  1           false       true          true      true        
IsPhysical                 -7             test            java.lang.Boolean   ISPHYSICAL                 boolean            SYS            Tables        5                     1             0         false            false            false       false                 0           true        true          false     false       
