int4         varchar                                                            bool       int4         int2      oidvector    _text                                                              _char        _oid            int4        
oid          proname                                                            proretset  prorettype   pronargs  proargtypes  proargnames                                                        proargmodes  proallargtypes  pronamespace
345          isLoggable                                                         false      2278         2         1043 1043    {"level","context"}                                                <null>       <null>          325         
349          logMsg                                                             false      2278         3         1043 1043 2$ {"level","context","msg"}                                          <null>       {1043,1043,228$ 325         
354          refreshMatView                                                     false      2278         2         1043 16      {"ViewName","Invalidate"}                                          <null>       {1043,16}       325         
358          refreshMatViewRow                                                  false      2278         2         1043 2283    {"ViewName","Key"}                                                 <null>       {1043,2283}     325         
362          setColumnStats                                                     false      2278         6         1043 1043 2$ {"tableName","columnName","distinctCount","nullCount","max","min"$ <null>       {1043,1043,23,$ 325         
369          setProperty                                                        false      2278         3         1043 1043 1$ {"UID","Name","Value"}                                             <null>       {1043,1043,149$ 325         
374          setTableStats                                                      false      2278         2         1043 23      {"tableName","cardinality"}                                        <null>       {1043,23}       325         
Row Count : 7
getColumnName   getColumnType  getCatalogName  getColumnClassName  getColumnLabel  getColumnTypeName  getSchemaName  getTableName  getColumnDisplaySize  getPrecision  getScale  isAutoIncrement  isCaseSensitive  isCurrency  isDefinitelyWritable  isNullable  isReadOnly  isSearchable  isSigned  isWritable  
oid             4                              java.lang.Integer   oid             int4                                            11                    10            0         false            false            false       false                 1           false       true          true      true        
proname         12                             java.lang.String    proname         varchar                                         4000                  4000          0         false            true             false       false                 1           false       true          false     true        
proretset       -7                             java.lang.Boolean   proretset       bool                                            1                     1             0         false            false            false       false                 1           false       true          false     true        
prorettype      4                              java.lang.Integer   prorettype      int4                                            11                    10            0         false            false            false       false                 1           false       true          true      true        
pronargs        5                              java.lang.Integer   pronargs        int2                                            6                     5             0         false            false            false       false                 1           false       true          true      true        
proargtypes     1111                           java.lang.Object    proargtypes     oidvector                                       10                    10            0         false            false            false       false                 1           false       true          false     true        
proargnames     2003                           java.sql.Array      proargnames     _text                                           2147483647            2147483647    0         false            true             false       false                 1           false       true          false     true        
proargmodes     2003                           java.sql.Array      proargmodes     _char                                           1                     1             0         false            true             false       false                 1           false       true          false     true        
proallargtypes  2003                           java.sql.Array      proallargtypes  _oid                                            10                    10            0         false            false            false       false                 1           false       true          false     true        
pronamespace    4                              java.lang.Integer   pronamespace    int4                                            11                    10            0         false            false            false       false                 1           false       true          true      true        
