varchar                                                            varchar                                                            varchar                                                            varchar               varchar                                                            bool        bool             varchar                                             int4         varchar                                                            bool      bool            int4       
vdbname                                                            schemaname                                                         name                                                               type                  nameinsource                                                       isphysical  supportsupdates  uid                                                 cardinality  description                                                        issystem  ismaterialized  oid        
parts                                                              SYS                                                                Columns                                                            Table                 <null>                                                             true        false            tid:2cb59cfd55db-9bd42fbd-00000001                  -1           <null>                                                             true      false           <null>     
parts                                                              SYS                                                                DataTypes                                                          Table                 <null>                                                             true        false            tid:2cb59cfd55db-6130d2cf-00000025                  -1           <null>                                                             true      false           <null>     
parts                                                              SYS                                                                KeyColumns                                                         Table                 <null>                                                             true        false            tid:2cb59cfd55db-c5c6549e-0000003b                  -1           <null>                                                             true      false           <null>     
parts                                                              SYS                                                                Keys                                                               Table                 <null>                                                             true        false            tid:2cb59cfd55db-0023a214-00000049                  -1           <null>                                                             true      false           <null>     
parts                                                              SYSADMIN                                                           MatViews                                                           Table                 <null>                                                             true        false            tid:60b87e792634-14d6450e-00000001                  -1           <null>                                                             true      false           <null>     
parts                                                              PartsSupplier                                                      PARTSSUPPLIER.PARTS                                                Table                 PARTS                                                              true        true             mmuuid:f6276601-73fe-1edc-a81c-ecf397b10590         16           <null>                                                             false     false           <null>     
parts                                                              PartsSupplier                                                      PARTSSUPPLIER.SHIP_VIA                                             Table                 SHIP_VIA                                                           true        true             mmuuid:0f4e9b80-73ff-1edc-a81c-ecf397b10590         4            <null>                                                             false     false           <null>     
parts                                                              PartsSupplier                                                      PARTSSUPPLIER.STATUS                                               Table                 STATUS                                                             true        true             mmuuid:1f297200-73ff-1edc-a81c-ecf397b10590         3            <null>                                                             false     false           <null>     
parts                                                              PartsSupplier                                                      PARTSSUPPLIER.SUPPLIER                                             Table                 SUPPLIER                                                           true        true             mmuuid:2c371ec0-73ff-1edc-a81c-ecf397b10590         16           <null>                                                             false     false           <null>     
parts                                                              PartsSupplier                                                      PARTSSUPPLIER.SUPPLIER_PARTS                                       Table                 SUPPLIER_PARTS                                                     true        true             mmuuid:3deafb00-73ff-1edc-a81c-ecf397b10590         227          <null>                                                             false     false           <null>     
parts                                                              SYS                                                                ProcedureParams                                                    Table                 <null>                                                             true        false            tid:2cb59cfd55db-ab347619-00000058                  -1           <null>                                                             true      false           <null>     
parts                                                              SYS                                                                Procedures                                                         Table                 <null>                                                             true        false            tid:2cb59cfd55db-8f29b420-0000006d                  -1           <null>                                                             true      false           <null>     
parts                                                              SYS                                                                Properties                                                         Table                 <null>                                                             true        false            tid:2cb59cfd55db-3f9f6953-00000079                  -1           <null>                                                             true      false           <null>     
parts                                                              SYS                                                                ReferenceKeyColumns                                                Table                 <null>                                                             true        false            tid:2cb59cfd55db-aa92fa09-00000080                  -1           <null>                                                             true      false           <null>     
parts                                                              SYS                                                                Schemas                                                            Table                 <null>                                                             true        false            tid:2cb59cfd55db-d57e16d2-0000008f                  -1           <null>                                                             true      false           <null>     
parts                                                              SYS                                                                Tables                                                             Table                 <null>                                                             true        false            tid:2cb59cfd55db-94dc2a85-00000099                  -1           <null>                                                             true      false           <null>     
parts                                                              SYSADMIN                                                           Triggers                                                           Table                 <null>                                                             true        false            tid:60b87e792634-5d71c5db-00000010                  -1           <null>                                                             true      false           <null>     
parts                                                              SYSADMIN                                                           VDBResources                                                       Table                 <null>                                                             true        false            tid:60b87e792634-1e9b1131-0000000c                  -1           <null>                                                             true      false           <null>     
parts                                                              SYS                                                                VirtualDatabases                                                   Table                 <null>                                                             true        false            tid:2cb59cfd55db-a9e11fad-000000aa                  -1           <null>                                                             true      false           <null>     
parts                                                              pg_catalog                                                         matpg_datatype                                                     Table                 <null>                                                             false       false            tid:7ff2755e9621-e544c1cc-0000006a                  -1           <null>                                                             true      true            <null>     
parts                                                              pg_catalog                                                         matpg_relatt                                                       Table                 <null>                                                             false       false            tid:7ff2755e9621-75d65150-00000060                  -1           <null>                                                             true      true            <null>     
parts                                                              pg_catalog                                                         pg_am                                                              Table                 <null>                                                             false       false            tid:7ff2755e9621-065a8b74-00000033                  -1           <null>                                                             true      false           <null>     
parts                                                              pg_catalog                                                         pg_attrdef                                                         Table                 <null>                                                             false       false            tid:7ff2755e9621-ec00662c-0000004c                  -1           <null>                                                             true      false           <null>     
parts                                                              pg_catalog                                                         pg_attribute                                                       Table                 <null>                                                             false       false            tid:7ff2755e9621-edc4ea54-0000000f                  -1           <null>                                                             true      true            <null>     
parts                                                              pg_catalog                                                         pg_class                                                           Table                 <null>                                                             false       false            tid:7ff2755e9621-62e78530-00000004                  -1           <null>                                                             true      true            <null>     
parts                                                              pg_catalog                                                         pg_database                                                        Table                 <null>                                                             false       false            tid:7ff2755e9621-dda8fac3-00000051                  -1           <null>                                                             true      false           <null>     
parts                                                              pg_catalog                                                         pg_description                                                     Table                 <null>                                                             false       false            tid:7ff2755e9621-3be1b5b4-00000072                  -1           <null>                                                             true      false           <null>     
parts                                                              pg_catalog                                                         pg_index                                                           Table                 <null>                                                             false       false            tid:7ff2755e9621-633d048a-00000027                  -1           <null>                                                             true      true            <null>     
parts                                                              pg_catalog                                                         pg_namespace                                                       Table                 <null>                                                             false       false            tid:7ff2755e9621-37a09513-00000001                  -1           <null>                                                             true      false           <null>     
parts                                                              pg_catalog                                                         pg_proc                                                            Table                 <null>                                                             false       false            tid:7ff2755e9621-d9ec709e-00000036                  -1           <null>                                                             true      true            <null>     
parts                                                              pg_catalog                                                         pg_trigger                                                         Table                 <null>                                                             false       false            tid:7ff2755e9621-d50d2370-00000042                  -1           <null>                                                             true      false           <null>     
parts                                                              pg_catalog                                                         pg_type                                                            Table                 <null>                                                             false       false            tid:7ff2755e9621-d9ee5c82-0000001b                  -1           <null>                                                             true      true            <null>     
parts                                                              pg_catalog                                                         pg_user                                                            Table                 <null>                                                             false       false            tid:7ff2755e9621-d9eeb913-0000005b                  -1           <null>                                                             true      false           <null>     
Row Count : 33
getColumnName    getColumnType  getCatalogName  getColumnClassName  getColumnLabel   getColumnTypeName  getSchemaName  getTableName  getColumnDisplaySize  getPrecision  getScale  isAutoIncrement  isCaseSensitive  isCurrency  isDefinitelyWritable  isNullable  isReadOnly  isSearchable  isSigned  isWritable  
vdbname          12                             java.lang.String    vdbname          varchar                                         255                   255           0         false            true             false       false                 1           false       true          false     true        
schemaname       12                             java.lang.String    schemaname       varchar                                         255                   255           0         false            true             false       false                 1           false       true          false     true        
name             12                             java.lang.String    name             varchar                                         255                   255           0         false            true             false       false                 0           false       true          false     true        
type             12                             java.lang.String    type             varchar                                         20                    20            0         false            true             false       false                 0           false       true          false     true        
nameinsource     12                             java.lang.String    nameinsource     varchar                                         255                   255           0         false            true             false       false                 1           false       true          false     true        
isphysical       -7                             java.lang.Boolean   isphysical       bool                                            1                     1             0         false            false            false       false                 0           false       true          false     true        
supportsupdates  -7                             java.lang.Boolean   supportsupdates  bool                                            1                     1             0         false            false            false       false                 0           false       true          false     true        
uid              12                             java.lang.String    uid              varchar                                         50                    50            0         false            true             false       false                 0           false       true          false     true        
cardinality      4                              java.lang.Integer   cardinality      int4                                            11                    10            0         false            false            false       false                 0           false       true          true      true        
description      12                             java.lang.String    description      varchar                                         255                   255           0         false            true             false       false                 1           false       true          false     true        
issystem         -7                             java.lang.Boolean   issystem         bool                                            1                     1             0         false            false            false       false                 1           false       true          false     true        
ismaterialized   -7                             java.lang.Boolean   ismaterialized   bool                                            1                     1             0         false            false            false       false                 0           false       true          false     true        
oid              4                              java.lang.Integer   oid              int4                                            11                    10            0         false            false            false       false                 1           false       true          true      true        
